01-01 07:14:57.470   917  9155 W ActivityManager: Force removing ActivityRecord{d7040e2 u0 com.youdao.dict/.activity.MainActivity t45}: app died, no saved state
01-01 07:14:57.493   917  9155 D ActivityManager: finishRunningVoiceLocked()  >>>>
01-01 07:14:57.504   917  9155 I ActivityManager: Killing 12184:com.youdao.dict:yddictclip/u0a103 (adj 500): stop com.youdao.dict
01-01 07:14:57.554   917  9155 W ActivityManager: Scheduling restart of crashed service com.youdao.dict/.backend.ClipboardWatcher in 1000ms
01-01 07:14:57.555   917  9155 I ActivityManager:   Force stopping service ServiceRecord{2350a3a u0 com.youdao.dict/.backend.ClipboardWatcher}
01-01 07:14:57.559   917  1486 W ActivityManager: Spurious death for ProcessRecord{ebdee14 0:com.youdao.dict/u0a103}, curProc for 12159: null
01-01 07:14:57.562   917  1487 W ActivityManager: Spurious death for ProcessRecord{ce0a6bd 0:com.youdao.dict:yddictclip/u0a103}, curProc for 12184: null
01-01 07:14:58.417   917   930 I ActivityManager: Force stopping com.youdao.dict appid=10103 user=-1: uninstall pkg
01-01 07:14:58.685   917   940 I ActivityManager: Force stopping com.youdao.dict appid=10103 user=0: pkg removed
01-01 07:15:25.481   917   940 I PackageManager: Verification timed out for file:///data/app/vmdl1853391230.tmp
01-01 07:15:25.481   917   940 I PackageManager: Continuing with installation of file:///data/app/vmdl1853391230.tmp
01-01 07:15:28.408   917   940 W PackageManager: Not granting permission android.permission.MOUNT_UNMOUNT_FILESYSTEMS to package com.youdao.dict (protectionLevel=18 flags=0x3808be44)
01-01 07:15:28.408   917   940 W PackageManager: Unknown permission android.permission.SYSTEM_OVERLAY_WINDOW in package com.youdao.dict
01-01 07:15:28.408   917   940 W PackageManager: Not granting permission android.permission.ACCESS_DOWNLOAD_MANAGER to package com.youdao.dict (protectionLevel=18 flags=0x3808be44)
01-01 07:15:28.408   917   940 W PackageManager: Unknown permission android.permission.READ_SETTINGS in package com.youdao.dict
01-01 07:15:28.408   917   940 W PackageManager: Not granting permission android.permission.READ_LOGS to package com.youdao.dict (protectionLevel=50 flags=0x3808be44)
01-01 07:15:28.511   917   940 E PackageManager: Failed to create app data for com.youdao.dict: com.android.internal.os.InstallerConnection$InstallerException: Failed to execute create_app_data [null, com.youdao.dict, 0, 3, 10104, default, 15]: -1
01-01 07:15:29.706   917  9155 I ActivityManager: START u0 {act=android.intent.action.MAIN cat=[android.intent.category.LAUNCHER] flg=0x10200000 cmp=com.youdao.dict/.activity.DictSplashActivity} from uid 2000 on display 0
01-01 07:15:29.714   917  9155 D ActivityManager: finishRunningVoiceLocked()  >>>>
01-01 07:15:31.599   917   935 I ActivityManager: Displayed com.youdao.dict/.activity.DictSplashActivity: +1s853ms
01-01 07:15:31.609   917  9155 I ActivityManager: START u0 {cmp=com.youdao.dict/.activity.DictGuideActivity} from uid 10104 on display 0
01-01 07:15:31.613   917  9155 D ActivityManager: finishRunningVoiceLocked()  >>>>
01-01 07:15:32.234   917   935 I ActivityManager: Displayed com.youdao.dict/.activity.DictGuideActivity: +494ms
01-01 07:15:39.198   917   940 W PackageManager: Invalid verification token 7 received
01-01 07:15:40.709   917  1487 I ActivityManager: Force stopping com.youdao.dict appid=10104 user=0: from pid 12554
01-01 07:15:40.710   917  1487 I ActivityManager: Killing 12514:com.netease.pomelo.push.l.messageservice_V2/u0a104 (adj 100): stop com.youdao.dict
01-01 07:15:40.814   917  1487 W ActivityManager: Scheduling restart of crashed service com.youdao.dict/com.netease.pushservice.core.PushLMessageService_V2 in 1000ms
01-01 07:15:40.816   917  1487 I ActivityManager: Killing 12425:com.youdao.dict/u0a104 (adj 0): stop com.youdao.dict
01-01 07:15:40.932   917  1487 W ActivityManager: Scheduling restart of crashed service com.youdao.dict/com.youdao.mdict.push.PushService in 10881ms
01-01 07:15:40.933   917  1487 W ActivityManager: Force removing ActivityRecord{ae63fbe u0 com.youdao.dict/.activity.DictGuideActivity t45}: app died, no saved state
01-01 07:15:40.939   917  1487 D ActivityManager: finishRunningVoiceLocked()  >>>>
01-01 07:15:40.954   917  1487 I ActivityManager:   Force stopping service ServiceRecord{54fae72 u0 com.youdao.dict/com.netease.pushservice.core.PushLMessageService_V2}
01-01 07:15:40.956   917  1484 W ActivityManager: Spurious death for ProcessRecord{22531ff 0:com.netease.pomelo.push.l.messageservice_V2/u0a104}, curProc for 12514: null
01-01 07:15:40.957   917  5197 W ActivityManager: Spurious death for ProcessRecord{de24346 0:com.youdao.dict/u0a104}, curProc for 12425: null
01-01 07:15:41.832   917  5197 I ActivityManager: START u0 {act=android.intent.action.MAIN cat=[android.intent.category.LAUNCHER] flg=0x10200000 cmp=com.youdao.dict/.activity.DictSplashActivity} from uid 2000 on display 0
01-01 07:15:41.836   917  5197 D ActivityManager: finishRunningVoiceLocked()  >>>>
01-01 07:15:43.748   917   927 I ActivityManager: START u0 {cmp=com.youdao.dict/.activity.MainActivity (has extras)} from uid 10104 on display 0
01-01 07:15:43.751   917   927 D ActivityManager: finishRunningVoiceLocked()  >>>>
01-01 07:15:44.678   917   935 I ActivityManager: Displayed com.youdao.dict/.activity.MainActivity: +909ms (total +2s818ms)
01-01 07:15:51.856   917   930 W ActivityManager: Launch timeout has expired, giving up wake lock!
01-01 07:15:52.887   917  3354 I ActivityManager: Force stopping com.youdao.dict appid=10104 user=0: from pid 12762
01-01 07:15:52.887   917  3354 I ActivityManager: Killing 12662:com.netease.pomelo.push.l.messageservice_V2/u0a104 (adj 100): stop com.youdao.dict
01-01 07:15:52.952   917  3354 W ActivityManager: Scheduling restart of crashed service com.youdao.dict/com.netease.pushservice.core.PushLMessageService_V2 in 1000ms
01-01 07:15:52.952   917  3354 I ActivityManager: Killing 12579:com.youdao.dict/u0a104 (adj 0): stop com.youdao.dict
01-01 07:15:53.103   917  3354 W ActivityManager: Scheduling restart of crashed service com.youdao.dict/com.youdao.mdict.push.PushService in 10849ms
01-01 07:15:53.112   917  3354 W ActivityManager: Force removing ActivityRecord{20bbb65 u0 com.youdao.dict/.activity.MainActivity t46}: app died, no saved state
01-01 07:15:53.126   917  3354 D ActivityManager: finishRunningVoiceLocked()  >>>>
01-01 07:15:53.139   917  3354 I ActivityManager: Killing 12695:com.youdao.dict:yddictclip/u0a104 (adj 500): stop com.youdao.dict
01-01 07:15:53.200   917  3354 W ActivityManager: Scheduling restart of crashed service com.youdao.dict/.backend.ClipboardWatcher in 10752ms
01-01 07:15:53.202   917  3354 I ActivityManager:   Force stopping service ServiceRecord{d001e53 u0 com.youdao.dict/.backend.ClipboardWatcher}
01-01 07:15:53.202   917  3354 I ActivityManager:   Force stopping service ServiceRecord{8afa606 u0 com.youdao.dict/com.netease.pushservice.core.PushLMessageService_V2}
01-01 07:15:53.208   917 12096 W ActivityManager: Spurious death for ProcessRecord{6ad54b5 0:com.netease.pomelo.push.l.messageservice_V2/u0a104}, curProc for 12662: null
01-01 07:15:53.209   917  1488 W ActivityManager: Spurious death for ProcessRecord{4ba9f66 0:com.youdao.dict/u0a104}, curProc for 12579: null
01-01 07:15:53.210   917  9155 W ActivityManager: Spurious death for ProcessRecord{9a674a 0:com.youdao.dict:yddictclip/u0a104}, curProc for 12695: null
01-01 07:15:54.226   917  1488 I ActivityManager: START u0 {act=android.intent.action.MAIN cat=[android.intent.category.LAUNCHER] flg=0x10200000 cmp=com.youdao.dict/.activity.DictSplashActivity} from uid 2000 on display 0
01-01 07:15:54.235   917  1488 D ActivityManager: finishRunningVoiceLocked()  >>>>
01-01 07:15:55.945   917  1487 I ActivityManager: START u0 {cmp=com.youdao.dict/.activity.MainActivity (has extras)} from uid 10104 on display 0
01-01 07:15:55.960   917  1487 D ActivityManager: finishRunningVoiceLocked()  >>>>
01-01 07:15:56.726   917   935 I ActivityManager: Displayed com.youdao.dict/.activity.MainActivity: +738ms (total +2s457ms)
01-01 07:15:58.749   917   930 I ActivityManager: Waited long enough for: ServiceRecord{6d13acf u0 com.android.providers.downloads/.DownloadService}
01-01 07:16:04.269   917   930 W ActivityManager: Launch timeout has expired, giving up wake lock!
01-01 07:16:05.280   917 12096 I ActivityManager: Force stopping com.youdao.dict appid=10104 user=0: from pid 12955
01-01 07:16:05.280   917 12096 I ActivityManager: Killing 12872:com.netease.pomelo.push.l.messageservice_V2/u0a104 (adj 100): stop com.youdao.dict
01-01 07:16:05.339   917 12096 W ActivityManager: Scheduling restart of crashed service com.youdao.dict/com.netease.pushservice.core.PushLMessageService_V2 in 1000ms
01-01 07:16:05.340   917 12096 I ActivityManager: Killing 12787:com.youdao.dict/u0a104 (adj 0): stop com.youdao.dict
01-01 07:16:05.453   917 12096 W ActivityManager: Scheduling restart of crashed service com.youdao.dict/com.youdao.mdict.push.PushService in 10887ms
01-01 07:16:05.455   917 12096 W ActivityManager: Force removing ActivityRecord{90dc06f u0 com.youdao.dict/.activity.MainActivity t47}: app died, no saved state
01-01 07:16:05.478   917 12096 D ActivityManager: finishRunningVoiceLocked()  >>>>
01-01 07:16:05.499   917 12096 I ActivityManager: Killing 12894:com.youdao.dict:yddictclip/u0a104 (adj 500): stop com.youdao.dict
01-01 07:16:05.587   917 12096 W ActivityManager: Scheduling restart of crashed service com.youdao.dict/.backend.ClipboardWatcher in 10753ms
01-01 07:16:05.592   917 12096 I ActivityManager:   Force stopping service ServiceRecord{8dfd9f3 u0 com.youdao.dict/.backend.ClipboardWatcher}
01-01 07:16:05.592   917 12096 I ActivityManager:   Force stopping service ServiceRecord{7806a03 u0 com.youdao.dict/com.netease.pushservice.core.PushLMessageService_V2}
01-01 07:16:05.600   917  9155 W ActivityManager: Spurious death for ProcessRecord{84a9537 0:com.netease.pomelo.push.l.messageservice_V2/u0a104}, curProc for 12872: null
01-01 07:16:05.602   917  1483 W ActivityManager: Spurious death for ProcessRecord{1b325e3 0:com.youdao.dict/u0a104}, curProc for 12787: null
01-01 07:16:05.605   917  1488 W ActivityManager: Spurious death for ProcessRecord{c27aa4 0:com.youdao.dict:yddictclip/u0a104}, curProc for 12894: null
01-01 07:16:06.575   917   928 I ActivityManager: START u0 {act=android.intent.action.MAIN cat=[android.intent.category.LAUNCHER] flg=0x10200000 cmp=com.youdao.dict/.activity.DictSplashActivity} from uid 2000 on display 0
01-01 07:16:06.587   917   928 D ActivityManager: finishRunningVoiceLocked()  >>>>
01-01 07:16:08.199   917  1485 I ActivityManager: START u0 {cmp=com.youdao.dict/.activity.MainActivity (has extras)} from uid 10104 on display 0
01-01 07:16:08.207   917  1485 D ActivityManager: finishRunningVoiceLocked()  >>>>
01-01 07:16:09.076   917   935 I ActivityManager: Displayed com.youdao.dict/.activity.MainActivity: +776ms (total +2s460ms)
01-01 07:16:16.609   917   930 W ActivityManager: Launch timeout has expired, giving up wake lock!
01-01 07:16:17.788   917  9155 I ActivityManager: Force stopping com.youdao.dict appid=10104 user=0: from pid 13143
01-01 07:16:17.788   917  9155 I ActivityManager: Killing 13064:com.netease.pomelo.push.l.messageservice_V2/u0a104 (adj 100): stop com.youdao.dict
01-01 07:16:17.856   917  9155 W ActivityManager: Scheduling restart of crashed service com.youdao.dict/com.netease.pushservice.core.PushLMessageService_V2 in 1000ms
01-01 07:16:17.858   917  9155 I ActivityManager: Killing 12981:com.youdao.dict/u0a104 (adj 0): stop com.youdao.dict
01-01 07:16:17.990   917  9155 W ActivityManager: Scheduling restart of crashed service com.youdao.dict/com.youdao.mdict.push.PushService in 10866ms
01-01 07:16:17.992   917  9155 W ActivityManager: Force removing ActivityRecord{e3c647a u0 com.youdao.dict/.activity.MainActivity t48}: app died, no saved state
01-01 07:16:18.012   917  9155 D ActivityManager: finishRunningVoiceLocked()  >>>>
01-01 07:16:18.032   917  9155 I ActivityManager: Killing 13093:com.youdao.dict:yddictclip/u0a104 (adj 500): stop com.youdao.dict
01-01 07:16:18.139   917  9155 W ActivityManager: Scheduling restart of crashed service com.youdao.dict/.backend.ClipboardWatcher in 10718ms
01-01 07:16:18.143   917  9155 I ActivityManager:   Force stopping service ServiceRecord{d9fd9d0 u0 com.youdao.dict/.backend.ClipboardWatcher}
01-01 07:16:18.144   917  9155 I ActivityManager:   Force stopping service ServiceRecord{4bcc0ff u0 com.youdao.dict/com.netease.pushservice.core.PushLMessageService_V2}
01-01 07:16:18.152   917  5197 W ActivityManager: Spurious death for ProcessRecord{9e851f5 0:com.netease.pomelo.push.l.messageservice_V2/u0a104}, curProc for 13064: null
01-01 07:16:18.153   917  1485 W ActivityManager: Spurious death for ProcessRecord{619583d 0:com.youdao.dict/u0a104}, curProc for 12981: null
01-01 07:16:18.163   917  1488 W ActivityManager: Spurious death for ProcessRecord{961bb8a 0:com.youdao.dict:yddictclip/u0a104}, curProc for 13093: null
01-01 07:16:19.101   917   928 I ActivityManager: START u0 {act=android.intent.action.MAIN cat=[android.intent.category.LAUNCHER] flg=0x10200000 cmp=com.youdao.dict/.activity.DictSplashActivity} from uid 2000 on display 0
01-01 07:16:19.103   917   928 D ActivityManager: finishRunningVoiceLocked()  >>>>
01-01 07:16:20.796   917  3354 I ActivityManager: START u0 {cmp=com.youdao.dict/.activity.MainActivity (has extras)} from uid 10104 on display 0
01-01 07:16:20.804   917  3354 D ActivityManager: finishRunningVoiceLocked()  >>>>
01-01 07:16:21.602   917   935 I ActivityManager: Displayed com.youdao.dict/.activity.MainActivity: +777ms (total +2s460ms)
01-01 07:16:29.109   917   930 W ActivityManager: Launch timeout has expired, giving up wake lock!
01-01 07:16:30.075   917  1487 I ActivityManager: Force stopping com.youdao.dict appid=10104 user=0: from pid 13336
01-01 07:16:30.076   917  1487 I ActivityManager: Killing 13254:com.netease.pomelo.push.l.messageservice_V2/u0a104 (adj 100): stop com.youdao.dict
01-01 07:16:30.151   917  1487 W ActivityManager: Scheduling restart of crashed service com.youdao.dict/com.netease.pushservice.core.PushLMessageService_V2 in 1000ms
01-01 07:16:30.152   917  1487 I ActivityManager: Killing 13168:com.youdao.dict/u0a104 (adj 0): stop com.youdao.dict
01-01 07:16:30.259   917  1487 W ActivityManager: Scheduling restart of crashed service com.youdao.dict/com.youdao.mdict.push.PushService in 10892ms
01-01 07:16:30.260   917  1487 W ActivityManager: Force removing ActivityRecord{ee49baf u0 com.youdao.dict/.activity.MainActivity t49}: app died, no saved state
01-01 07:16:30.266   917  1487 D ActivityManager: finishRunningVoiceLocked()  >>>>
01-01 07:16:30.279   917  1487 I ActivityManager: Killing 13283:com.youdao.dict:yddictclip/u0a104 (adj 500): stop com.youdao.dict
01-01 07:16:30.372   917  1487 W ActivityManager: Scheduling restart of crashed service com.youdao.dict/.backend.ClipboardWatcher in 10778ms
01-01 07:16:30.373   917  1487 I ActivityManager:   Force stopping service ServiceRecord{be5dcf0 u0 com.youdao.dict/.backend.ClipboardWatcher}
01-01 07:16:30.374   917  1487 I ActivityManager:   Force stopping service ServiceRecord{c7c6143 u0 com.youdao.dict/com.netease.pushservice.core.PushLMessageService_V2}
01-01 07:16:30.376   917   928 W ActivityManager: Spurious death for ProcessRecord{1626220 0:com.netease.pomelo.push.l.messageservice_V2/u0a104}, curProc for 13254: null
01-01 07:16:30.377   917  3354 W ActivityManager: Spurious death for ProcessRecord{e7c83ab 0:com.youdao.dict/u0a104}, curProc for 13168: null
01-01 07:16:30.387   917  1482 W ActivityManager: Spurious death for ProcessRecord{589b7d9 0:com.youdao.dict:yddictclip/u0a104}, curProc for 13283: null
01-01 07:16:31.385   917  5197 I ActivityManager: START u0 {act=android.intent.action.MAIN cat=[android.intent.category.LAUNCHER] flg=0x10200000 cmp=com.youdao.dict/.activity.DictSplashActivity} from uid 2000 on display 0
01-01 07:16:31.397   917  5197 D ActivityManager: finishRunningVoiceLocked()  >>>>
01-01 07:16:33.137   917   935 I ActivityManager: Displayed com.youdao.dict/.activity.DictSplashActivity: +1s728ms
01-01 07:16:33.142   917  3354 I ActivityManager: START u0 {cmp=com.youdao.dict/.activity.MainActivity (has extras)} from uid 10104 on display 0
01-01 07:16:33.149   917  3354 D ActivityManager: finishRunningVoiceLocked()  >>>>
01-01 07:16:33.906   917   935 I ActivityManager: Displayed com.youdao.dict/.activity.MainActivity: +728ms
01-01 07:16:41.412   917   930 W ActivityManager: Launch timeout has expired, giving up wake lock!
01-01 07:16:43.454   917   928 I ActivityManager: Force stopping com.youdao.dict appid=10104 user=0: from pid 13526
01-01 07:16:43.454   917   928 I ActivityManager: Killing 13448:com.netease.pomelo.push.l.messageservice_V2/u0a104 (adj 100): stop com.youdao.dict
01-01 07:16:43.553   917   928 W ActivityManager: Scheduling restart of crashed service com.youdao.dict/com.netease.pushservice.core.PushLMessageService_V2 in 1000ms
01-01 07:16:43.554   917   928 I ActivityManager: Killing 13362:com.youdao.dict/u0a104 (adj 0): stop com.youdao.dict
01-01 07:16:43.659   917   928 W ActivityManager: Scheduling restart of crashed service com.youdao.dict/com.youdao.mdict.push.PushService in 10894ms
01-01 07:16:43.664   917   928 W ActivityManager: Force removing ActivityRecord{a69af62 u0 com.youdao.dict/.activity.MainActivity t50}: app died, no saved state
01-01 07:16:43.678   917   928 D ActivityManager: finishRunningVoiceLocked()  >>>>
01-01 07:16:43.704   917   928 I ActivityManager: Killing 13471:com.youdao.dict:yddictclip/u0a104 (adj 500): stop com.youdao.dict
01-01 07:16:43.803   917   928 W ActivityManager: Scheduling restart of crashed service com.youdao.dict/.backend.ClipboardWatcher in 10751ms
01-01 07:16:43.808   917   928 I ActivityManager:   Force stopping service ServiceRecord{bb8cd36 u0 com.youdao.dict/.backend.ClipboardWatcher}
01-01 07:16:43.809   917   928 I ActivityManager:   Force stopping service ServiceRecord{94fb686 u0 com.youdao.dict/com.netease.pushservice.core.PushLMessageService_V2}
01-01 07:16:43.819   917  1486 W ActivityManager: Spurious death for ProcessRecord{246e34b 0:com.netease.pomelo.push.l.messageservice_V2/u0a104}, curProc for 13448: null
01-01 07:16:43.820   917  1484 W ActivityManager: Spurious death for ProcessRecord{3041010 0:com.youdao.dict/u0a104}, curProc for 13362: null
01-01 07:16:43.829   917  3354 W ActivityManager: Spurious death for ProcessRecord{871d128 0:com.youdao.dict:yddictclip/u0a104}, curProc for 13471: null
01-01 07:16:44.718   917   930 I ActivityManager: Force stopping com.youdao.dict appid=10104 user=-1: uninstall pkg
01-01 07:16:44.760   917   940 I PackageManager: Removing old permission: com.aaron.permission.ACCESS_DOWNLOAD_MANAGER_ADVANCED from package com.youdao.dict
01-01 07:16:44.760   917   940 I PackageManager: Removing old permission: com.aaron.permission.ACCESS_DOWNLOAD_MANAGER from package com.youdao.dict
01-01 07:16:44.761   917   940 I PackageManager: Removing old permission: com.aaron.permission.SEND_DOWNLOAD_COMPLETED_INTENTS from package com.youdao.dict
01-01 07:16:45.003   917   940 I ActivityManager: Force stopping com.youdao.dict appid=10104 user=0: pkg removed
01-01 07:17:07.155   917   940 I PackageManager: Verification timed out for file:///data/app/vmdl728430291.tmp
01-01 07:17:07.156   917   940 I PackageManager: Continuing with installation of file:///data/app/vmdl728430291.tmp
01-01 07:17:09.198   917   940 W PackageManager: Not granting permission android.permission.MOUNT_UNMOUNT_FILESYSTEMS to package com.youdao.dict (protectionLevel=18 flags=0x1808be46)
01-01 07:17:09.198   917   940 W PackageManager: Unknown permission android.permission.SYSTEM_OVERLAY_WINDOW in package com.youdao.dict
01-01 07:17:09.198   917   940 W PackageManager: Not granting permission android.permission.ACCESS_DOWNLOAD_MANAGER to package com.youdao.dict (protectionLevel=18 flags=0x1808be46)
01-01 07:17:09.327   917   940 E PackageManager: Failed to create app data for com.youdao.dict: com.android.internal.os.InstallerConnection$InstallerException: Failed to execute create_app_data [null, com.youdao.dict, 0, 3, 10105, default, 13]: -1
01-01 07:17:10.423   917  1482 I ActivityManager: START u0 {act=android.intent.action.MAIN cat=[android.intent.category.LAUNCHER] flg=0x10200000 cmp=com.youdao.dict/.activity.DictSplashActivity} from uid 2000 on display 0
01-01 07:17:10.426   917  1482 D ActivityManager: finishRunningVoiceLocked()  >>>>
01-01 07:17:10.831   917   927 W ActivityManager: Unable to start service Intent { act=com.google.android.gms.analytics.service.START (has extras) } U=0: not found
01-01 07:17:11.557   917   935 I ActivityManager: Displayed com.youdao.dict/.activity.DictSplashActivity: +1s97ms
01-01 07:17:12.411   917  5197 I ActivityManager: START u0 {cmp=com.youdao.dict/.activity.DictGuideActivity} from uid 10105 on display 0
01-01 07:17:12.419   917  5197 D ActivityManager: finishRunningVoiceLocked()  >>>>
01-01 07:17:12.937   917   935 I ActivityManager: Displayed com.youdao.dict/.activity.DictGuideActivity: +489ms
01-01 07:17:15.842   917  9155 W ActivityManager: Unable to start service Intent { act=com.google.android.gms.analytics.service.START (has extras) } U=0: not found
01-01 07:17:19.933   917   940 W PackageManager: Invalid verification token 8 received
01-01 07:17:21.374   917  1486 I ActivityManager: Force stopping com.youdao.dict appid=10105 user=0: from pid 13701
01-01 07:17:21.375   917  1486 I ActivityManager: Killing 13658:com.youdao.dict/u0a105 (adj 0): stop com.youdao.dict
01-01 07:17:21.450   917  1486 W ActivityManager: Force removing ActivityRecord{ca78fc3 u0 com.youdao.dict/.activity.DictGuideActivity t50}: app died, no saved state
01-01 07:17:21.454   917  1486 D ActivityManager: finishRunningVoiceLocked()  >>>>
01-01 07:17:21.465   917  1482 W ActivityManager: Spurious death for ProcessRecord{77516a5 0:com.youdao.dict/u0a105}, curProc for 13658: null
01-01 07:17:22.344   917  1482 I ActivityManager: START u0 {act=android.intent.action.MAIN cat=[android.intent.category.LAUNCHER] flg=0x10200000 cmp=com.youdao.dict/.activity.DictSplashActivity} from uid 2000 on display 0
01-01 07:17:22.354   917  1482 D ActivityManager: finishRunningVoiceLocked()  >>>>
01-01 07:17:22.699   917   928 W ActivityManager: Unable to start service Intent { act=com.google.android.gms.analytics.service.START (has extras) } U=0: not found
01-01 07:17:23.172   917   935 I ActivityManager: Displayed com.youdao.dict/.activity.DictSplashActivity: +783ms
01-01 07:17:24.993   917  9155 I ActivityManager: START u0 {cmp=com.youdao.dict/.activity.MainActivity} from uid 10105 on display 0
01-01 07:17:25.018   917  9155 D ActivityManager: finishRunningVoiceLocked()  >>>>
01-01 07:17:25.389   917   928 W ActivityManager: Unable to start service Intent { act=com.google.android.gms.analytics.service.START (has extras) } U=0: not found
01-01 07:17:25.664   917  1483 W ActivityManager: Unable to start service Intent { act=com.google.android.gms.analytics.service.START (has extras) } U=0: not found
01-01 07:17:25.690   917  3354 W ActivityManager: Unable to start service Intent { act=com.google.android.gms.analytics.service.START (has extras) } U=0: not found
01-01 07:17:25.769   917 12096 I ActivityManager: Process com.youdao.dict:yddictpush (pid 13784) has died
01-01 07:17:25.770   917 12096 W ActivityManager: Scheduling restart of crashed service com.youdao.dict/com.youdao.note.statistics.UploadYNoteStatsServiece in 1000ms
01-01 07:17:25.888   917  1485 I ActivityManager: Process com.youdao.dict:yddictreview (pid 13795) has died
01-01 07:17:26.062   917   935 I ActivityManager: Displayed com.youdao.dict/.activity.MainActivity: +1s5ms
01-01 07:17:26.797   917  3354 W ActivityManager: Unable to start service Intent { act=com.google.android.gms.analytics.service.START (has extras) } U=0: not found
01-01 07:17:26.988   917  1483 I ActivityManager: Process com.youdao.dict:yddictpush (pid 13837) has died
01-01 07:17:27.708   917  1484 W ActivityManager: Unable to start service Intent { act=com.google.android.gms.analytics.service.START (has extras) } U=0: not found
01-01 07:17:30.394   917   927 W ActivityManager: Unable to start service Intent { act=com.google.android.gms.analytics.service.START (has extras) } U=0: not found
01-01 07:17:33.439   917  1484 I ActivityManager: Force stopping com.youdao.dict appid=10105 user=0: from pid 13864
01-01 07:17:33.439   917  1484 I ActivityManager: Killing 13725:com.youdao.dict/u0a105 (adj 0): stop com.youdao.dict
01-01 07:17:33.670   917  1484 W ActivityManager: Force removing ActivityRecord{4155dda u0 com.youdao.dict/.activity.MainActivity t51}: app died, no saved state
01-01 07:17:33.702   917  1484 D ActivityManager: finishRunningVoiceLocked()  >>>>
01-01 07:17:33.717   917  1484 I ActivityManager: Killing 13752:com.youdao.dict:yddictclip/u0a105 (adj 500): stop com.youdao.dict
01-01 07:17:33.827   917  1484 W ActivityManager: Scheduling restart of crashed service com.youdao.dict/.backend.ClipboardWatcher in 1000ms
01-01 07:17:33.839   917  1484 I ActivityManager:   Force stopping service ServiceRecord{e7d9b01 u0 com.youdao.dict/.backend.ClipboardWatcher}
01-01 07:17:33.849   917  1482 W ActivityManager: Spurious death for ProcessRecord{20ac706 0:com.youdao.dict/u0a105}, curProc for 13725: null
01-01 07:17:33.852   917 12096 W ActivityManager: Spurious death for ProcessRecord{bdec1c7 0:com.youdao.dict:yddictclip/u0a105}, curProc for 13752: null
01-01 07:17:35.461   917  1486 I ActivityManager: START u0 {act=android.intent.action.MAIN cat=[android.intent.category.LAUNCHER] flg=0x10200000 cmp=com.youdao.dict/.activity.DictSplashActivity} from uid 2000 on display 0
01-01 07:17:35.463   917  1486 D ActivityManager: finishRunningVoiceLocked()  >>>>
01-01 07:17:35.710   917  9155 W ActivityManager: Unable to start service Intent { act=com.google.android.gms.analytics.service.START (has extras) } U=0: not found
01-01 07:17:36.198   917   935 I ActivityManager: Displayed com.youdao.dict/.activity.DictSplashActivity: +706ms
01-01 07:17:38.062   917  5197 I ActivityManager: START u0 {cmp=com.youdao.dict/.activity.MainActivity} from uid 10105 on display 0
01-01 07:17:38.072   917  5197 D ActivityManager: finishRunningVoiceLocked()  >>>>
01-01 07:17:38.641   917  9155 W ActivityManager: Unable to start service Intent { act=com.google.android.gms.analytics.service.START (has extras) } U=0: not found
01-01 07:17:38.647   917  1483 W ActivityManager: Unable to start service Intent { act=com.google.android.gms.analytics.service.START (has extras) } U=0: not found
01-01 07:17:38.756   917 12096 W ActivityManager: Unable to start service Intent { act=com.google.android.gms.analytics.service.START (has extras) } U=0: not found
01-01 07:17:38.768   917  1484 I ActivityManager: Process com.youdao.dict:yddictpush (pid 13931) has died
01-01 07:17:38.768   917  1484 W ActivityManager: Scheduling restart of crashed service com.youdao.dict/com.youdao.note.statistics.UploadYNoteStatsServiece in 1000ms
01-01 07:17:38.966   917   935 I ActivityManager: Displayed com.youdao.dict/.activity.MainActivity: +844ms
01-01 07:17:38.986   917  1483 I ActivityManager: Process com.youdao.dict:yddictreview (pid 13939) has died
01-01 07:17:39.744   917  1484 W ActivityManager: Unable to start service Intent { act=com.google.android.gms.analytics.service.START (has extras) } U=0: not found
01-01 07:17:39.896   917  3354 I ActivityManager: Process com.youdao.dict:yddictpush (pid 13993) has died
01-01 07:17:40.720   917  1482 W ActivityManager: Unable to start service Intent { act=com.google.android.gms.analytics.service.START (has extras) } U=0: not found
01-01 07:17:43.672   917  1487 W ActivityManager: Unable to start service Intent { act=com.google.android.gms.analytics.service.START (has extras) } U=0: not found
01-01 07:17:46.418   917  1488 I ActivityManager: Force stopping com.youdao.dict appid=10105 user=0: from pid 14019
01-01 07:17:46.419   917  1488 I ActivityManager: Killing 13889:com.youdao.dict/u0a105 (adj 0): stop com.youdao.dict
01-01 07:17:46.633   917  1488 W ActivityManager: Force removing ActivityRecord{e99fcf2 u0 com.youdao.dict/.activity.MainActivity t52}: app died, no saved state
01-01 07:17:46.652   917  1488 D ActivityManager: finishRunningVoiceLocked()  >>>>
01-01 07:17:46.661   917  1488 I ActivityManager: Killing 13915:com.youdao.dict:yddictclip/u0a105 (adj 500): stop com.youdao.dict
01-01 07:17:46.756   917  1488 W ActivityManager: Scheduling restart of crashed service com.youdao.dict/.backend.ClipboardWatcher in 1000ms
01-01 07:17:46.760   917  1488 I ActivityManager:   Force stopping service ServiceRecord{d38384a u0 com.youdao.dict/.backend.ClipboardWatcher}
01-01 07:17:46.771   917 12096 W ActivityManager: Spurious death for ProcessRecord{c7214b4 0:com.youdao.dict/u0a105}, curProc for 13889: null
01-01 07:17:46.780   917   928 W ActivityManager: Spurious death for ProcessRecord{619d8dd 0:com.youdao.dict:yddictclip/u0a105}, curProc for 13915: null
01-01 07:17:47.790   917   927 I ActivityManager: START u0 {act=android.intent.action.MAIN cat=[android.intent.category.LAUNCHER] flg=0x10200000 cmp=com.youdao.dict/.activity.DictSplashActivity} from uid 2000 on display 0
01-01 07:17:47.798   917   927 D ActivityManager: finishRunningVoiceLocked()  >>>>
01-01 07:17:48.105   917  3354 W ActivityManager: Unable to start service Intent { act=com.google.android.gms.analytics.service.START (has extras) } U=0: not found
01-01 07:17:48.729   917   935 I ActivityManager: Displayed com.youdao.dict/.activity.DictSplashActivity: +894ms
01-01 07:17:50.488   917  1487 I ActivityManager: START u0 {cmp=com.youdao.dict/.activity.MainActivity} from uid 10105 on display 0
01-01 07:17:50.513   917  1487 D ActivityManager: finishRunningVoiceLocked()  >>>>
01-01 07:17:50.953   917   928 W ActivityManager: Unable to start service Intent { act=com.google.android.gms.analytics.service.START (has extras) } U=0: not found
01-01 07:17:50.988   917  1486 W ActivityManager: Unable to start service Intent { act=com.google.android.gms.analytics.service.START (has extras) } U=0: not found
01-01 07:17:51.005   917  5197 W ActivityManager: Unable to start service Intent { act=com.google.android.gms.analytics.service.START (has extras) } U=0: not found
01-01 07:17:51.132   917  1486 I ActivityManager: Process com.youdao.dict:yddictpush (pid 14086) has died
01-01 07:17:51.132   917  1486 W ActivityManager: Scheduling restart of crashed service com.youdao.dict/com.youdao.note.statistics.UploadYNoteStatsServiece in 1000ms
01-01 07:17:51.220   917  1483 I ActivityManager: Process com.youdao.dict:yddictreview (pid 14098) has died
01-01 07:17:51.324   917   935 I ActivityManager: Displayed com.youdao.dict/.activity.MainActivity: +771ms
01-01 07:17:52.068   917   928 W ActivityManager: Unable to start service Intent { act=com.google.android.gms.analytics.service.START (has extras) } U=0: not found
01-01 07:17:52.236   917  1488 I ActivityManager: Process com.youdao.dict:yddictpush (pid 14149) has died
01-01 07:17:53.116   917  1485 W ActivityManager: Unable to start service Intent { act=com.google.android.gms.analytics.service.START (has extras) } U=0: not found
01-01 07:17:55.958   917  1482 W ActivityManager: Unable to start service Intent { act=com.google.android.gms.analytics.service.START (has extras) } U=0: not found
01-01 07:17:58.865   917   927 I ActivityManager: Force stopping com.youdao.dict appid=10105 user=0: from pid 14175
01-01 07:17:58.865   917   927 I ActivityManager: Killing 14042:com.youdao.dict/u0a105 (adj 0): stop com.youdao.dict
01-01 07:17:58.983   917   927 W ActivityManager: Force removing ActivityRecord{2d909bd u0 com.youdao.dict/.activity.MainActivity t53}: app died, no saved state
01-01 07:17:59.012   917   927 D ActivityManager: finishRunningVoiceLocked()  >>>>
01-01 07:17:59.022   917   927 I ActivityManager: Killing 14069:com.youdao.dict:yddictclip/u0a105 (adj 500): stop com.youdao.dict
01-01 07:17:59.106   917   927 W ActivityManager: Scheduling restart of crashed service com.youdao.dict/.backend.ClipboardWatcher in 1000ms
01-01 07:17:59.110   917   927 I ActivityManager:   Force stopping service ServiceRecord{5bcb375 u0 com.youdao.dict/.backend.ClipboardWatcher}
01-01 07:17:59.123   917  1483 W ActivityManager: Spurious death for ProcessRecord{2962b12 0:com.youdao.dict/u0a105}, curProc for 14042: null
01-01 07:17:59.124   917  5197 W ActivityManager: Spurious death for ProcessRecord{cfc02e3 0:com.youdao.dict:yddictclip/u0a105}, curProc for 14069: null
01-01 07:18:00.063   917   927 I ActivityManager: START u0 {act=android.intent.action.MAIN cat=[android.intent.category.LAUNCHER] flg=0x10200000 cmp=com.youdao.dict/.activity.DictSplashActivity} from uid 2000 on display 0
01-01 07:18:00.066   917   927 D ActivityManager: finishRunningVoiceLocked()  >>>>
01-01 07:18:00.303   917  1486 W ActivityManager: Unable to start service Intent { act=com.google.android.gms.analytics.service.START (has extras) } U=0: not found
01-01 07:18:00.796   917   935 I ActivityManager: Displayed com.youdao.dict/.activity.DictSplashActivity: +709ms
01-01 07:18:02.633   917  5197 I ActivityManager: START u0 {cmp=com.youdao.dict/.activity.MainActivity} from uid 10105 on display 0
01-01 07:18:02.644   917  5197 D ActivityManager: finishRunningVoiceLocked()  >>>>
01-01 07:18:03.082   917  1484 W ActivityManager: Unable to start service Intent { act=com.google.android.gms.analytics.service.START (has extras) } U=0: not found
01-01 07:18:03.103   917   927 W ActivityManager: Unable to start service Intent { act=com.google.android.gms.analytics.service.START (has extras) } U=0: not found
01-01 07:18:03.116   917  1486 W ActivityManager: Unable to start service Intent { act=com.google.android.gms.analytics.service.START (has extras) } U=0: not found
01-01 07:18:03.233   917  1488 I ActivityManager: Process com.youdao.dict:yddictpush (pid 14241) has died
01-01 07:18:03.234   917  1488 W ActivityManager: Scheduling restart of crashed service com.youdao.dict/com.youdao.note.statistics.UploadYNoteStatsServiece in 1000ms
01-01 07:18:03.304   917  1488 I ActivityManager: Process com.youdao.dict:yddictreview (pid 14252) has died
01-01 07:18:03.567   917   935 I ActivityManager: Displayed com.youdao.dict/.activity.MainActivity: +890ms
01-01 07:18:04.141   917  1485 W ActivityManager: Unable to start service Intent { act=com.google.android.gms.analytics.service.START (has extras) } U=0: not found
01-01 07:18:04.337   917  1486 I ActivityManager: Process com.youdao.dict:yddictpush (pid 14307) has died
01-01 07:18:05.319   917 12096 W ActivityManager: Unable to start service Intent { act=com.google.android.gms.analytics.service.START (has extras) } U=0: not found
01-01 07:18:08.129   917  1483 W ActivityManager: Unable to start service Intent { act=com.google.android.gms.analytics.service.START (has extras) } U=0: not found
01-01 07:18:11.019   917  3354 I ActivityManager: Force stopping com.youdao.dict appid=10105 user=0: from pid 14333
01-01 07:18:11.019   917  3354 I ActivityManager: Killing 14199:com.youdao.dict/u0a105 (adj 0): stop com.youdao.dict
01-01 07:18:11.245   917  3354 W ActivityManager: Force removing ActivityRecord{52caec3 u0 com.youdao.dict/.activity.MainActivity t54}: app died, no saved state
01-01 07:18:11.291   917  3354 D ActivityManager: finishRunningVoiceLocked()  >>>>
01-01 07:18:11.304   917  3354 I ActivityManager: Killing 14225:com.youdao.dict:yddictclip/u0a105 (adj 500): stop com.youdao.dict
01-01 07:18:11.374   917  3354 W ActivityManager: Scheduling restart of crashed service com.youdao.dict/.backend.ClipboardWatcher in 1000ms
01-01 07:18:11.376   917  3354 I ActivityManager:   Force stopping service ServiceRecord{f73333b u0 com.youdao.dict/.backend.ClipboardWatcher}
01-01 07:18:11.382   917   927 W ActivityManager: Spurious death for ProcessRecord{560caa3 0:com.youdao.dict:yddictclip/u0a105}, curProc for 14225: null
01-01 07:18:12.370   917  1483 I ActivityManager: START u0 {act=android.intent.action.MAIN cat=[android.intent.category.LAUNCHER] flg=0x10200000 cmp=com.youdao.dict/.activity.DictSplashActivity} from uid 2000 on display 0
01-01 07:18:12.373   917  1483 D ActivityManager: finishRunningVoiceLocked()  >>>>
01-01 07:18:12.674   917  1484 W ActivityManager: Unable to start service Intent { act=com.google.android.gms.analytics.service.START (has extras) } U=0: not found
01-01 07:18:13.195   917   935 I ActivityManager: Displayed com.youdao.dict/.activity.DictSplashActivity: +813ms
01-01 07:18:15.035   917  5197 I ActivityManager: START u0 {cmp=com.youdao.dict/.activity.MainActivity} from uid 10105 on display 0
01-01 07:18:15.050   917  5197 D ActivityManager: finishRunningVoiceLocked()  >>>>
01-01 07:18:15.491   917  5197 W ActivityManager: Unable to start service Intent { act=com.google.android.gms.analytics.service.START (has extras) } U=0: not found
01-01 07:18:15.504   917 12096 W ActivityManager: Unable to start service Intent { act=com.google.android.gms.analytics.service.START (has extras) } U=0: not found
01-01 07:18:15.512   917  1486 W ActivityManager: Unable to start service Intent { act=com.google.android.gms.analytics.service.START (has extras) } U=0: not found
01-01 07:18:15.598   917   928 I ActivityManager: Process com.youdao.dict:yddictpush (pid 14400) has died
01-01 07:18:15.598   917   928 W ActivityManager: Scheduling restart of crashed service com.youdao.dict/com.youdao.note.statistics.UploadYNoteStatsServiece in 1000ms
01-01 07:18:15.709   917  1488 I ActivityManager: Process com.youdao.dict:yddictreview (pid 14405) has died
01-01 07:18:15.815   917   935 I ActivityManager: Displayed com.youdao.dict/.activity.MainActivity: +729ms
01-01 07:18:16.574   917  1483 W ActivityManager: Unable to start service Intent { act=com.google.android.gms.analytics.service.START (has extras) } U=0: not found
01-01 07:18:16.757   917  5197 I ActivityManager: Process com.youdao.dict:yddictpush (pid 14462) has died
01-01 07:18:17.682   917   928 W ActivityManager: Unable to start service Intent { act=com.google.android.gms.analytics.service.START (has extras) } U=0: not found
01-01 07:18:20.504   917  1488 W ActivityManager: Unable to start service Intent { act=com.google.android.gms.analytics.service.START (has extras) } U=0: not found
01-01 07:18:23.350   917  5197 I ActivityManager: Force stopping com.youdao.dict appid=10105 user=0: from pid 14487
01-01 07:18:23.351   917  5197 I ActivityManager: Killing 14357:com.youdao.dict/u0a105 (adj 0): stop com.youdao.dict
01-01 07:18:23.469   917  5197 W ActivityManager: Force removing ActivityRecord{4105683 u0 com.youdao.dict/.activity.MainActivity t55}: app died, no saved state
01-01 07:18:23.506   917  5197 D ActivityManager: finishRunningVoiceLocked()  >>>>
01-01 07:18:23.515   917  5197 I ActivityManager: Killing 14383:com.youdao.dict:yddictclip/u0a105 (adj 500): stop com.youdao.dict
01-01 07:18:23.619   917  5197 W ActivityManager: Scheduling restart of crashed service com.youdao.dict/.backend.ClipboardWatcher in 1000ms
01-01 07:18:23.624   917  5197 I ActivityManager:   Force stopping service ServiceRecord{aac12fb u0 com.youdao.dict/.backend.ClipboardWatcher}
01-01 07:18:23.634   917   928 W ActivityManager: Spurious death for ProcessRecord{3ea0e1d 0:com.youdao.dict/u0a105}, curProc for 14357: null
01-01 07:18:23.638   917  1485 W ActivityManager: Spurious death for ProcessRecord{2630892 0:com.youdao.dict:yddictclip/u0a105}, curProc for 14383: null
01-01 07:18:24.516   917   930 I ActivityManager: Force stopping com.youdao.dict appid=10105 user=-1: uninstall pkg
01-01 07:18:24.842   917   940 I ActivityManager: Force stopping com.youdao.dict appid=10105 user=0: pkg removed
01-01 07:18:53.578   917   940 I PackageManager: Verification timed out for file:///data/app/vmdl1621613537.tmp
01-01 07:18:53.579   917   940 I PackageManager: Continuing with installation of file:///data/app/vmdl1621613537.tmp
01-01 07:18:56.470   917   940 W PackageManager: Package com.youdao.dict has activity com.alipay.android.mini.window.sdk.MiniPayActivity with priority > 0, forcing to 0
01-01 07:18:56.601   917   940 W PackageManager: Not granting permission android.permission.MOUNT_UNMOUNT_FILESYSTEMS to package com.youdao.dict (protectionLevel=18 flags=0x1808be44)
01-01 07:18:56.601   917   940 W PackageManager: Unknown permission android.permission.SYSTEM_OVERLAY_WINDOW in package com.youdao.dict
01-01 07:18:56.601   917   940 W PackageManager: Not granting permission android.permission.ACCESS_DOWNLOAD_MANAGER to package com.youdao.dict (protectionLevel=18 flags=0x1808be44)
01-01 07:18:56.601   917   940 W PackageManager: Unknown permission android.permission.READ_SETTINGS in package com.youdao.dict
01-01 07:18:56.601   917   940 W PackageManager: Not granting permission android.permission.READ_LOGS to package com.youdao.dict (protectionLevel=50 flags=0x1808be44)
01-01 07:18:56.745   917   940 E PackageManager: Failed to create app data for com.youdao.dict: com.android.internal.os.InstallerConnection$InstallerException: Failed to execute create_app_data [null, com.youdao.dict, 0, 3, 10106, default, 13]: -1
01-01 07:18:58.077   917 12096 I ActivityManager: START u0 {act=android.intent.action.MAIN cat=[android.intent.category.LAUNCHER] flg=0x10200000 cmp=com.youdao.dict/.activity.DictSplashActivity} from uid 2000 on display 0
01-01 07:18:58.083   917 12096 D ActivityManager: finishRunningVoiceLocked()  >>>>
01-01 07:18:59.889   917   935 I ActivityManager: Displayed com.youdao.dict/.activity.DictSplashActivity: +1s799ms
01-01 07:18:59.904   917  1487 I ActivityManager: START u0 {cmp=com.youdao.dict/.activity.DictGuideActivity} from uid 10106 on display 0
01-01 07:18:59.906   917  1487 D ActivityManager: finishRunningVoiceLocked()  >>>>
01-01 07:19:00.766   917   935 I ActivityManager: Displayed com.youdao.dict/.activity.DictGuideActivity: +796ms
01-01 07:19:07.331   917   940 W PackageManager: Invalid verification token 9 received
01-01 07:19:09.055   917  1484 I ActivityManager: Force stopping com.youdao.dict appid=10106 user=0: from pid 14685
01-01 07:19:09.055   917  1484 I ActivityManager: Killing 14608:com.youdao.dict/u0a106 (adj 0): stop com.youdao.dict
01-01 07:19:09.153   917  1484 W ActivityManager: Force removing ActivityRecord{3eacfc0 u0 com.youdao.dict/.activity.DictGuideActivity t55}: app died, no saved state
01-01 07:19:09.168   917  1484 D ActivityManager: finishRunningVoiceLocked()  >>>>
01-01 07:19:09.199   917   928 W ActivityManager: Spurious death for ProcessRecord{dda608 0:com.youdao.dict/u0a106}, curProc for 14608: null
01-01 07:19:10.117   917  1482 I ActivityManager: START u0 {act=android.intent.action.MAIN cat=[android.intent.category.LAUNCHER] flg=0x10200000 cmp=com.youdao.dict/.activity.DictSplashActivity} from uid 2000 on display 0
01-01 07:19:10.127   917  1482 D ActivityManager: finishRunningVoiceLocked()  >>>>
01-01 07:19:11.977   917   935 I ActivityManager: Displayed com.youdao.dict/.activity.DictSplashActivity: +1s768ms
01-01 07:19:11.990   917 12096 I ActivityManager: START u0 {cmp=com.youdao.dict/.activity.MainActivity (has extras)} from uid 10106 on display 0
01-01 07:19:11.993   917 12096 D ActivityManager: finishRunningVoiceLocked()  >>>>
01-01 07:19:12.668   917  9155 I ActivityManager: Process com.youdao.dict:yddictpush (pid 14809) has died
01-01 07:19:12.870   917   935 I ActivityManager: Displayed com.youdao.dict/.activity.MainActivity: +809ms
01-01 07:19:13.848   917  3354 I ActivityManager: Process com.youdao.dict:yddictpush (pid 14865) has died
01-01 07:19:20.147   917   930 W ActivityManager: Launch timeout has expired, giving up wake lock!
01-01 07:19:21.169   917  1485 I ActivityManager: Force stopping com.youdao.dict appid=10106 user=0: from pid 14888
01-01 07:19:21.169   917  1485 I ActivityManager: Killing 14710:com.youdao.dict/u0a106 (adj 0): stop com.youdao.dict
01-01 07:19:21.302   917  1485 W ActivityManager: Force removing ActivityRecord{2473ff1 u0 com.youdao.dict/.activity.MainActivity t56}: app died, no saved state
01-01 07:19:21.310   917  1485 D ActivityManager: finishRunningVoiceLocked()  >>>>
01-01 07:19:21.323   917  1485 I ActivityManager: Killing 14785:com.youdao.dict:yddictclip/u0a106 (adj 500): stop com.youdao.dict
01-01 07:19:21.414   917  1485 W ActivityManager: Scheduling restart of crashed service com.youdao.dict/.backend.ClipboardWatcher in 1000ms
01-01 07:19:21.421   917  1485 I ActivityManager:   Force stopping service ServiceRecord{f7734ba u0 com.youdao.dict/.backend.ClipboardWatcher}
01-01 07:19:21.428   917  1487 W ActivityManager: Spurious death for ProcessRecord{2ea72c2 0:com.youdao.dict/u0a106}, curProc for 14710: null
01-01 07:19:21.429   917   928 W ActivityManager: Spurious death for ProcessRecord{d628d3 0:com.youdao.dict:yddictclip/u0a106}, curProc for 14785: null
01-01 07:19:22.378   917 12096 I ActivityManager: START u0 {act=android.intent.action.MAIN cat=[android.intent.category.LAUNCHER] flg=0x10200000 cmp=com.youdao.dict/.activity.DictSplashActivity} from uid 2000 on display 0
01-01 07:19:22.384   917 12096 D ActivityManager: finishRunningVoiceLocked()  >>>>
01-01 07:19:24.067   917  5197 I ActivityManager: START u0 {cmp=com.youdao.dict/.activity.MainActivity (has extras)} from uid 10106 on display 0
01-01 07:19:24.080   917  5197 D ActivityManager: finishRunningVoiceLocked()  >>>>
01-01 07:19:24.773   917  1482 I ActivityManager: Process com.youdao.dict:yddictpush (pid 14993) has died
01-01 07:19:24.887   917   935 I ActivityManager: Displayed com.youdao.dict/.activity.MainActivity: +705ms (total +2s484ms)
01-01 07:19:25.809   917  1485 I ActivityManager: Process com.youdao.dict:yddictpush (pid 15049) has died
01-01 07:19:32.399   917   930 W ActivityManager: Launch timeout has expired, giving up wake lock!
01-01 07:19:33.442   917   928 I ActivityManager: Force stopping com.youdao.dict appid=10106 user=0: from pid 15072
01-01 07:19:33.443   917   928 I ActivityManager: Killing 14912:com.youdao.dict/u0a106 (adj 0): stop com.youdao.dict
01-01 07:19:33.530   917   928 W ActivityManager: Force removing ActivityRecord{2ccdc34 u0 com.youdao.dict/.activity.MainActivity t57}: app died, no saved state
01-01 07:19:33.536   917   928 D ActivityManager: finishRunningVoiceLocked()  >>>>
01-01 07:19:33.549   917   928 I ActivityManager: Killing 14979:com.youdao.dict:yddictclip/u0a106 (adj 500): stop com.youdao.dict
01-01 07:19:33.624   917   928 W ActivityManager: Scheduling restart of crashed service com.youdao.dict/.backend.ClipboardWatcher in 1000ms
01-01 07:19:33.625   917   928 I ActivityManager:   Force stopping service ServiceRecord{2ca6093 u0 com.youdao.dict/.backend.ClipboardWatcher}
01-01 07:19:33.627   917  9155 W ActivityManager: Spurious death for ProcessRecord{bbd7f32 0:com.youdao.dict/u0a106}, curProc for 14912: null
01-01 07:19:33.637   917  5197 W ActivityManager: Spurious death for ProcessRecord{f1c9483 0:com.youdao.dict:yddictclip/u0a106}, curProc for 14979: null
01-01 07:19:34.553   917 12096 I ActivityManager: START u0 {act=android.intent.action.MAIN cat=[android.intent.category.LAUNCHER] flg=0x10200000 cmp=com.youdao.dict/.activity.DictSplashActivity} from uid 2000 on display 0
01-01 07:19:34.556   917 12096 D ActivityManager: finishRunningVoiceLocked()  >>>>
01-01 07:19:36.270   917  1482 I ActivityManager: START u0 {cmp=com.youdao.dict/.activity.MainActivity (has extras)} from uid 10106 on display 0
01-01 07:19:36.283   917  1482 D ActivityManager: finishRunningVoiceLocked()  >>>>
01-01 07:19:36.994   917  1482 I ActivityManager: Process com.youdao.dict:yddictpush (pid 15180) has died
01-01 07:19:37.150   917   935 I ActivityManager: Displayed com.youdao.dict/.activity.MainActivity: +822ms (total +2s574ms)
01-01 07:19:37.970   917  1483 I ActivityManager: Process com.youdao.dict:yddictpush (pid 15233) has died
01-01 07:19:44.576   917   930 W ActivityManager: Launch timeout has expired, giving up wake lock!
01-01 07:19:45.546   917  1484 I ActivityManager: Force stopping com.youdao.dict appid=10106 user=0: from pid 15275
01-01 07:19:45.546   917  1484 I ActivityManager: Killing 15097:com.youdao.dict/u0a106 (adj 0): stop com.youdao.dict
01-01 07:19:45.767   917  1484 W ActivityManager: Force removing ActivityRecord{98d4dea u0 com.youdao.dict/.activity.MainActivity t58}: app died, no saved state
01-01 07:19:45.779   917  1484 D ActivityManager: finishRunningVoiceLocked()  >>>>
01-01 07:19:45.802   917  1484 I ActivityManager: Killing 15166:com.youdao.dict:yddictclip/u0a106 (adj 500): stop com.youdao.dict
01-01 07:19:45.876   917  1484 W ActivityManager: Scheduling restart of crashed service com.youdao.dict/.backend.ClipboardWatcher in 1000ms
01-01 07:19:45.880   917  1484 I ActivityManager:   Force stopping service ServiceRecord{78d059a u0 com.youdao.dict/.backend.ClipboardWatcher}
01-01 07:19:45.902   917   928 W ActivityManager: Spurious death for ProcessRecord{6e91131 0:com.youdao.dict/u0a106}, curProc for 15097: null
01-01 07:19:45.903   917  1487 W ActivityManager: Spurious death for ProcessRecord{15f7016 0:com.youdao.dict:yddictclip/u0a106}, curProc for 15166: null
01-01 07:19:46.965   917  5197 I ActivityManager: START u0 {act=android.intent.action.MAIN cat=[android.intent.category.LAUNCHER] flg=0x10200000 cmp=com.youdao.dict/.activity.DictSplashActivity} from uid 2000 on display 0
01-01 07:19:46.968   917  5197 D ActivityManager: finishRunningVoiceLocked()  >>>>
01-01 07:19:48.580   917   927 I ActivityManager: START u0 {cmp=com.youdao.dict/.activity.MainActivity (has extras)} from uid 10106 on display 0
