01-01 07:10:20.144   917  1484 I ActivityManager: START u0 {cmp=com.youdao.dict/.activity.DictGuideActivity} from uid 10101 on display 0
01-01 07:10:20.145   917  1484 D ActivityManager: finishRunningVoiceLocked()  >>>>
01-01 07:10:20.801   917   935 I ActivityManager: Displayed com.youdao.dict/.activity.DictGuideActivity: +500ms
01-01 07:10:27.650   917   940 W PackageManager: Invalid verification token 4 received
01-01 07:10:29.278   917  3354 I ActivityManager: Force stopping com.youdao.dict appid=10101 user=0: from pid 9487
01-01 07:10:29.278   917  3354 I ActivityManager: Killing 9443:com.netease.pomelo.push.l.messageservice_V2/u0a101 (adj 100): stop com.youdao.dict
01-01 07:10:29.359   917  3354 W ActivityManager: Scheduling restart of crashed service com.youdao.dict/com.netease.pushservice.core.PushLMessageService_V2 in 1000ms
01-01 07:10:29.360   917  3354 I ActivityManager: Killing 9355:com.youdao.dict/u0a101 (adj 0): stop com.youdao.dict
01-01 07:10:29.594   917  3354 W ActivityManager: Scheduling restart of crashed service com.youdao.dict/com.youdao.mdict.push.PushService in 10766ms
01-01 07:10:29.597   917  3354 W ActivityManager: Force removing ActivityRecord{b9cacde u0 com.youdao.dict/.activity.DictGuideActivity t30}: app died, no saved state
01-01 07:10:29.629   917  3354 D ActivityManager: finishRunningVoiceLocked()  >>>>
01-01 07:10:29.651   917  3354 I ActivityManager:   Force stopping service ServiceRecord{9538992 u0 com.youdao.dict/com.netease.pushservice.core.PushLMessageService_V2}
01-01 07:10:29.655   917  1487 W ActivityManager: Spurious death for ProcessRecord{defbdec 0:com.netease.pomelo.push.l.messageservice_V2/u0a101}, curProc for 9443: null
01-01 07:10:30.560   917  1484 I ActivityManager: START u0 {act=android.intent.action.MAIN cat=[android.intent.category.LAUNCHER] flg=0x10200000 cmp=com.youdao.dict/.activity.DictSplashActivity} from uid 2000 on display 0
01-01 07:10:30.565   917  1484 D ActivityManager: finishRunningVoiceLocked()  >>>>
01-01 07:10:32.300   917   935 I ActivityManager: Displayed com.youdao.dict/.activity.DictSplashActivity: +1s711ms
01-01 07:10:32.315   917  3354 I ActivityManager: START u0 {cmp=com.youdao.dict/.activity.MainActivity (has extras)} from uid 10101 on display 0
01-01 07:10:32.322   917  3354 D ActivityManager: finishRunningVoiceLocked()  >>>>
01-01 07:10:33.175   917   935 I ActivityManager: Displayed com.youdao.dict/.activity.MainActivity: +840ms
01-01 07:10:40.590   917   930 W ActivityManager: Launch timeout has expired, giving up wake lock!
01-01 07:10:41.656   917  1488 I ActivityManager: Force stopping com.youdao.dict appid=10101 user=0: from pid 9696
01-01 07:10:41.656   917  1488 I ActivityManager: Killing 9598:com.netease.pomelo.push.l.messageservice_V2/u0a101 (adj 100): stop com.youdao.dict
01-01 07:10:41.766   917  1488 W ActivityManager: Scheduling restart of crashed service com.youdao.dict/com.netease.pushservice.core.PushLMessageService_V2 in 1000ms
01-01 07:10:41.768   917  1488 I ActivityManager: Killing 9511:com.youdao.dict/u0a101 (adj 0): stop com.youdao.dict
01-01 07:10:41.875   917  1488 W ActivityManager: Scheduling restart of crashed service com.youdao.dict/com.youdao.mdict.push.PushService in 10891ms
01-01 07:10:41.888   917  1488 W ActivityManager: Force removing ActivityRecord{d4f367c u0 com.youdao.dict/.activity.MainActivity t31}: app died, no saved state
01-01 07:10:41.898   917  1488 D ActivityManager: finishRunningVoiceLocked()  >>>>
01-01 07:10:41.910   917  1488 I ActivityManager: Killing 9628:com.youdao.dict:yddictclip/u0a101 (adj 500): stop com.youdao.dict
01-01 07:10:42.005   917  1488 W ActivityManager: Scheduling restart of crashed service com.youdao.dict/.backend.ClipboardWatcher in 10761ms
01-01 07:10:42.014   917  1488 I ActivityManager:   Force stopping service ServiceRecord{876df75 u0 com.youdao.dict/.backend.ClipboardWatcher}
01-01 07:10:42.014   917  1488 I ActivityManager:   Force stopping service ServiceRecord{9a9b5bd u0 com.youdao.dict/com.netease.pushservice.core.PushLMessageService_V2}
01-01 07:10:42.036   917  9155 W ActivityManager: Spurious death for ProcessRecord{ee3363f 0:com.youdao.dict:yddictclip/u0a101}, curProc for 9628: null
01-01 07:10:42.037   917  3354 W ActivityManager: Spurious death for ProcessRecord{4ff7b0c 0:com.netease.pomelo.push.l.messageservice_V2/u0a101}, curProc for 9598: null
01-01 07:10:42.038   917  1487 W ActivityManager: Spurious death for ProcessRecord{3863aba 0:com.youdao.dict/u0a101}, curProc for 9511: null
01-01 07:10:43.075   917  1484 I ActivityManager: START u0 {act=android.intent.action.MAIN cat=[android.intent.category.LAUNCHER] flg=0x10200000 cmp=com.youdao.dict/.activity.DictSplashActivity} from uid 2000 on display 0
01-01 07:10:43.078   917  1484 D ActivityManager: finishRunningVoiceLocked()  >>>>
01-01 07:10:44.624   917   935 I ActivityManager: Displayed com.youdao.dict/.activity.DictSplashActivity: +1s531ms
01-01 07:10:44.644   917  3354 I ActivityManager: START u0 {cmp=com.youdao.dict/.activity.MainActivity (has extras)} from uid 10101 on display 0
01-01 07:10:44.648   917  3354 D ActivityManager: finishRunningVoiceLocked()  >>>>
01-01 07:10:45.468   917   935 I ActivityManager: Displayed com.youdao.dict/.activity.MainActivity: +763ms
01-01 07:10:53.092   917   930 W ActivityManager: Launch timeout has expired, giving up wake lock!
01-01 07:10:54.170   917  3354 I ActivityManager: Force stopping com.youdao.dict appid=10101 user=0: from pid 9888
01-01 07:10:54.170   917  3354 I ActivityManager: Killing 9806:com.netease.pomelo.push.l.messageservice_V2/u0a101 (adj 100): stop com.youdao.dict
01-01 07:10:54.268   917  3354 W ActivityManager: Scheduling restart of crashed service com.youdao.dict/com.netease.pushservice.core.PushLMessageService_V2 in 1000ms
01-01 07:10:54.271   917  3354 I ActivityManager: Killing 9720:com.youdao.dict/u0a101 (adj 0): stop com.youdao.dict
01-01 07:10:54.389   917  3354 W ActivityManager: Scheduling restart of crashed service com.youdao.dict/com.youdao.mdict.push.PushService in 10878ms
01-01 07:10:54.390   917  3354 W ActivityManager: Force removing ActivityRecord{ee6d2b u0 com.youdao.dict/.activity.MainActivity t32}: app died, no saved state
01-01 07:10:54.398   917  3354 D ActivityManager: finishRunningVoiceLocked()  >>>>
01-01 07:10:54.407   917  3354 I ActivityManager: Killing 9833:com.youdao.dict:yddictclip/u0a101 (adj 500): stop com.youdao.dict
01-01 07:10:54.522   917  3354 W ActivityManager: Scheduling restart of crashed service com.youdao.dict/.backend.ClipboardWatcher in 10746ms
01-01 07:10:54.525   917  3354 I ActivityManager:   Force stopping service ServiceRecord{ef782 u0 com.youdao.dict/.backend.ClipboardWatcher}
01-01 07:10:54.526   917  3354 I ActivityManager:   Force stopping service ServiceRecord{fad13cc u0 com.youdao.dict/com.netease.pushservice.core.PushLMessageService_V2}
01-01 07:10:54.534   917  9155 W ActivityManager: Spurious death for ProcessRecord{296682c 0:com.netease.pomelo.push.l.messageservice_V2/u0a101}, curProc for 9806: null
01-01 07:10:54.535   917  1486 W ActivityManager: Spurious death for ProcessRecord{b748c00 0:com.youdao.dict/u0a101}, curProc for 9720: null
01-01 07:10:54.539   917  1487 W ActivityManager: Spurious death for ProcessRecord{bcff2f5 0:com.youdao.dict:yddictclip/u0a101}, curProc for 9833: null
01-01 07:10:55.492   917  9155 I ActivityManager: START u0 {act=android.intent.action.MAIN cat=[android.intent.category.LAUNCHER] flg=0x10200000 cmp=com.youdao.dict/.activity.DictSplashActivity} from uid 2000 on display 0
01-01 07:10:55.497   917  9155 D ActivityManager: finishRunningVoiceLocked()  >>>>
01-01 07:10:57.152   917   935 I ActivityManager: Displayed com.youdao.dict/.activity.DictSplashActivity: +1s618ms
01-01 07:10:57.156   917  1488 I ActivityManager: START u0 {cmp=com.youdao.dict/.activity.MainActivity (has extras)} from uid 10101 on display 0
01-01 07:10:57.158   917  1488 D ActivityManager: finishRunningVoiceLocked()  >>>>
01-01 07:10:57.881   917   935 I ActivityManager: Displayed com.youdao.dict/.activity.MainActivity: +683ms
01-01 07:11:05.527   917   930 W ActivityManager: Launch timeout has expired, giving up wake lock!
01-01 07:11:06.892   917  5197 I ActivityManager: Force stopping com.youdao.dict appid=10101 user=0: from pid 10077
01-01 07:11:06.892   917  5197 I ActivityManager: Killing 10000:com.netease.pomelo.push.l.messageservice_V2/u0a101 (adj 100): stop com.youdao.dict
01-01 07:11:07.022   917  5197 W ActivityManager: Scheduling restart of crashed service com.youdao.dict/com.netease.pushservice.core.PushLMessageService_V2 in 1000ms
01-01 07:11:07.023   917  5197 I ActivityManager: Killing 9914:com.youdao.dict/u0a101 (adj 0): stop com.youdao.dict
01-01 07:11:07.191   917  5197 W ActivityManager: Scheduling restart of crashed service com.youdao.dict/com.youdao.mdict.push.PushService in 10831ms
01-01 07:11:07.193   917  5197 W ActivityManager: Force removing ActivityRecord{41b9845 u0 com.youdao.dict/.activity.MainActivity t33}: app died, no saved state
01-01 07:11:07.204   917  5197 D ActivityManager: finishRunningVoiceLocked()  >>>>
01-01 07:11:07.224   917  5197 I ActivityManager: Killing 10023:com.youdao.dict:yddictclip/u0a101 (adj 500): stop com.youdao.dict
01-01 07:11:07.315   917  5197 W ActivityManager: Scheduling restart of crashed service com.youdao.dict/.backend.ClipboardWatcher in 10708ms
01-01 07:11:07.319   917  5197 I ActivityManager:   Force stopping service ServiceRecord{6c99d1c u0 com.youdao.dict/.backend.ClipboardWatcher}
01-01 07:11:07.320   917  5197 I ActivityManager:   Force stopping service ServiceRecord{69cdd3e u0 com.youdao.dict/com.netease.pushservice.core.PushLMessageService_V2}
01-01 07:11:07.330   917  1485 W ActivityManager: Spurious death for ProcessRecord{53c2623 0:com.netease.pomelo.push.l.messageservice_V2/u0a101}, curProc for 10000: null
01-01 07:11:07.331   917  1484 W ActivityManager: Spurious death for ProcessRecord{9598887 0:com.youdao.dict/u0a101}, curProc for 9914: null
01-01 07:11:07.342   917  3354 W ActivityManager: Spurious death for ProcessRecord{4d1720 0:com.youdao.dict:yddictclip/u0a101}, curProc for 10023: null
01-01 07:11:08.289   917  5197 I ActivityManager: START u0 {act=android.intent.action.MAIN cat=[android.intent.category.LAUNCHER] flg=0x10200000 cmp=com.youdao.dict/.activity.DictSplashActivity} from uid 2000 on display 0
01-01 07:11:08.291   917  5197 D ActivityManager: finishRunningVoiceLocked()  >>>>
01-01 07:11:09.912   917   935 I ActivityManager: Displayed com.youdao.dict/.activity.DictSplashActivity: +1s589ms
01-01 07:11:09.935   917  1484 I ActivityManager: START u0 {cmp=com.youdao.dict/.activity.MainActivity (has extras)} from uid 10101 on display 0
01-01 07:11:09.939   917  1484 D ActivityManager: finishRunningVoiceLocked()  >>>>
01-01 07:11:10.670   917   935 I ActivityManager: Displayed com.youdao.dict/.activity.MainActivity: +695ms
01-01 07:11:18.303   917   930 W ActivityManager: Launch timeout has expired, giving up wake lock!
01-01 07:11:19.555   917  9155 I ActivityManager: Force stopping com.youdao.dict appid=10101 user=0: from pid 10263
01-01 07:11:19.555   917  9155 I ActivityManager: Killing 10188:com.netease.pomelo.push.l.messageservice_V2/u0a101 (adj 100): stop com.youdao.dict
01-01 07:11:19.651   917  9155 W ActivityManager: Scheduling restart of crashed service com.youdao.dict/com.netease.pushservice.core.PushLMessageService_V2 in 1000ms
01-01 07:11:19.652   917  9155 I ActivityManager: Killing 10102:com.youdao.dict/u0a101 (adj 0): stop com.youdao.dict
01-01 07:11:19.764   917  9155 W ActivityManager: Scheduling restart of crashed service com.youdao.dict/com.youdao.mdict.push.PushService in 10888ms
01-01 07:11:19.772   917  9155 W ActivityManager: Force removing ActivityRecord{85a6eb0 u0 com.youdao.dict/.activity.MainActivity t34}: app died, no saved state
01-01 07:11:19.782   917  9155 D ActivityManager: finishRunningVoiceLocked()  >>>>
01-01 07:11:19.793   917  9155 I ActivityManager: Killing 10217:com.youdao.dict:yddictclip/u0a101 (adj 500): stop com.youdao.dict
01-01 07:11:19.876   917  9155 W ActivityManager: Scheduling restart of crashed service com.youdao.dict/.backend.ClipboardWatcher in 10776ms
01-01 07:11:19.879   917  9155 I ActivityManager:   Force stopping service ServiceRecord{c6eaa36 u0 com.youdao.dict/.backend.ClipboardWatcher}
01-01 07:11:19.880   917  9155 I ActivityManager:   Force stopping service ServiceRecord{4e9c61 u0 com.youdao.dict/com.netease.pushservice.core.PushLMessageService_V2}
01-01 07:11:19.889   917  1482 W ActivityManager: Spurious death for ProcessRecord{bb0ac4b 0:com.netease.pomelo.push.l.messageservice_V2/u0a101}, curProc for 10188: null
01-01 07:11:19.890   917  3354 W ActivityManager: Spurious death for ProcessRecord{fae7c2f 0:com.youdao.dict/u0a101}, curProc for 10102: null
01-01 07:11:19.911   917  1486 W ActivityManager: Spurious death for ProcessRecord{bba6628 0:com.youdao.dict:yddictclip/u0a101}, curProc for 10217: null
01-01 07:11:20.830   917  1485 I ActivityManager: START u0 {act=android.intent.action.MAIN cat=[android.intent.category.LAUNCHER] flg=0x10200000 cmp=com.youdao.dict/.activity.DictSplashActivity} from uid 2000 on display 0
01-01 07:11:20.833   917  1485 D ActivityManager: finishRunningVoiceLocked()  >>>>
01-01 07:11:22.203   917  1488 I ActivityManager: START u0 {cmp=com.youdao.dict/.activity.MainActivity (has extras)} from uid 10101 on display 0
01-01 07:11:22.210   917  1488 D ActivityManager: finishRunningVoiceLocked()  >>>>
01-01 07:11:23.004   917   935 I ActivityManager: Displayed com.youdao.dict/.activity.MainActivity: +770ms (total +2s144ms)
01-01 07:11:30.845   917   930 W ActivityManager: Launch timeout has expired, giving up wake lock!
01-01 07:11:31.860   917  1486 I ActivityManager: Force stopping com.youdao.dict appid=10101 user=0: from pid 10460
01-01 07:11:31.860   917  1486 I ActivityManager: Killing 10367:com.netease.pomelo.push.l.messageservice_V2/u0a101 (adj 100): stop com.youdao.dict
01-01 07:11:31.954   917  1486 W ActivityManager: Scheduling restart of crashed service com.youdao.dict/com.netease.pushservice.core.PushLMessageService_V2 in 1000ms
01-01 07:11:31.955   917  1486 I ActivityManager: Killing 10289:com.youdao.dict/u0a101 (adj 0): stop com.youdao.dict
01-01 07:11:32.055   917  1486 W ActivityManager: Scheduling restart of crashed service com.youdao.dict/com.youdao.mdict.push.PushService in 10900ms
01-01 07:11:32.057   917  1486 W ActivityManager: Force removing ActivityRecord{ed16d15 u0 com.youdao.dict/.activity.MainActivity t35}: app died, no saved state
01-01 07:11:32.074   917  1486 D ActivityManager: finishRunningVoiceLocked()  >>>>
01-01 07:11:32.098   917  1486 I ActivityManager: Killing 10393:com.youdao.dict:yddictclip/u0a101 (adj 500): stop com.youdao.dict
01-01 07:11:32.206   917  1486 W ActivityManager: Scheduling restart of crashed service com.youdao.dict/.backend.ClipboardWatcher in 10748ms
01-01 07:11:32.210   917  1486 I ActivityManager:   Force stopping service ServiceRecord{50c5d94 u0 com.youdao.dict/.backend.ClipboardWatcher}
01-01 07:11:32.211   917  1486 I ActivityManager:   Force stopping service ServiceRecord{72b3b8 u0 com.youdao.dict/com.netease.pushservice.core.PushLMessageService_V2}
01-01 07:11:32.220   917  1482 W ActivityManager: Spurious death for ProcessRecord{eb35173 0:com.netease.pomelo.push.l.messageservice_V2/u0a101}, curProc for 10367: null
01-01 07:11:32.221   917  5197 W ActivityManager: Spurious death for ProcessRecord{19d9ed7 0:com.youdao.dict/u0a101}, curProc for 10289: null
01-01 07:11:32.225   917  9155 W ActivityManager: Spurious death for ProcessRecord{71ce830 0:com.youdao.dict:yddictclip/u0a101}, curProc for 10393: null
01-01 07:11:33.229   917   930 I ActivityManager: Force stopping com.youdao.dict appid=10101 user=-1: uninstall pkg
01-01 07:11:33.264   917   940 I PackageManager: Removing old permission: com.aaron.permission.ACCESS_DOWNLOAD_MANAGER_ADVANCED from package com.youdao.dict
01-01 07:11:33.264   917   940 I PackageManager: Removing old permission: com.aaron.permission.ACCESS_DOWNLOAD_MANAGER from package com.youdao.dict
01-01 07:11:33.264   917   940 I PackageManager: Removing old permission: com.aaron.permission.SEND_DOWNLOAD_COMPLETED_INTENTS from package com.youdao.dict
01-01 07:11:33.522   917   940 I ActivityManager: Force stopping com.youdao.dict appid=10101 user=0: pkg removed
01-01 07:11:57.564   917   940 I PackageManager: Verification timed out for file:///data/app/vmdl1418290676.tmp
01-01 07:11:57.564   917   940 I PackageManager: Continuing with installation of file:///data/app/vmdl1418290676.tmp
01-01 07:11:59.622   917   940 W PackageManager: Not granting permission android.permission.MOUNT_UNMOUNT_FILESYSTEMS to package com.youdao.dict (protectionLevel=18 flags=0x1808be44)
01-01 07:11:59.622   917   940 W PackageManager: Unknown permission android.permission.SYSTEM_OVERLAY_WINDOW in package com.youdao.dict
01-01 07:11:59.622   917   940 W PackageManager: Not granting permission android.permission.ACCESS_DOWNLOAD_MANAGER to package com.youdao.dict (protectionLevel=18 flags=0x1808be44)
01-01 07:11:59.783   917   940 E PackageManager: Failed to create app data for com.youdao.dict: com.android.internal.os.InstallerConnection$InstallerException: Failed to execute create_app_data [null, com.youdao.dict, 0, 3, 10102, default, 13]: -1
01-01 07:12:00.985   917  1487 I ActivityManager: START u0 {act=android.intent.action.MAIN cat=[android.intent.category.LAUNCHER] flg=0x10200000 cmp=com.youdao.dict/.activity.DictSplashActivity} from uid 2000 on display 0
01-01 07:12:00.994   917  1487 D ActivityManager: finishRunningVoiceLocked()  >>>>
01-01 07:12:01.303   917  9155 W ActivityManager: Unable to start service Intent { act=com.google.android.gms.analytics.service.START (has extras) } U=0: not found
01-01 07:12:01.968   917   935 I ActivityManager: Displayed com.youdao.dict/.activity.DictSplashActivity: +940ms
01-01 07:12:02.794   917  3354 I ActivityManager: START u0 {cmp=com.youdao.dict/.activity.DictGuideActivity} from uid 10102 on display 0
01-01 07:12:02.809   917  3354 D ActivityManager: finishRunningVoiceLocked()  >>>>
01-01 07:12:03.720   917   935 I ActivityManager: Displayed com.youdao.dict/.activity.DictGuideActivity: +873ms
01-01 07:12:06.313   917  1484 W ActivityManager: Unable to start service Intent { act=com.google.android.gms.analytics.service.START (has extras) } U=0: not found
01-01 07:12:10.092   917   940 W PackageManager: Invalid verification token 5 received
01-01 07:12:11.944   917   928 I ActivityManager: Force stopping com.youdao.dict appid=10102 user=0: from pid 10636
01-01 07:12:11.944   917   928 I ActivityManager: Killing 10593:com.youdao.dict/u0a102 (adj 0): stop com.youdao.dict
01-01 07:12:12.086   917   928 W ActivityManager: Force removing ActivityRecord{b5c3aeb u0 com.youdao.dict/.activity.DictGuideActivity t35}: app died, no saved state
01-01 07:12:12.118   917   928 D ActivityManager: finishRunningVoiceLocked()  >>>>
01-01 07:12:12.145   917  5197 W ActivityManager: Spurious death for ProcessRecord{d2cdab6 0:com.youdao.dict/u0a102}, curProc for 10593: null
01-01 07:12:13.056   917  3354 I ActivityManager: START u0 {act=android.intent.action.MAIN cat=[android.intent.category.LAUNCHER] flg=0x10200000 cmp=com.youdao.dict/.activity.DictSplashActivity} from uid 2000 on display 0
01-01 07:12:13.061   917  3354 D ActivityManager: finishRunningVoiceLocked()  >>>>
01-01 07:12:13.398   917  1484 W ActivityManager: Unable to start service Intent { act=com.google.android.gms.analytics.service.START (has extras) } U=0: not found
01-01 07:12:13.778   917   935 I ActivityManager: Displayed com.youdao.dict/.activity.DictSplashActivity: +689ms
01-01 07:12:15.614   917   927 I ActivityManager: START u0 {cmp=com.youdao.dict/.activity.MainActivity} from uid 10102 on display 0
01-01 07:12:15.638   917   927 D ActivityManager: finishRunningVoiceLocked()  >>>>
01-01 07:12:15.956   917  1487 W ActivityManager: Unable to start service Intent { act=com.google.android.gms.analytics.service.START (has extras) } U=0: not found
01-01 07:12:16.265   917  1484 W ActivityManager: Unable to start service Intent { act=com.google.android.gms.analytics.service.START (has extras) } U=0: not found
01-01 07:12:16.283   917  1483 W ActivityManager: Unable to start service Intent { act=com.google.android.gms.analytics.service.START (has extras) } U=0: not found
01-01 07:12:16.418   917  1486 I ActivityManager: Process com.youdao.dict:yddictpush (pid 10719) has died
01-01 07:12:16.418   917  1486 W ActivityManager: Scheduling restart of crashed service com.youdao.dict/com.youdao.note.statistics.UploadYNoteStatsServiece in 1000ms
01-01 07:12:16.455   917   928 I ActivityManager: Process com.youdao.dict:yddictreview (pid 10714) has died
01-01 07:12:16.733   917   935 I ActivityManager: Displayed com.youdao.dict/.activity.MainActivity: +1s42ms
01-01 07:12:17.423   917  1482 W ActivityManager: Unable to start service Intent { act=com.google.android.gms.analytics.service.START (has extras) } U=0: not found
01-01 07:12:17.653   917  1486 I ActivityManager: Process com.youdao.dict:yddictpush (pid 10762) has died
01-01 07:12:18.408   917  1488 W ActivityManager: Unable to start service Intent { act=com.google.android.gms.analytics.service.START (has extras) } U=0: not found
01-01 07:12:20.959   917  1487 W ActivityManager: Unable to start service Intent { act=com.google.android.gms.analytics.service.START (has extras) } U=0: not found
01-01 07:12:24.155   917  1485 I ActivityManager: Force stopping com.youdao.dict appid=10102 user=0: from pid 10787
01-01 07:12:24.155   917  1485 I ActivityManager: Killing 10659:com.youdao.dict/u0a102 (adj 0): stop com.youdao.dict
01-01 07:12:24.353   917  1485 W ActivityManager: Force removing ActivityRecord{13a6997 u0 com.youdao.dict/.activity.MainActivity t36}: app died, no saved state
01-01 07:12:24.388   917  1485 D ActivityManager: finishRunningVoiceLocked()  >>>>
01-01 07:12:24.420   917  1485 I ActivityManager: Killing 10684:com.youdao.dict:yddictclip/u0a102 (adj 500): stop com.youdao.dict
01-01 07:12:24.516   917  1485 W ActivityManager: Scheduling restart of crashed service com.youdao.dict/.backend.ClipboardWatcher in 1000ms
01-01 07:12:24.525   917  1485 I ActivityManager:   Force stopping service ServiceRecord{996b3a2 u0 com.youdao.dict/.backend.ClipboardWatcher}
01-01 07:12:24.534   917  5197 W ActivityManager: Spurious death for ProcessRecord{f62b7e4 0:com.youdao.dict/u0a102}, curProc for 10659: null
01-01 07:12:24.540   917  3354 W ActivityManager: Spurious death for ProcessRecord{f67f44d 0:com.youdao.dict:yddictclip/u0a102}, curProc for 10684: null
01-01 07:12:25.586   917  1485 I ActivityManager: START u0 {act=android.intent.action.MAIN cat=[android.intent.category.LAUNCHER] flg=0x10200000 cmp=com.youdao.dict/.activity.DictSplashActivity} from uid 2000 on display 0
01-01 07:12:25.597   917  1485 D ActivityManager: finishRunningVoiceLocked()  >>>>
01-01 07:12:25.892   917  3354 W ActivityManager: Unable to start service Intent { act=com.google.android.gms.analytics.service.START (has extras) } U=0: not found
01-01 07:12:26.239   917   935 I ActivityManager: Displayed com.youdao.dict/.activity.DictSplashActivity: +624ms
01-01 07:12:28.107   917  1485 I ActivityManager: START u0 {cmp=com.youdao.dict/.activity.MainActivity} from uid 10102 on display 0
01-01 07:12:28.118   917  1485 D ActivityManager: finishRunningVoiceLocked()  >>>>
01-01 07:12:28.502   917  1486 W ActivityManager: Unable to start service Intent { act=com.google.android.gms.analytics.service.START (has extras) } U=0: not found
01-01 07:12:28.506   917  3354 W ActivityManager: Unable to start service Intent { act=com.google.android.gms.analytics.service.START (has extras) } U=0: not found
01-01 07:12:28.530   917  1487 W ActivityManager: Unable to start service Intent { act=com.google.android.gms.analytics.service.START (has extras) } U=0: not found
01-01 07:12:28.628   917  9155 I ActivityManager: Process com.youdao.dict:yddictpush (pid 10843) has died
01-01 07:12:28.628   917  9155 W ActivityManager: Scheduling restart of crashed service com.youdao.dict/com.youdao.note.statistics.UploadYNoteStatsServiece in 1000ms
01-01 07:12:28.700   917  1483 I ActivityManager: Process com.youdao.dict:yddictreview (pid 10856) has died
01-01 07:12:28.940   917   935 I ActivityManager: Displayed com.youdao.dict/.activity.MainActivity: +784ms
01-01 07:12:29.623   917  1485 W ActivityManager: Unable to start service Intent { act=com.google.android.gms.analytics.service.START (has extras) } U=0: not found
01-01 07:12:29.785   917  9155 I ActivityManager: Process com.youdao.dict:yddictpush (pid 10906) has died
01-01 07:12:30.899   917  1483 W ActivityManager: Unable to start service Intent { act=com.google.android.gms.analytics.service.START (has extras) } U=0: not found
01-01 07:12:33.507   917  9155 W ActivityManager: Unable to start service Intent { act=com.google.android.gms.analytics.service.START (has extras) } U=0: not found
01-01 07:12:36.569   917  9155 I ActivityManager: Force stopping com.youdao.dict appid=10102 user=0: from pid 10934
01-01 07:12:36.570   917  9155 I ActivityManager: Killing 10812:com.youdao.dict/u0a102 (adj 0): stop com.youdao.dict
01-01 07:12:36.686   917  9155 W ActivityManager: Force removing ActivityRecord{26654b0 u0 com.youdao.dict/.activity.MainActivity t37}: app died, no saved state
01-01 07:12:36.724   917  9155 D ActivityManager: finishRunningVoiceLocked()  >>>>
01-01 07:12:36.742   917  9155 I ActivityManager: Killing 10836:com.youdao.dict:yddictclip/u0a102 (adj 500): stop com.youdao.dict
01-01 07:12:36.837   917  9155 W ActivityManager: Scheduling restart of crashed service com.youdao.dict/.backend.ClipboardWatcher in 1000ms
01-01 07:12:36.842   917  9155 I ActivityManager:   Force stopping service ServiceRecord{a8e44e5 u0 com.youdao.dict/.backend.ClipboardWatcher}
01-01 07:12:36.850   917  1482 W ActivityManager: Spurious death for ProcessRecord{c79fb37 0:com.youdao.dict/u0a102}, curProc for 10812: null
01-01 07:12:36.855   917  1487 W ActivityManager: Spurious death for ProcessRecord{e04e8a4 0:com.youdao.dict:yddictclip/u0a102}, curProc for 10836: null
01-01 07:12:37.811   917   928 I ActivityManager: START u0 {act=android.intent.action.MAIN cat=[android.intent.category.LAUNCHER] flg=0x10200000 cmp=com.youdao.dict/.activity.DictSplashActivity} from uid 2000 on display 0
01-01 07:12:37.828   917   928 D ActivityManager: finishRunningVoiceLocked()  >>>>
01-01 07:12:38.159   917  1486 W ActivityManager: Unable to start service Intent { act=com.google.android.gms.analytics.service.START (has extras) } U=0: not found
01-01 07:12:38.482   917   935 I ActivityManager: Displayed com.youdao.dict/.activity.DictSplashActivity: +597ms
01-01 07:12:40.371   917  1487 I ActivityManager: START u0 {cmp=com.youdao.dict/.activity.MainActivity} from uid 10102 on display 0
01-01 07:12:40.393   917  1487 D ActivityManager: finishRunningVoiceLocked()  >>>>
01-01 07:12:40.774   917  5197 W ActivityManager: Unable to start service Intent { act=com.google.android.gms.analytics.service.START (has extras) } U=0: not found
01-01 07:12:40.793   917  1485 W ActivityManager: Unable to start service Intent { act=com.google.android.gms.analytics.service.START (has extras) } U=0: not found
01-01 07:12:40.794   917  1486 W ActivityManager: Unable to start service Intent { act=com.google.android.gms.analytics.service.START (has extras) } U=0: not found
01-01 07:12:40.889   917  5197 I ActivityManager: Process com.youdao.dict:yddictpush (pid 10990) has died
01-01 07:12:40.889   917  5197 W ActivityManager: Scheduling restart of crashed service com.youdao.dict/com.youdao.note.statistics.UploadYNoteStatsServiece in 1000ms
01-01 07:12:40.991   917  1487 I ActivityManager: Process com.youdao.dict:yddictreview (pid 11002) has died
01-01 07:12:41.122   917   935 I ActivityManager: Displayed com.youdao.dict/.activity.MainActivity: +692ms
01-01 07:12:41.881   917  1486 W ActivityManager: Unable to start service Intent { act=com.google.android.gms.analytics.service.START (has extras) } U=0: not found
01-01 07:12:42.092   917  1484 I ActivityManager: Process com.youdao.dict:yddictpush (pid 11055) has died
01-01 07:12:43.168   917  1482 W ActivityManager: Unable to start service Intent { act=com.google.android.gms.analytics.service.START (has extras) } U=0: not found
01-01 07:12:45.798   917  5197 W ActivityManager: Unable to start service Intent { act=com.google.android.gms.analytics.service.START (has extras) } U=0: not found
01-01 07:12:48.933   917   928 I ActivityManager: Force stopping com.youdao.dict appid=10102 user=0: from pid 11083
01-01 07:12:48.933   917   928 I ActivityManager: Killing 10957:com.youdao.dict/u0a102 (adj 0): stop com.youdao.dict
01-01 07:12:49.063   917   928 W ActivityManager: Force removing ActivityRecord{498904 u0 com.youdao.dict/.activity.MainActivity t38}: app died, no saved state
01-01 07:12:49.080   917   928 D ActivityManager: finishRunningVoiceLocked()  >>>>
01-01 07:12:49.091   917   928 I ActivityManager: Killing 10984:com.youdao.dict:yddictclip/u0a102 (adj 500): stop com.youdao.dict
01-01 07:12:49.198   917   928 W ActivityManager: Scheduling restart of crashed service com.youdao.dict/.backend.ClipboardWatcher in 1000ms
01-01 07:12:49.202   917   928 I ActivityManager:   Force stopping service ServiceRecord{15d5c0f u0 com.youdao.dict/.backend.ClipboardWatcher}
01-01 07:12:49.210   917  3354 W ActivityManager: Spurious death for ProcessRecord{601741b 0:com.youdao.dict/u0a102}, curProc for 10957: null
01-01 07:12:49.236   917   927 W ActivityManager: Spurious death for ProcessRecord{7e0d9b8 0:com.youdao.dict:yddictclip/u0a102}, curProc for 10984: null
01-01 07:12:50.197   917  1488 I ActivityManager: START u0 {act=android.intent.action.MAIN cat=[android.intent.category.LAUNCHER] flg=0x10200000 cmp=com.youdao.dict/.activity.DictSplashActivity} from uid 2000 on display 0
01-01 07:12:50.207   917  1488 D ActivityManager: finishRunningVoiceLocked()  >>>>
01-01 07:12:50.513   917  5197 W ActivityManager: Unable to start service Intent { act=com.google.android.gms.analytics.service.START (has extras) } U=0: not found
01-01 07:12:50.989   917   935 I ActivityManager: Displayed com.youdao.dict/.activity.DictSplashActivity: +763ms
01-01 07:12:52.818   917  9155 I ActivityManager: START u0 {cmp=com.youdao.dict/.activity.MainActivity} from uid 10102 on display 0
01-01 07:12:52.827   917  9155 D ActivityManager: finishRunningVoiceLocked()  >>>>
01-01 07:12:53.299   917  5197 W ActivityManager: Unable to start service Intent { act=com.google.android.gms.analytics.service.START (has extras) } U=0: not found
01-01 07:12:53.305   917  1482 W ActivityManager: Unable to start service Intent { act=com.google.android.gms.analytics.service.START (has extras) } U=0: not found
01-01 07:12:53.315   917   928 W ActivityManager: Unable to start service Intent { act=com.google.android.gms.analytics.service.START (has extras) } U=0: not found
01-01 07:12:53.448   917  5197 I ActivityManager: Process com.youdao.dict:yddictpush (pid 11146) has died
01-01 07:12:53.449   917  5197 W ActivityManager: Scheduling restart of crashed service com.youdao.dict/com.youdao.note.statistics.UploadYNoteStatsServiece in 1000ms
01-01 07:12:53.483   917  1483 I ActivityManager: Process com.youdao.dict:yddictreview (pid 11152) has died
01-01 07:12:53.688   917   935 I ActivityManager: Displayed com.youdao.dict/.activity.MainActivity: +814ms
01-01 07:12:54.388   917   927 W ActivityManager: Unable to start service Intent { act=com.google.android.gms.analytics.service.START (has extras) } U=0: not found
01-01 07:12:54.539   917  9155 I ActivityManager: Process com.youdao.dict:yddictpush (pid 11203) has died
01-01 07:12:55.516   917  5197 W ActivityManager: Unable to start service Intent { act=com.google.android.gms.analytics.service.START (has extras) } U=0: not found
01-01 07:12:58.319   917  9155 W ActivityManager: Unable to start service Intent { act=com.google.android.gms.analytics.service.START (has extras) } U=0: not found
01-01 07:13:01.158   917  3354 I ActivityManager: Force stopping com.youdao.dict appid=10102 user=0: from pid 11231
01-01 07:13:01.159   917  3354 I ActivityManager: Killing 11107:com.youdao.dict/u0a102 (adj 0): stop com.youdao.dict
01-01 07:13:01.265   917  3354 W ActivityManager: Force removing ActivityRecord{48b9418 u0 com.youdao.dict/.activity.MainActivity t39}: app died, no saved state
01-01 07:13:01.277   917  3354 D ActivityManager: finishRunningVoiceLocked()  >>>>
01-01 07:13:01.287   917  3354 I ActivityManager: Killing 11133:com.youdao.dict:yddictclip/u0a102 (adj 500): stop com.youdao.dict
01-01 07:13:01.384   917  3354 W ActivityManager: Scheduling restart of crashed service com.youdao.dict/.backend.ClipboardWatcher in 1000ms
01-01 07:13:01.387   917  3354 I ActivityManager:   Force stopping service ServiceRecord{faba0ad u0 com.youdao.dict/.backend.ClipboardWatcher}
01-01 07:13:01.394   917  1483 W ActivityManager: Spurious death for ProcessRecord{2d724ea 0:com.youdao.dict/u0a102}, curProc for 11107: null
01-01 07:13:01.416   917  1486 W ActivityManager: Spurious death for ProcessRecord{9d633db 0:com.youdao.dict:yddictclip/u0a102}, curProc for 11133: null
01-01 07:13:02.351   917  9155 I ActivityManager: START u0 {act=android.intent.action.MAIN cat=[android.intent.category.LAUNCHER] flg=0x10200000 cmp=com.youdao.dict/.activity.DictSplashActivity} from uid 2000 on display 0
01-01 07:13:02.356   917  9155 D ActivityManager: finishRunningVoiceLocked()  >>>>
01-01 07:13:02.581   917  3354 W ActivityManager: Unable to start service Intent { act=com.google.android.gms.analytics.service.START (has extras) } U=0: not found
01-01 07:13:02.953   917   935 I ActivityManager: Displayed com.youdao.dict/.activity.DictSplashActivity: +575ms
01-01 07:13:04.831   917  3354 I ActivityManager: START u0 {cmp=com.youdao.dict/.activity.MainActivity} from uid 10102 on display 0
01-01 07:13:04.840   917  3354 D ActivityManager: finishRunningVoiceLocked()  >>>>
01-01 07:13:05.170   917  1483 W ActivityManager: Unable to start service Intent { act=com.google.android.gms.analytics.service.START (has extras) } U=0: not found
01-01 07:13:05.187   917  1482 W ActivityManager: Unable to start service Intent { act=com.google.android.gms.analytics.service.START (has extras) } U=0: not found
01-01 07:13:05.201   917   928 W ActivityManager: Unable to start service Intent { act=com.google.android.gms.analytics.service.START (has extras) } U=0: not found
01-01 07:13:05.298   917  3354 I ActivityManager: Process com.youdao.dict:yddictpush (pid 11295) has died
01-01 07:13:05.298   917  3354 W ActivityManager: Scheduling restart of crashed service com.youdao.dict/com.youdao.note.statistics.UploadYNoteStatsServiece in 1000ms
01-01 07:13:05.380   917   928 I ActivityManager: Process com.youdao.dict:yddictreview (pid 11300) has died
01-01 07:13:05.649   917   935 I ActivityManager: Displayed com.youdao.dict/.activity.MainActivity: +768ms
01-01 07:13:06.400   917  1483 W ActivityManager: Unable to start service Intent { act=com.google.android.gms.analytics.service.START (has extras) } U=0: not found
01-01 07:13:06.566   917   928 I ActivityManager: Process com.youdao.dict:yddictpush (pid 11351) has died
01-01 07:13:07.589   917  1484 W ActivityManager: Unable to start service Intent { act=com.google.android.gms.analytics.service.START (has extras) } U=0: not found
01-01 07:13:10.176   917  5197 W ActivityManager: Unable to start service Intent { act=com.google.android.gms.analytics.service.START (has extras) } U=0: not found
01-01 07:13:13.349   917  1483 I ActivityManager: Force stopping com.youdao.dict appid=10102 user=0: from pid 11377
01-01 07:13:13.349   917  1483 I ActivityManager: Killing 11255:com.youdao.dict/u0a102 (adj 0): stop com.youdao.dict
01-01 07:13:13.515   917  1483 W ActivityManager: Force removing ActivityRecord{f82bbbb u0 com.youdao.dict/.activity.MainActivity t40}: app died, no saved state
01-01 07:13:13.542   917  1483 D ActivityManager: finishRunningVoiceLocked()  >>>>
01-01 07:13:13.550   917  1483 I ActivityManager: Killing 11281:com.youdao.dict:yddictclip/u0a102 (adj 500): stop com.youdao.dict
01-01 07:13:13.616   917  1483 W ActivityManager: Scheduling restart of crashed service com.youdao.dict/.backend.ClipboardWatcher in 1000ms
01-01 07:13:13.618   917  1483 I ActivityManager:   Force stopping service ServiceRecord{e38ea84 u0 com.youdao.dict/.backend.ClipboardWatcher}
01-01 07:13:13.623   917   927 W ActivityManager: Spurious death for ProcessRecord{cab139e 0:com.youdao.dict/u0a102}, curProc for 11255: null
01-01 07:13:13.624   917  1487 W ActivityManager: Spurious death for ProcessRecord{f05ae7f 0:com.youdao.dict:yddictclip/u0a102}, curProc for 11281: null
01-01 07:13:14.532   917   930 I ActivityManager: Force stopping com.youdao.dict appid=10102 user=-1: uninstall pkg
01-01 07:13:14.820   917   940 I ActivityManager: Force stopping com.youdao.dict appid=10102 user=0: pkg removed
01-01 07:13:40.865   917   940 I PackageManager: Verification timed out for file:///data/app/vmdl1269921073.tmp
01-01 07:13:40.866   917   940 I PackageManager: Continuing with installation of file:///data/app/vmdl1269921073.tmp
01-01 07:13:43.015   917   940 W PackageManager: Not granting permission android.permission.MOUNT_UNMOUNT_FILESYSTEMS to package com.youdao.dict (protectionLevel=18 flags=0x1808be44)
01-01 07:13:43.015   917   940 W PackageManager: Unknown permission android.permission.SYSTEM_OVERLAY_WINDOW in package com.youdao.dict
01-01 07:13:43.015   917   940 W PackageManager: Not granting permission android.permission.ACCESS_DOWNLOAD_MANAGER to package com.youdao.dict (protectionLevel=18 flags=0x1808be44)
01-01 07:13:43.117   917   940 E PackageManager: Failed to create app data for com.youdao.dict: com.android.internal.os.InstallerConnection$InstallerException: Failed to execute create_app_data [null, com.youdao.dict, 0, 3, 10103, default, 13]: -1
01-01 07:13:44.227   917  1487 I ActivityManager: START u0 {act=android.intent.action.MAIN cat=[android.intent.category.LAUNCHER] flg=0x10200000 cmp=com.youdao.dict/.activity.DictSplashActivity} from uid 2000 on display 0
01-01 07:13:44.234   917  1487 D ActivityManager: finishRunningVoiceLocked()  >>>>
01-01 07:13:45.345   917   935 I ActivityManager: Displayed com.youdao.dict/.activity.DictSplashActivity: +1s83ms
01-01 07:13:46.193   917  1487 I ActivityManager: START u0 {cmp=com.youdao.dict/.activity.DictGuideActivity} from uid 10103 on display 0
01-01 07:13:46.201   917  1487 D ActivityManager: finishRunningVoiceLocked()  >>>>
01-01 07:13:46.708   917   935 I ActivityManager: Displayed com.youdao.dict/.activity.DictGuideActivity: +488ms
01-01 07:13:53.637   917   940 W PackageManager: Invalid verification token 6 received
01-01 07:13:55.189   917   928 I ActivityManager: Force stopping com.youdao.dict appid=10103 user=0: from pid 11529
01-01 07:13:55.191   917   928 I ActivityManager: Killing 11496:com.youdao.dict/u0a103 (adj 0): stop com.youdao.dict
01-01 07:13:55.333   917   928 W ActivityManager: Force removing ActivityRecord{195d77 u0 com.youdao.dict/.activity.DictGuideActivity t40}: app died, no saved state
01-01 07:13:55.364   917   928 D ActivityManager: finishRunningVoiceLocked()  >>>>
01-01 07:13:55.386   917  3354 W ActivityManager: Spurious death for ProcessRecord{4d84eb2 0:com.youdao.dict/u0a103}, curProc for 11496: null
01-01 07:13:57.002   917  5197 I ActivityManager: START u0 {act=android.intent.action.MAIN cat=[android.intent.category.LAUNCHER] flg=0x10200000 cmp=com.youdao.dict/.activity.DictSplashActivity} from uid 2000 on display 0
01-01 07:13:57.007   917  5197 D ActivityManager: finishRunningVoiceLocked()  >>>>
01-01 07:13:57.677   917   935 I ActivityManager: Displayed com.youdao.dict/.activity.DictSplashActivity: +656ms
01-01 07:13:58.500   917  1484 I ActivityManager: START u0 {cmp=com.youdao.dict/.activity.MainActivity} from uid 10103 on display 0
01-01 07:13:58.529   917  1484 D ActivityManager: finishRunningVoiceLocked()  >>>>
01-01 07:13:59.088   917   927 I ActivityManager: Process com.youdao.dict:yddictpush (pid 11607) has died
01-01 07:13:59.119   917  1485 I ActivityManager: Process com.youdao.dict:yddictreview (pid 11601) has died
01-01 07:13:59.514   917   935 I ActivityManager: Displayed com.youdao.dict/.activity.MainActivity: +967ms
01-01 07:14:00.333   917  1486 I ActivityManager: Process com.youdao.dict:yddictpush (pid 11646) has died
01-01 07:14:07.975   917  3354 I ActivityManager: Force stopping com.youdao.dict appid=10103 user=0: from pid 11675
01-01 07:14:07.975   917  3354 I ActivityManager: Killing 11553:com.youdao.dict/u0a103 (adj 0): stop com.youdao.dict
01-01 07:14:08.131   917  3354 W ActivityManager: Force removing ActivityRecord{ae9f95e u0 com.youdao.dict/.activity.MainActivity t41}: app died, no saved state
01-01 07:14:08.148   917  3354 D ActivityManager: finishRunningVoiceLocked()  >>>>
01-01 07:14:08.160   917  3354 I ActivityManager: Killing 11579:com.youdao.dict:yddictclip/u0a103 (adj 500): stop com.youdao.dict
01-01 07:14:08.273   917  3354 W ActivityManager: Scheduling restart of crashed service com.youdao.dict/.backend.ClipboardWatcher in 1000ms
01-01 07:14:08.278   917  3354 I ActivityManager:   Force stopping service ServiceRecord{4787f55 u0 com.youdao.dict/.backend.ClipboardWatcher}
01-01 07:14:08.288   917  1482 W ActivityManager: Spurious death for ProcessRecord{c42c8ca 0:com.youdao.dict/u0a103}, curProc for 11553: null
01-01 07:14:08.294   917   928 W ActivityManager: Spurious death for ProcessRecord{7d93a3b 0:com.youdao.dict:yddictclip/u0a103}, curProc for 11579: null
01-01 07:14:09.643   917  9155 I ActivityManager: START u0 {act=android.intent.action.MAIN cat=[android.intent.category.LAUNCHER] flg=0x10200000 cmp=com.youdao.dict/.activity.DictSplashActivity} from uid 2000 on display 0
01-01 07:14:09.648   917  9155 D ActivityManager: finishRunningVoiceLocked()  >>>>
01-01 07:14:10.390   917   935 I ActivityManager: Displayed com.youdao.dict/.activity.DictSplashActivity: +724ms
01-01 07:14:11.238   917  1482 I ActivityManager: START u0 {cmp=com.youdao.dict/.activity.MainActivity} from uid 10103 on display 0
01-01 07:14:11.262   917  1482 D ActivityManager: finishRunningVoiceLocked()  >>>>
01-01 07:14:11.859   917  3354 I ActivityManager: Process com.youdao.dict:yddictpush (pid 11746) has died
01-01 07:14:11.860   917   928 I ActivityManager: Process com.youdao.dict:yddictreview (pid 11741) has died
01-01 07:14:12.179   917   935 I ActivityManager: Displayed com.youdao.dict/.activity.MainActivity: +892ms
01-01 07:14:12.920   917  9155 I ActivityManager: Process com.youdao.dict:yddictpush (pid 11787) has died
01-01 07:14:20.583   917  3354 I ActivityManager: Force stopping com.youdao.dict appid=10103 user=0: from pid 11814
01-01 07:14:20.584   917  3354 I ActivityManager: Killing 11699:com.youdao.dict/u0a103 (adj 0): stop com.youdao.dict
01-01 07:14:20.778   917  3354 W ActivityManager: Force removing ActivityRecord{fb7a8f6 u0 com.youdao.dict/.activity.MainActivity t42}: app died, no saved state
01-01 07:14:20.812   917  3354 D ActivityManager: finishRunningVoiceLocked()  >>>>
01-01 07:14:20.823   917  3354 I ActivityManager: Killing 11725:com.youdao.dict:yddictclip/u0a103 (adj 500): stop com.youdao.dict
01-01 07:14:20.918   917  3354 W ActivityManager: Scheduling restart of crashed service com.youdao.dict/.backend.ClipboardWatcher in 1000ms
01-01 07:14:20.921   917  3354 I ActivityManager:   Force stopping service ServiceRecord{656e0ce u0 com.youdao.dict/.backend.ClipboardWatcher}
01-01 07:14:20.929   917  1488 W ActivityManager: Spurious death for ProcessRecord{eb4ba18 0:com.youdao.dict/u0a103}, curProc for 11699: null
01-01 07:14:20.932   917  1484 W ActivityManager: Spurious death for ProcessRecord{a36bc71 0:com.youdao.dict:yddictclip/u0a103}, curProc for 11725: null
01-01 07:14:21.897   917   928 I ActivityManager: START u0 {act=android.intent.action.MAIN cat=[android.intent.category.LAUNCHER] flg=0x10200000 cmp=com.youdao.dict/.activity.DictSplashActivity} from uid 2000 on display 0
01-01 07:14:21.899   917   928 D ActivityManager: finishRunningVoiceLocked()  >>>>
01-01 07:14:22.624   917   935 I ActivityManager: Displayed com.youdao.dict/.activity.DictSplashActivity: +701ms
01-01 07:14:23.447   917  1485 I ActivityManager: START u0 {cmp=com.youdao.dict/.activity.MainActivity} from uid 10103 on display 0
01-01 07:14:23.472   917  1485 D ActivityManager: finishRunningVoiceLocked()  >>>>
01-01 07:14:23.978   917  1486 I ActivityManager: Process com.youdao.dict:yddictreview (pid 11878) has died
01-01 07:14:24.038   917  1487 I ActivityManager: Process com.youdao.dict:yddictpush (pid 11883) has died
01-01 07:14:24.357   917   935 I ActivityManager: Displayed com.youdao.dict/.activity.MainActivity: +869ms
01-01 07:14:25.169   917  1485 I ActivityManager: Process com.youdao.dict:yddictpush (pid 11925) has died
01-01 07:14:32.866   917  1482 I ActivityManager: Force stopping com.youdao.dict appid=10103 user=0: from pid 11956
01-01 07:14:32.866   917  1482 I ActivityManager: Killing 11837:com.youdao.dict/u0a103 (adj 0): stop com.youdao.dict
01-01 07:14:33.020   917  1482 W ActivityManager: Force removing ActivityRecord{7c74751 u0 com.youdao.dict/.activity.MainActivity t43}: app died, no saved state
01-01 07:14:33.049   917  1482 D ActivityManager: finishRunningVoiceLocked()  >>>>
01-01 07:14:33.062   917  1482 I ActivityManager: Killing 11862:com.youdao.dict:yddictclip/u0a103 (adj 500): stop com.youdao.dict
01-01 07:14:33.149   917  1482 W ActivityManager: Scheduling restart of crashed service com.youdao.dict/.backend.ClipboardWatcher in 1000ms
01-01 07:14:33.153   917  1482 I ActivityManager:   Force stopping service ServiceRecord{4da8f89 u0 com.youdao.dict/.backend.ClipboardWatcher}
01-01 07:14:33.159   917  1483 W ActivityManager: Spurious death for ProcessRecord{aceb9bb 0:com.youdao.dict/u0a103}, curProc for 11837: null
01-01 07:14:33.161   917  1484 W ActivityManager: Spurious death for ProcessRecord{83e3ed8 0:com.youdao.dict:yddictclip/u0a103}, curProc for 11862: null
01-01 07:14:34.122   917  3354 I ActivityManager: START u0 {act=android.intent.action.MAIN cat=[android.intent.category.LAUNCHER] flg=0x10200000 cmp=com.youdao.dict/.activity.DictSplashActivity} from uid 2000 on display 0
01-01 07:14:34.139   917  3354 D ActivityManager: finishRunningVoiceLocked()  >>>>
01-01 07:14:34.941   917   935 I ActivityManager: Displayed com.youdao.dict/.activity.DictSplashActivity: +787ms
01-01 07:14:35.771   917  5197 I ActivityManager: START u0 {cmp=com.youdao.dict/.activity.MainActivity} from uid 10103 on display 0
01-01 07:14:35.790   917  5197 D ActivityManager: finishRunningVoiceLocked()  >>>>
01-01 07:14:36.308   917  1488 I ActivityManager: Process com.youdao.dict:yddictreview (pid 12027) has died
01-01 07:14:36.359   917  1483 I ActivityManager: Process com.youdao.dict:yddictpush (pid 12022) has died
01-01 07:14:36.658   917   935 I ActivityManager: Displayed com.youdao.dict/.activity.MainActivity: +852ms
01-01 07:14:37.516   917  5197 I ActivityManager: Process com.youdao.dict:yddictpush (pid 12068) has died
01-01 07:14:45.126   917 12096 I ActivityManager: Force stopping com.youdao.dict appid=10103 user=0: from pid 12133
01-01 07:14:45.126   917 12096 I ActivityManager: Killing 11979:com.youdao.dict/u0a103 (adj 0): stop com.youdao.dict
01-01 07:14:45.202   917 12096 W ActivityManager: Force removing ActivityRecord{b420938 u0 com.youdao.dict/.activity.MainActivity t44}: app died, no saved state
01-01 07:14:45.238   917 12096 D ActivityManager: finishRunningVoiceLocked()  >>>>
01-01 07:14:45.246   917 12096 I ActivityManager: Killing 12006:com.youdao.dict:yddictclip/u0a103 (adj 500): stop com.youdao.dict
01-01 07:14:45.360   917 12096 W ActivityManager: Scheduling restart of crashed service com.youdao.dict/.backend.ClipboardWatcher in 1000ms
01-01 07:14:45.363   917 12096 I ActivityManager:   Force stopping service ServiceRecord{400c750 u0 com.youdao.dict/.backend.ClipboardWatcher}
01-01 07:14:45.376   917  1482 W ActivityManager: Spurious death for ProcessRecord{9fdd982 0:com.youdao.dict:yddictclip/u0a103}, curProc for 12006: null
01-01 07:14:46.284   917  9155 I ActivityManager: START u0 {act=android.intent.action.MAIN cat=[android.intent.category.LAUNCHER] flg=0x10200000 cmp=com.youdao.dict/.activity.DictSplashActivity} from uid 2000 on display 0
01-01 07:14:46.290   917  9155 D ActivityManager: finishRunningVoiceLocked()  >>>>
01-01 07:14:46.991   917   935 I ActivityManager: Displayed com.youdao.dict/.activity.DictSplashActivity: +678ms
01-01 07:14:47.848   917   927 I ActivityManager: START u0 {cmp=com.youdao.dict/.activity.MainActivity} from uid 10103 on display 0
01-01 07:14:47.870   917   927 D ActivityManager: finishRunningVoiceLocked()  >>>>
01-01 07:14:48.386   917  1482 I ActivityManager: Process com.youdao.dict:yddictpush (pid 12196) has died
01-01 07:14:48.430   917  1483 I ActivityManager: Process com.youdao.dict:yddictreview (pid 12211) has died
01-01 07:14:48.597   917   935 I ActivityManager: Displayed com.youdao.dict/.activity.MainActivity: +717ms
01-01 07:14:49.507   917   928 I ActivityManager: Process com.youdao.dict:yddictpush (pid 12246) has died
01-01 07:14:54.997   917   930 I ActivityManager: Waited long enough for: ServiceRecord{bf43cf3 u0 com.google.android.gms/.checkin.CheckinService}
01-01 07:14:57.273   917  9155 I ActivityManager: Force stopping com.youdao.dict appid=10103 user=0: from pid 12277
01-01 07:14:57.273   917  9155 I ActivityManager: Killing 12159:com.youdao.dict/u0a103 (adj 0): stop com.youdao.dict
