--------- beginning of main
--------- beginning of system
01-01 07:03:11.051   917   930 I ActivityManager: Waited long enough for: ServiceRecord{d8b8e34 u0 com.android.providers.downloads/.DownloadService}
01-01 07:03:13.734   917  1488 I ActivityManager: START u0 {flg=0x50000000 cmp=com.android.vending/com.google.android.vending.verifier.ConsentDialog (has extras)} from uid 10026 on display 0
01-01 07:03:13.740   917  1488 D ActivityManager: finishRunningVoiceLocked()  >>>>
01-01 07:03:14.110   917   935 I ActivityManager: Displayed com.android.vending/com.google.android.vending.verifier.ConsentDialog: +352ms
01-01 07:03:16.753   917  1484 D ActivityManager: finishRunningVoiceLocked()  >>>>
01-01 07:03:39.995   917   940 W PackageManager: Package com.youdao.dict has activity com.alipay.android.mini.window.sdk.MiniPayActivity with priority > 0, forcing to 0
01-01 07:03:40.143   917   940 W PackageManager: Not granting permission android.permission.MOUNT_UNMOUNT_FILESYSTEMS to package com.youdao.dict (protectionLevel=18 flags=0x1808be44)
01-01 07:03:40.144   917   940 W PackageManager: Unknown permission android.permission.SYSTEM_OVERLAY_WINDOW in package com.youdao.dict
01-01 07:03:40.144   917   940 W PackageManager: Not granting permission android.permission.ACCESS_DOWNLOAD_MANAGER to package com.youdao.dict (protectionLevel=18 flags=0x1808be44)
01-01 07:03:40.144   917   940 W PackageManager: Unknown permission android.permission.READ_SETTINGS in package com.youdao.dict
01-01 07:03:40.146   917   940 W PackageManager: Not granting permission android.permission.READ_LOGS to package com.youdao.dict (protectionLevel=50 flags=0x1808be44)
01-01 07:03:41.411   917   927 I ActivityManager: START u0 {act=android.intent.action.MAIN cat=[android.intent.category.LAUNCHER] flg=0x10200000 cmp=com.youdao.dict/.activity.DictSplashActivity} from uid 2000 on display 0
01-01 07:03:41.418   917   927 D ActivityManager: finishRunningVoiceLocked()  >>>>
01-01 07:03:43.035   917  1486 I ActivityManager: START u0 {cmp=com.youdao.dict/.activity.DictGuideActivity} from uid 10097 on display 0
01-01 07:03:43.037   917  1486 D ActivityManager: finishRunningVoiceLocked()  >>>>
01-01 07:03:43.715   917   935 I ActivityManager: Displayed com.youdao.dict/.activity.DictGuideActivity: +642ms (total +2s268ms)
01-01 07:03:52.338   917  1484 I ActivityManager: Force stopping com.youdao.dict appid=10097 user=0: from pid 5493
01-01 07:03:52.338   917  1484 I ActivityManager: Killing 5392:com.youdao.dict/u0a97 (adj 0): stop com.youdao.dict
01-01 07:03:52.461   917  1484 W ActivityManager: Force removing ActivityRecord{dd26047 u0 com.youdao.dict/.activity.DictGuideActivity t10}: app died, no saved state
01-01 07:03:52.475   917  1484 D ActivityManager: finishRunningVoiceLocked()  >>>>
01-01 07:03:52.504   917  1483 W ActivityManager: Spurious death for ProcessRecord{d1ae770 0:com.youdao.dict/u0a97}, curProc for 5392: null
01-01 07:03:53.496   917  1485 I ActivityManager: START u0 {act=android.intent.action.MAIN cat=[android.intent.category.LAUNCHER] flg=0x10200000 cmp=com.youdao.dict/.activity.DictSplashActivity} from uid 2000 on display 0
01-01 07:03:53.504   917  1485 D ActivityManager: finishRunningVoiceLocked()  >>>>
01-01 07:03:55.244   917   935 I ActivityManager: Displayed com.youdao.dict/.activity.DictSplashActivity: +1s706ms
01-01 07:03:55.253   917   928 I ActivityManager: START u0 {cmp=com.youdao.dict/.activity.MainActivity (has extras)} from uid 10097 on display 0
01-01 07:03:55.262   917   928 D ActivityManager: finishRunningVoiceLocked()  >>>>
01-01 07:03:55.514   917   930 I ActivityManager: Waited long enough for: ServiceRecord{cb5edf0 u0 com.motorola.android.buacontactadapter/.AuthenticationService}
01-01 07:03:55.878   917  1486 I ActivityManager: Process com.youdao.dict:yddictpush (pid 5619) has died
01-01 07:03:56.071   917   935 I ActivityManager: Displayed com.youdao.dict/.activity.MainActivity: +747ms
01-01 07:03:56.943   917  5197 I ActivityManager: Process com.youdao.dict:yddictpush (pid 5676) has died
01-01 07:04:03.522   917   930 W ActivityManager: Launch timeout has expired, giving up wake lock!
01-01 07:04:04.510   917  1485 I ActivityManager: Force stopping com.youdao.dict appid=10097 user=0: from pid 5710
01-01 07:04:04.510   917  1485 I ActivityManager: Killing 5518:com.youdao.dict/u0a97 (adj 0): stop com.youdao.dict
01-01 07:04:04.643   917  1485 W ActivityManager: Force removing ActivityRecord{717cc3d u0 com.youdao.dict/.activity.MainActivity t11}: app died, no saved state
01-01 07:04:04.655   917  1485 D ActivityManager: finishRunningVoiceLocked()  >>>>
01-01 07:04:04.667   917  1485 I ActivityManager: Killing 5595:com.youdao.dict:yddictclip/u0a97 (adj 500): stop com.youdao.dict
01-01 07:04:04.760   917  1485 W ActivityManager: Scheduling restart of crashed service com.youdao.dict/.backend.ClipboardWatcher in 1000ms
01-01 07:04:04.765   917  1485 I ActivityManager:   Force stopping service ServiceRecord{e7a2a56 u0 com.youdao.dict/.backend.ClipboardWatcher}
01-01 07:04:04.772   917   927 W ActivityManager: Spurious death for ProcessRecord{9ffd8bf 0:com.youdao.dict/u0a97}, curProc for 5518: null
01-01 07:04:04.774   917   928 W ActivityManager: Spurious death for ProcessRecord{8b3ab8c 0:com.youdao.dict:yddictclip/u0a97}, curProc for 5595: null
01-01 07:04:05.723   917  1485 I ActivityManager: START u0 {act=android.intent.action.MAIN cat=[android.intent.category.LAUNCHER] flg=0x10200000 cmp=com.youdao.dict/.activity.DictSplashActivity} from uid 2000 on display 0
01-01 07:04:05.737   917  1485 D ActivityManager: finishRunningVoiceLocked()  >>>>
01-01 07:04:07.311   917  1488 I ActivityManager: START u0 {cmp=com.youdao.dict/.activity.MainActivity (has extras)} from uid 10097 on display 0
01-01 07:04:07.322   917  1488 D ActivityManager: finishRunningVoiceLocked()  >>>>
01-01 07:04:07.954   917  1483 I ActivityManager: Process com.youdao.dict:yddictpush (pid 5811) has died
01-01 07:04:08.009   917   935 I ActivityManager: Displayed com.youdao.dict/.activity.MainActivity: +635ms (total +2s257ms)
01-01 07:04:08.984   917  3354 I ActivityManager: Process com.youdao.dict:yddictpush (pid 5872) has died
01-01 07:04:15.744   917   930 W ActivityManager: Launch timeout has expired, giving up wake lock!
01-01 07:04:16.833   917  1483 I ActivityManager: Force stopping com.youdao.dict appid=10097 user=0: from pid 5896
01-01 07:04:16.834   917  1483 I ActivityManager: Killing 5735:com.youdao.dict/u0a97 (adj 0): stop com.youdao.dict
01-01 07:04:16.912   917  1483 W ActivityManager: Force removing ActivityRecord{9eb1669 u0 com.youdao.dict/.activity.MainActivity t12}: app died, no saved state
01-01 07:04:16.930   917  1483 D ActivityManager: finishRunningVoiceLocked()  >>>>
01-01 07:04:16.939   917  1483 I ActivityManager: Killing 5803:com.youdao.dict:yddictclip/u0a97 (adj 500): stop com.youdao.dict
01-01 07:04:16.999   917  1483 W ActivityManager: Scheduling restart of crashed service com.youdao.dict/.backend.ClipboardWatcher in 1000ms
01-01 07:04:17.003   917  1483 I ActivityManager:   Force stopping service ServiceRecord{b45c44c u0 com.youdao.dict/.backend.ClipboardWatcher}
01-01 07:04:17.005   917   928 W ActivityManager: Spurious death for ProcessRecord{9aae36f 0:com.youdao.dict/u0a97}, curProc for 5735: null
01-01 07:04:17.947   917  1484 I ActivityManager: START u0 {act=android.intent.action.MAIN cat=[android.intent.category.LAUNCHER] flg=0x10200000 cmp=com.youdao.dict/.activity.DictSplashActivity} from uid 2000 on display 0
01-01 07:04:17.953   917  1484 D ActivityManager: finishRunningVoiceLocked()  >>>>
01-01 07:04:19.418   917  5197 I ActivityManager: START u0 {cmp=com.youdao.dict/.activity.MainActivity (has extras)} from uid 10097 on display 0
01-01 07:04:19.439   917  5197 D ActivityManager: finishRunningVoiceLocked()  >>>>
01-01 07:04:20.008   917  1486 I ActivityManager: Process com.youdao.dict:yddictpush (pid 6003) has died
01-01 07:04:20.226   917   935 I ActivityManager: Displayed com.youdao.dict/.activity.MainActivity: +720ms (total +2s260ms)
01-01 07:04:21.143   917  5197 I ActivityManager: Process com.youdao.dict:yddictpush (pid 6058) has died
01-01 07:04:27.965   917   930 W ActivityManager: Launch timeout has expired, giving up wake lock!
01-01 07:04:28.973   917  1483 I ActivityManager: Force stopping com.youdao.dict appid=10097 user=0: from pid 6088
01-01 07:04:28.973   917  1483 I ActivityManager: Killing 5920:com.youdao.dict/u0a97 (adj 0): stop com.youdao.dict
01-01 07:04:29.074   917  1483 W ActivityManager: Force removing ActivityRecord{6fada86 u0 com.youdao.dict/.activity.MainActivity t13}: app died, no saved state
01-01 07:04:29.096   917  1483 D ActivityManager: finishRunningVoiceLocked()  >>>>
01-01 07:04:29.103   917  1483 I ActivityManager: Killing 5989:com.youdao.dict:yddictclip/u0a97 (adj 500): stop com.youdao.dict
01-01 07:04:29.169   917  1483 W ActivityManager: Scheduling restart of crashed service com.youdao.dict/.backend.ClipboardWatcher in 1000ms
01-01 07:04:29.170   917  1483 I ActivityManager:   Force stopping service ServiceRecord{91981a4 u0 com.youdao.dict/.backend.ClipboardWatcher}
01-01 07:04:29.173   917  1482 W ActivityManager: Spurious death for ProcessRecord{4004c3 0:com.youdao.dict/u0a97}, curProc for 5920: null
01-01 07:04:29.175   917  5197 W ActivityManager: Spurious death for ProcessRecord{e87a140 0:com.youdao.dict:yddictclip/u0a97}, curProc for 5989: null
01-01 07:04:30.118   917   927 I ActivityManager: START u0 {act=android.intent.action.MAIN cat=[android.intent.category.LAUNCHER] flg=0x10200000 cmp=com.youdao.dict/.activity.DictSplashActivity} from uid 2000 on display 0
01-01 07:04:30.120   917   927 D ActivityManager: finishRunningVoiceLocked()  >>>>
01-01 07:04:31.935   917  1487 I ActivityManager: START u0 {cmp=com.youdao.dict/.activity.MainActivity (has extras)} from uid 10097 on display 0
01-01 07:04:31.952   917  1487 D ActivityManager: finishRunningVoiceLocked()  >>>>
01-01 07:04:32.549   917  5197 I ActivityManager: Process com.youdao.dict:yddictpush (pid 6195) has died
01-01 07:04:32.714   917   935 I ActivityManager: Displayed com.youdao.dict/.activity.MainActivity: +694ms (total +2s565ms)
01-01 07:04:33.600   917  1487 I ActivityManager: Process com.youdao.dict:yddictpush (pid 6251) has died
01-01 07:04:40.131   917   930 W ActivityManager: Launch timeout has expired, giving up wake lock!
01-01 07:04:41.199   917  3354 I ActivityManager: Force stopping com.youdao.dict appid=10097 user=0: from pid 6277
01-01 07:04:41.199   917  3354 I ActivityManager: Killing 6113:com.youdao.dict/u0a97 (adj 0): stop com.youdao.dict
01-01 07:04:41.352   917  3354 W ActivityManager: Force removing ActivityRecord{7fe011b u0 com.youdao.dict/.activity.MainActivity t14}: app died, no saved state
01-01 07:04:41.371   917  3354 D ActivityManager: finishRunningVoiceLocked()  >>>>
01-01 07:04:41.384   917  3354 I ActivityManager: Killing 6181:com.youdao.dict:yddictclip/u0a97 (adj 500): stop com.youdao.dict
01-01 07:04:41.454   917  3354 W ActivityManager: Scheduling restart of crashed service com.youdao.dict/.backend.ClipboardWatcher in 1000ms
01-01 07:04:41.456   917  3354 I ActivityManager:   Force stopping service ServiceRecord{31df801 u0 com.youdao.dict/.backend.ClipboardWatcher}
01-01 07:04:41.460   917  1482 W ActivityManager: Spurious death for ProcessRecord{3c21d18 0:com.youdao.dict/u0a97}, curProc for 6113: null
01-01 07:04:41.463   917   928 W ActivityManager: Spurious death for ProcessRecord{713e371 0:com.youdao.dict:yddictclip/u0a97}, curProc for 6181: null
01-01 07:04:42.461   917  1482 I ActivityManager: START u0 {act=android.intent.action.MAIN cat=[android.intent.category.LAUNCHER] flg=0x10200000 cmp=com.youdao.dict/.activity.DictSplashActivity} from uid 2000 on display 0
01-01 07:04:42.468   917  1482 D ActivityManager: finishRunningVoiceLocked()  >>>>
01-01 07:04:44.183   917  5197 I ActivityManager: START u0 {cmp=com.youdao.dict/.activity.MainActivity (has extras)} from uid 10097 on display 0
01-01 07:04:44.217   917  5197 D ActivityManager: finishRunningVoiceLocked()  >>>>
01-01 07:04:44.738   917  3354 I ActivityManager: Process com.youdao.dict:yddictpush (pid 6383) has died
01-01 07:04:44.912   917   935 I ActivityManager: Displayed com.youdao.dict/.activity.MainActivity: +643ms (total +2s435ms)
01-01 07:04:45.855   917  1483 I ActivityManager: Process com.youdao.dict:yddictpush (pid 6441) has died
01-01 07:04:52.476   917   930 W ActivityManager: Launch timeout has expired, giving up wake lock!
01-01 07:04:53.629   917  5197 I ActivityManager: Force stopping com.youdao.dict appid=10097 user=0: from pid 6469
01-01 07:04:53.629   917  5197 I ActivityManager: Killing 6303:com.youdao.dict/u0a97 (adj 0): stop com.youdao.dict
01-01 07:04:53.814   917  5197 W ActivityManager: Force removing ActivityRecord{40a4d90 u0 com.youdao.dict/.activity.MainActivity t15}: app died, no saved state
01-01 07:04:53.831   917  5197 D ActivityManager: finishRunningVoiceLocked()  >>>>
01-01 07:04:53.838   917  5197 I ActivityManager: Killing 6370:com.youdao.dict:yddictclip/u0a97 (adj 500): stop com.youdao.dict
01-01 07:04:53.931   917  5197 W ActivityManager: Scheduling restart of crashed service com.youdao.dict/.backend.ClipboardWatcher in 1000ms
01-01 07:04:53.934   917  5197 I ActivityManager:   Force stopping service ServiceRecord{b3faf3e u0 com.youdao.dict/.backend.ClipboardWatcher}
01-01 07:04:53.939   917  3354 W ActivityManager: Spurious death for ProcessRecord{f75408f 0:com.youdao.dict/u0a97}, curProc for 6303: null
01-01 07:04:53.943   917  1486 W ActivityManager: Spurious death for ProcessRecord{c323f1c 0:com.youdao.dict:yddictclip/u0a97}, curProc for 6370: null
01-01 07:04:54.815   917   930 I ActivityManager: Force stopping com.youdao.dict appid=10097 user=-1: uninstall pkg
01-01 07:04:54.871   917   940 I PackageManager: Removing old permission: com.aaron.permission.ACCESS_DOWNLOAD_MANAGER_ADVANCED from package com.youdao.dict
01-01 07:04:54.871   917   940 I PackageManager: Removing old permission: com.aaron.permission.ACCESS_DOWNLOAD_MANAGER from package com.youdao.dict
01-01 07:04:54.872   917   940 I PackageManager: Removing old permission: com.aaron.permission.SEND_DOWNLOAD_COMPLETED_INTENTS from package com.youdao.dict
01-01 07:04:54.872   917   940 I PackageManager: Removing old permission: com.alipay.mobile.command.trigger.permission from package com.youdao.dict
01-01 07:04:55.207   917   940 I ActivityManager: Force stopping com.youdao.dict appid=10097 user=0: pkg removed
01-01 07:05:02.196   917   930 I ActivityManager: Waited long enough for: ServiceRecord{b4bd3f0 u0 com.android.providers.downloads/.DownloadService}
01-01 07:05:16.264   917   940 I PackageManager: Verification timed out for file:///data/app/vmdl1150554425.tmp
01-01 07:05:16.265   917   940 I PackageManager: Continuing with installation of file:///data/app/vmdl1150554425.tmp
01-01 07:05:17.777   917   940 W PackageManager: Not granting permission android.permission.MOUNT_UNMOUNT_FILESYSTEMS to package com.youdao.dict (protectionLevel=18 flags=0x1808be44)
01-01 07:05:17.778   917   940 W PackageManager: Unknown permission android.permission.SYSTEM_OVERLAY_WINDOW in package com.youdao.dict
01-01 07:05:17.778   917   940 W PackageManager: Not granting permission android.permission.ACCESS_DOWNLOAD_MANAGER to package com.youdao.dict (protectionLevel=18 flags=0x1808be44)
01-01 07:05:17.908   917   940 E PackageManager: Failed to create app data for com.youdao.dict: com.android.internal.os.InstallerConnection$InstallerException: Failed to execute create_app_data [null, com.youdao.dict, 0, 3, 10098, default, 13]: -1
01-01 07:05:19.140   917  1488 I ActivityManager: START u0 {act=android.intent.action.MAIN cat=[android.intent.category.LAUNCHER] flg=0x10200000 cmp=com.youdao.dict/.activity.DictSplashActivity} from uid 2000 on display 0
01-01 07:05:19.154   917  1488 D ActivityManager: finishRunningVoiceLocked()  >>>>
01-01 07:05:19.442   917  1484 W ActivityManager: Unable to start service Intent { act=com.google.android.gms.analytics.service.START (has extras) } U=0: not found
01-01 07:05:20.103   917   935 I ActivityManager: Displayed com.youdao.dict/.activity.DictSplashActivity: +938ms
01-01 07:05:20.968   917   927 I ActivityManager: START u0 {cmp=com.youdao.dict/.activity.DictGuideActivity} from uid 10098 on display 0
01-01 07:05:20.982   917   927 D ActivityManager: finishRunningVoiceLocked()  >>>>
01-01 07:05:21.857   917   935 I ActivityManager: Displayed com.youdao.dict/.activity.DictGuideActivity: +852ms
01-01 07:05:24.452   917  1482 W ActivityManager: Unable to start service Intent { act=com.google.android.gms.analytics.service.START (has extras) } U=0: not found
01-01 07:05:28.194   917   940 W PackageManager: Invalid verification token 1 received
01-01 07:05:30.164   917  1485 I ActivityManager: Force stopping com.youdao.dict appid=10098 user=0: from pid 6747
01-01 07:05:30.165   917  1485 I ActivityManager: Killing 6705:com.youdao.dict/u0a98 (adj 0): stop com.youdao.dict
01-01 07:05:30.254   917  1485 W ActivityManager: Force removing ActivityRecord{1afba77 u0 com.youdao.dict/.activity.DictGuideActivity t15}: app died, no saved state
01-01 07:05:30.280   917  1485 D ActivityManager: finishRunningVoiceLocked()  >>>>
01-01 07:05:30.304   917  1487 W ActivityManager: Spurious death for ProcessRecord{c664fb2 0:com.youdao.dict/u0a98}, curProc for 6705: null
01-01 07:05:31.268   917  3354 I ActivityManager: START u0 {act=android.intent.action.MAIN cat=[android.intent.category.LAUNCHER] flg=0x10200000 cmp=com.youdao.dict/.activity.DictSplashActivity} from uid 2000 on display 0
01-01 07:05:31.274   917  3354 D ActivityManager: finishRunningVoiceLocked()  >>>>
01-01 07:05:31.584   917   927 W ActivityManager: Unable to start service Intent { act=com.google.android.gms.analytics.service.START (has extras) } U=0: not found
01-01 07:05:31.989   917   935 I ActivityManager: Displayed com.youdao.dict/.activity.DictSplashActivity: +688ms
01-01 07:05:33.797   917  1486 I ActivityManager: START u0 {cmp=com.youdao.dict/.activity.MainActivity} from uid 10098 on display 0
01-01 07:05:33.809   917  1486 D ActivityManager: finishRunningVoiceLocked()  >>>>
01-01 07:05:34.256   917   927 W ActivityManager: Unable to start service Intent { act=com.google.android.gms.analytics.service.START (has extras) } U=0: not found
01-01 07:05:34.275   917  1482 W ActivityManager: Unable to start service Intent { act=com.google.android.gms.analytics.service.START (has extras) } U=0: not found
01-01 07:05:34.459   917  5197 I ActivityManager: Process com.youdao.dict:yddictpush (pid 6810) has died
01-01 07:05:34.460   917  5197 W ActivityManager: Scheduling restart of crashed service com.youdao.dict/com.youdao.note.statistics.UploadYNoteStatsServiece in 1000ms
01-01 07:05:34.504   917   928 W ActivityManager: Unable to start service Intent { act=com.google.android.gms.analytics.service.START (has extras) } U=0: not found
01-01 07:05:34.653   917  1488 I ActivityManager: Process com.youdao.dict:yddictreview (pid 6846) has died
01-01 07:05:34.903   917   935 I ActivityManager: Displayed com.youdao.dict/.activity.MainActivity: +1s62ms
01-01 07:05:35.670   917  1486 W ActivityManager: Unable to start service Intent { act=com.google.android.gms.analytics.service.START (has extras) } U=0: not found
01-01 07:05:35.813   917  5197 I ActivityManager: Process com.youdao.dict:yddictpush (pid 6877) has died
01-01 07:05:36.589   917  3354 W ActivityManager: Unable to start service Intent { act=com.google.android.gms.analytics.service.START (has extras) } U=0: not found
01-01 07:05:39.268   917  1488 W ActivityManager: Unable to start service Intent { act=com.google.android.gms.analytics.service.START (has extras) } U=0: not found
01-01 07:05:42.251   917  1485 I ActivityManager: Force stopping com.youdao.dict appid=10098 user=0: from pid 6903
01-01 07:05:42.252   917  1485 I ActivityManager: Killing 6770:com.youdao.dict/u0a98 (adj 0): stop com.youdao.dict
01-01 07:05:42.384   917  1485 W ActivityManager: Force removing ActivityRecord{28396e3 u0 com.youdao.dict/.activity.MainActivity t16}: app died, no saved state
01-01 07:05:42.416   917  1485 D ActivityManager: finishRunningVoiceLocked()  >>>>
01-01 07:05:42.431   917  1485 I ActivityManager: Killing 6796:com.youdao.dict:yddictclip/u0a98 (adj 500): stop com.youdao.dict
01-01 07:05:42.529   917  1485 W ActivityManager: Scheduling restart of crashed service com.youdao.dict/.backend.ClipboardWatcher in 1000ms
01-01 07:05:42.534   917  1485 I ActivityManager:   Force stopping service ServiceRecord{db38a5e u0 com.youdao.dict/.backend.ClipboardWatcher}
01-01 07:05:42.544   917  1488 W ActivityManager: Spurious death for ProcessRecord{308481f 0:com.youdao.dict/u0a98}, curProc for 6770: null
01-01 07:05:42.550   917  1484 W ActivityManager: Spurious death for ProcessRecord{77a576c 0:com.youdao.dict:yddictclip/u0a98}, curProc for 6796: null
01-01 07:05:44.191   917  1483 I ActivityManager: START u0 {act=android.intent.action.MAIN cat=[android.intent.category.LAUNCHER] flg=0x10200000 cmp=com.youdao.dict/.activity.DictSplashActivity} from uid 2000 on display 0
01-01 07:05:44.193   917  1483 D ActivityManager: finishRunningVoiceLocked()  >>>>
01-01 07:05:44.424   917  1486 W ActivityManager: Unable to start service Intent { act=com.google.android.gms.analytics.service.START (has extras) } U=0: not found
01-01 07:05:44.868   917   935 I ActivityManager: Displayed com.youdao.dict/.activity.DictSplashActivity: +653ms
01-01 07:05:46.687   917   927 I ActivityManager: START u0 {cmp=com.youdao.dict/.activity.MainActivity} from uid 10098 on display 0
01-01 07:05:46.702   917   927 D ActivityManager: finishRunningVoiceLocked()  >>>>
01-01 07:05:47.037   917  1483 W ActivityManager: Unable to start service Intent { act=com.google.android.gms.analytics.service.START (has extras) } U=0: not found
01-01 07:05:47.051   917   928 W ActivityManager: Unable to start service Intent { act=com.google.android.gms.analytics.service.START (has extras) } U=0: not found
01-01 07:05:47.093   917  5197 W ActivityManager: Unable to start service Intent { act=com.google.android.gms.analytics.service.START (has extras) } U=0: not found
01-01 07:05:47.186   917  1488 I ActivityManager: Process com.youdao.dict:yddictpush (pid 6958) has died
01-01 07:05:47.187   917  1488 W ActivityManager: Scheduling restart of crashed service com.youdao.dict/com.youdao.note.statistics.UploadYNoteStatsServiece in 1000ms
01-01 07:05:47.247   917  1488 I ActivityManager: Process com.youdao.dict:yddictreview (pid 6981) has died
01-01 07:05:47.449   917   935 I ActivityManager: Displayed com.youdao.dict/.activity.MainActivity: +710ms
01-01 07:05:48.152   917   928 W ActivityManager: Unable to start service Intent { act=com.google.android.gms.analytics.service.START (has extras) } U=0: not found
01-01 07:05:48.353   917   928 I ActivityManager: Process com.youdao.dict:yddictpush (pid 7025) has died
01-01 07:05:49.429   917  3354 W ActivityManager: Unable to start service Intent { act=com.google.android.gms.analytics.service.START (has extras) } U=0: not found
01-01 07:05:52.042   917  1485 W ActivityManager: Unable to start service Intent { act=com.google.android.gms.analytics.service.START (has extras) } U=0: not found
01-01 07:05:55.144   917   928 I ActivityManager: Force stopping com.youdao.dict appid=10098 user=0: from pid 7052
01-01 07:05:55.144   917   928 I ActivityManager: Killing 6925:com.youdao.dict/u0a98 (adj 0): stop com.youdao.dict
01-01 07:05:55.349   917   928 W ActivityManager: Force removing ActivityRecord{d6cff1b u0 com.youdao.dict/.activity.MainActivity t17}: app died, no saved state
01-01 07:05:55.369   917   928 D ActivityManager: finishRunningVoiceLocked()  >>>>
01-01 07:05:55.377   917   928 I ActivityManager: Killing 6952:com.youdao.dict:yddictclip/u0a98 (adj 500): stop com.youdao.dict
01-01 07:05:55.458   917   928 W ActivityManager: Scheduling restart of crashed service com.youdao.dict/.backend.ClipboardWatcher in 1000ms
01-01 07:05:55.462   917   928 I ActivityManager:   Force stopping service ServiceRecord{15df864 u0 com.youdao.dict/.backend.ClipboardWatcher}
01-01 07:05:55.470   917  3354 W ActivityManager: Spurious death for ProcessRecord{bd2abdf 0:com.youdao.dict/u0a98}, curProc for 6925: null
01-01 07:05:55.473   917  1488 W ActivityManager: Spurious death for ProcessRecord{68b502c 0:com.youdao.dict:yddictclip/u0a98}, curProc for 6952: null
01-01 07:05:56.408   917  3354 I ActivityManager: START u0 {act=android.intent.action.MAIN cat=[android.intent.category.LAUNCHER] flg=0x10200000 cmp=com.youdao.dict/.activity.DictSplashActivity} from uid 2000 on display 0
01-01 07:05:56.414   917  3354 D ActivityManager: finishRunningVoiceLocked()  >>>>
01-01 07:05:56.688   917  5197 W ActivityManager: Unable to start service Intent { act=com.google.android.gms.analytics.service.START (has extras) } U=0: not found
01-01 07:05:56.991   917   935 I ActivityManager: Displayed com.youdao.dict/.activity.DictSplashActivity: +556ms
01-01 07:05:58.895   917  1483 I ActivityManager: START u0 {cmp=com.youdao.dict/.activity.MainActivity} from uid 10098 on display 0
01-01 07:05:58.906   917  1483 D ActivityManager: finishRunningVoiceLocked()  >>>>
01-01 07:05:59.293   917  5197 W ActivityManager: Unable to start service Intent { act=com.google.android.gms.analytics.service.START (has extras) } U=0: not found
01-01 07:05:59.320   917  1488 W ActivityManager: Unable to start service Intent { act=com.google.android.gms.analytics.service.START (has extras) } U=0: not found
01-01 07:05:59.351   917   927 W ActivityManager: Unable to start service Intent { act=com.google.android.gms.analytics.service.START (has extras) } U=0: not found
01-01 07:05:59.418   917  5197 I ActivityManager: Process com.youdao.dict:yddictpush (pid 7109) has died
01-01 07:05:59.418   917  5197 W ActivityManager: Scheduling restart of crashed service com.youdao.dict/com.youdao.note.statistics.UploadYNoteStatsServiece in 1000ms
01-01 07:05:59.529   917   927 I ActivityManager: Process com.youdao.dict:yddictreview (pid 7132) has died
01-01 07:05:59.708   917   935 I ActivityManager: Displayed com.youdao.dict/.activity.MainActivity: +756ms
01-01 07:06:00.460   917  1484 W ActivityManager: Unable to start service Intent { act=com.google.android.gms.analytics.service.START (has extras) } U=0: not found
01-01 07:06:00.585   917  1485 I ActivityManager: Process com.youdao.dict:yddictpush (pid 7176) has died
01-01 07:06:01.696   917  1486 W ActivityManager: Unable to start service Intent { act=com.google.android.gms.analytics.service.START (has extras) } U=0: not found
01-01 07:06:04.296   917  1486 W ActivityManager: Unable to start service Intent { act=com.google.android.gms.analytics.service.START (has extras) } U=0: not found
01-01 07:06:07.390   917  1482 I ActivityManager: Force stopping com.youdao.dict appid=10098 user=0: from pid 7205
01-01 07:06:07.391   917  1482 I ActivityManager: Killing 7076:com.youdao.dict/u0a98 (adj 0): stop com.youdao.dict
01-01 07:06:07.513   917  1482 W ActivityManager: Force removing ActivityRecord{d44bedb u0 com.youdao.dict/.activity.MainActivity t18}: app died, no saved state
01-01 07:06:07.536   917  1482 D ActivityManager: finishRunningVoiceLocked()  >>>>
01-01 07:06:07.545   917  1482 I ActivityManager: Killing 7103:com.youdao.dict:yddictclip/u0a98 (adj 500): stop com.youdao.dict
01-01 07:06:07.612   917  1482 W ActivityManager: Scheduling restart of crashed service com.youdao.dict/.backend.ClipboardWatcher in 1000ms
01-01 07:06:07.617   917  1482 I ActivityManager:   Force stopping service ServiceRecord{d74a924 u0 com.youdao.dict/.backend.ClipboardWatcher}
01-01 07:06:07.629   917   927 W ActivityManager: Spurious death for ProcessRecord{712c6bb 0:com.youdao.dict/u0a98}, curProc for 7076: null
01-01 07:06:07.640   917  1487 W ActivityManager: Spurious death for ProcessRecord{b2dc7d8 0:com.youdao.dict:yddictclip/u0a98}, curProc for 7103: null
01-01 07:06:08.600   917  1483 I ActivityManager: START u0 {act=android.intent.action.MAIN cat=[android.intent.category.LAUNCHER] flg=0x10200000 cmp=com.youdao.dict/.activity.DictSplashActivity} from uid 2000 on display 0
01-01 07:06:08.605   917  1483 D ActivityManager: finishRunningVoiceLocked()  >>>>
01-01 07:06:08.852   917  1486 W ActivityManager: Unable to start service Intent { act=com.google.android.gms.analytics.service.START (has extras) } U=0: not found
01-01 07:06:09.250   917   935 I ActivityManager: Displayed com.youdao.dict/.activity.DictSplashActivity: +624ms
01-01 07:06:11.129   917  1486 I ActivityManager: START u0 {cmp=com.youdao.dict/.activity.MainActivity} from uid 10098 on display 0
01-01 07:06:11.132   917  1486 D ActivityManager: finishRunningVoiceLocked()  >>>>
01-01 07:06:11.559   917  3354 W ActivityManager: Unable to start service Intent { act=com.google.android.gms.analytics.service.START (has extras) } U=0: not found
01-01 07:06:11.559   917   928 W ActivityManager: Unable to start service Intent { act=com.google.android.gms.analytics.service.START (has extras) } U=0: not found
01-01 07:06:11.609   917  3354 W ActivityManager: Unable to start service Intent { act=com.google.android.gms.analytics.service.START (has extras) } U=0: not found
01-01 07:06:11.668   917  1488 I ActivityManager: Process com.youdao.dict:yddictpush (pid 7261) has died
01-01 07:06:11.668   917  1488 W ActivityManager: Scheduling restart of crashed service com.youdao.dict/com.youdao.note.statistics.UploadYNoteStatsServiece in 1000ms
01-01 07:06:11.790   917  1482 I ActivityManager: Process com.youdao.dict:yddictreview (pid 7284) has died
01-01 07:06:12.116   917   935 I ActivityManager: Displayed com.youdao.dict/.activity.MainActivity: +965ms
01-01 07:06:12.708   917  5197 W ActivityManager: Unable to start service Intent { act=com.google.android.gms.analytics.service.START (has extras) } U=0: not found
01-01 07:06:12.851   917  1486 I ActivityManager: Process com.youdao.dict:yddictpush (pid 7328) has died
01-01 07:06:13.859   917  1485 W ActivityManager: Unable to start service Intent { act=com.google.android.gms.analytics.service.START (has extras) } U=0: not found
01-01 07:06:16.564   917  1486 W ActivityManager: Unable to start service Intent { act=com.google.android.gms.analytics.service.START (has extras) } U=0: not found
01-01 07:06:19.545   917   928 I ActivityManager: Force stopping com.youdao.dict appid=10098 user=0: from pid 7355
01-01 07:06:19.545   917   928 I ActivityManager: Killing 7229:com.youdao.dict/u0a98 (adj 0): stop com.youdao.dict
01-01 07:06:19.680   917   928 W ActivityManager: Force removing ActivityRecord{aaa1238 u0 com.youdao.dict/.activity.MainActivity t19}: app died, no saved state
01-01 07:06:19.699   917   928 D ActivityManager: finishRunningVoiceLocked()  >>>>
01-01 07:06:19.708   917   928 I ActivityManager: Killing 7255:com.youdao.dict:yddictclip/u0a98 (adj 500): stop com.youdao.dict
01-01 07:06:19.792   917   928 W ActivityManager: Scheduling restart of crashed service com.youdao.dict/.backend.ClipboardWatcher in 1000ms
01-01 07:06:19.794   917   928 I ActivityManager:   Force stopping service ServiceRecord{a88ae4d u0 com.youdao.dict/.backend.ClipboardWatcher}
01-01 07:06:19.801   917  1487 W ActivityManager: Spurious death for ProcessRecord{b8181ac 0:com.youdao.dict/u0a98}, curProc for 7229: null
01-01 07:06:19.819   917  1486 W ActivityManager: Spurious death for ProcessRecord{2aece75 0:com.youdao.dict:yddictclip/u0a98}, curProc for 7255: null
01-01 07:06:20.738   917  3354 I ActivityManager: START u0 {act=android.intent.action.MAIN cat=[android.intent.category.LAUNCHER] flg=0x10200000 cmp=com.youdao.dict/.activity.DictSplashActivity} from uid 2000 on display 0
01-01 07:06:20.743   917  3354 D ActivityManager: finishRunningVoiceLocked()  >>>>
01-01 07:06:21.009   917  1484 W ActivityManager: Unable to start service Intent { act=com.google.android.gms.analytics.service.START (has extras) } U=0: not found
01-01 07:06:21.460   917   935 I ActivityManager: Displayed com.youdao.dict/.activity.DictSplashActivity: +688ms
01-01 07:06:23.270   917   927 I ActivityManager: START u0 {cmp=com.youdao.dict/.activity.MainActivity} from uid 10098 on display 0
01-01 07:06:23.282   917   927 D ActivityManager: finishRunningVoiceLocked()  >>>>
01-01 07:06:23.627   917  1488 W ActivityManager: Unable to start service Intent { act=com.google.android.gms.analytics.service.START (has extras) } U=0: not found
01-01 07:06:23.686   917  1484 W ActivityManager: Unable to start service Intent { act=com.google.android.gms.analytics.service.START (has extras) } U=0: not found
01-01 07:06:23.737   917  1486 W ActivityManager: Unable to start service Intent { act=com.google.android.gms.analytics.service.START (has extras) } U=0: not found
01-01 07:06:23.818   917  1483 I ActivityManager: Process com.youdao.dict:yddictpush (pid 7416) has died
01-01 07:06:23.818   917  1483 W ActivityManager: Scheduling restart of crashed service com.youdao.dict/com.youdao.note.statistics.UploadYNoteStatsServiece in 1000ms
01-01 07:06:23.898   917  1488 I ActivityManager: Process com.youdao.dict:yddictreview (pid 7431) has died
01-01 07:06:24.069   917   935 I ActivityManager: Displayed com.youdao.dict/.activity.MainActivity: +741ms
01-01 07:06:24.706   917  1485 W ActivityManager: Unable to start service Intent { act=com.google.android.gms.analytics.service.START (has extras) } U=0: not found
01-01 07:06:24.855   917  1485 I ActivityManager: Process com.youdao.dict:yddictpush (pid 7475) has died
01-01 07:06:26.020   917  1488 W ActivityManager: Unable to start service Intent { act=com.google.android.gms.analytics.service.START (has extras) } U=0: not found
01-01 07:06:28.637   917   927 W ActivityManager: Unable to start service Intent { act=com.google.android.gms.analytics.service.START (has extras) } U=0: not found
01-01 07:06:31.786   917   928 I ActivityManager: Force stopping com.youdao.dict appid=10098 user=0: from pid 7506
01-01 07:06:31.786   917   928 I ActivityManager: Killing 7378:com.youdao.dict/u0a98 (adj 0): stop com.youdao.dict
01-01 07:06:31.992   917   928 W ActivityManager: Force removing ActivityRecord{668ab55 u0 com.youdao.dict/.activity.MainActivity t20}: app died, no saved state
01-01 07:06:32.011   917   928 D ActivityManager: finishRunningVoiceLocked()  >>>>
01-01 07:06:32.021   917   928 I ActivityManager: Killing 7402:com.youdao.dict:yddictclip/u0a98 (adj 500): stop com.youdao.dict
01-01 07:06:32.108   917   928 W ActivityManager: Scheduling restart of crashed service com.youdao.dict/.backend.ClipboardWatcher in 1000ms
01-01 07:06:32.111   917   928 I ActivityManager:   Force stopping service ServiceRecord{558b6f8 u0 com.youdao.dict/.backend.ClipboardWatcher}
01-01 07:06:32.118   917  1484 W ActivityManager: Spurious death for ProcessRecord{8107d79 0:com.youdao.dict/u0a98}, curProc for 7378: null
01-01 07:06:32.121   917   927 W ActivityManager: Spurious death for ProcessRecord{9d67abe 0:com.youdao.dict:yddictclip/u0a98}, curProc for 7402: null
01-01 07:06:33.036   917   930 I ActivityManager: Force stopping com.youdao.dict appid=10098 user=-1: uninstall pkg
01-01 07:06:33.367   917   940 I ActivityManager: Force stopping com.youdao.dict appid=10098 user=0: pkg removed
01-01 07:06:57.546   917   940 I PackageManager: Verification timed out for file:///data/app/vmdl119804018.tmp
01-01 07:06:57.547   917   940 I PackageManager: Continuing with installation of file:///data/app/vmdl119804018.tmp
01-01 07:06:59.621   917   940 W PackageManager: Not granting permission android.permission.MOUNT_UNMOUNT_FILESYSTEMS to package com.youdao.dict (protectionLevel=18 flags=0x1808be44)
01-01 07:06:59.621   917   940 W PackageManager: Unknown permission android.permission.SYSTEM_OVERLAY_WINDOW in package com.youdao.dict
01-01 07:06:59.621   917   940 W PackageManager: Not granting permission android.permission.ACCESS_DOWNLOAD_MANAGER to package com.youdao.dict (protectionLevel=18 flags=0x1808be44)
01-01 07:06:59.737   917   940 E PackageManager: Failed to create app data for com.youdao.dict: com.android.internal.os.InstallerConnection$InstallerException: Failed to execute create_app_data [null, com.youdao.dict, 0, 3, 10099, default, 13]: -1
01-01 07:07:00.848   917  1484 I ActivityManager: START u0 {act=android.intent.action.MAIN cat=[android.intent.category.LAUNCHER] flg=0x10200000 cmp=com.youdao.dict/.activity.DictSplashActivity} from uid 2000 on display 0
01-01 07:07:00.856   917  1484 D ActivityManager: finishRunningVoiceLocked()  >>>>
01-01 07:07:01.176   917  1487 W ActivityManager: Unable to start service Intent { act=com.google.android.gms.analytics.service.START (has extras) } U=0: not found
01-01 07:07:01.801   917   935 I ActivityManager: Displayed com.youdao.dict/.activity.DictSplashActivity: +935ms
01-01 07:07:02.683   917  1488 I ActivityManager: START u0 {cmp=com.youdao.dict/.activity.DictGuideActivity} from uid 10099 on display 0
01-01 07:07:02.702   917  1488 D ActivityManager: finishRunningVoiceLocked()  >>>>
01-01 07:07:03.518   917   935 I ActivityManager: Displayed com.youdao.dict/.activity.DictGuideActivity: +785ms
01-01 07:07:06.185   917  1484 W ActivityManager: Unable to start service Intent { act=com.google.android.gms.analytics.service.START (has extras) } U=0: not found
01-01 07:07:10.118   917   940 W PackageManager: Invalid verification token 2 received
01-01 07:07:11.835   917  1483 I ActivityManager: Force stopping com.youdao.dict appid=10099 user=0: from pid 7667
01-01 07:07:11.836   917  1483 I ActivityManager: Killing 7632:com.youdao.dict/u0a99 (adj 0): stop com.youdao.dict
01-01 07:07:12.024   917  1483 W ActivityManager: Force removing ActivityRecord{a66f9b1 u0 com.youdao.dict/.activity.DictGuideActivity t20}: app died, no saved state
01-01 07:07:12.045   917  1483 D ActivityManager: finishRunningVoiceLocked()  >>>>
01-01 07:07:12.066   917  1485 W ActivityManager: Spurious death for ProcessRecord{14aa034 0:com.youdao.dict/u0a99}, curProc for 7632: null
01-01 07:07:12.979   917  1482 I ActivityManager: START u0 {act=android.intent.action.MAIN cat=[android.intent.category.LAUNCHER] flg=0x10200000 cmp=com.youdao.dict/.activity.DictSplashActivity} from uid 2000 on display 0
01-01 07:07:12.984   917  1482 D ActivityManager: finishRunningVoiceLocked()  >>>>
01-01 07:07:13.327   917  1482 W ActivityManager: Unable to start service Intent { act=com.google.android.gms.analytics.service.START (has extras) } U=0: not found
01-01 07:07:13.938   917   935 I ActivityManager: Displayed com.youdao.dict/.activity.DictSplashActivity: +927ms
01-01 07:07:14.702   917  3354 I ActivityManager: START u0 {cmp=com.youdao.dict/.activity.MainActivity} from uid 10099 on display 0
01-01 07:07:14.720   917  3354 D ActivityManager: finishRunningVoiceLocked()  >>>>
01-01 07:07:15.175   917  1485 W ActivityManager: Unable to start service Intent { act=com.google.android.gms.analytics.service.START (has extras) } U=0: not found
01-01 07:07:15.265   917   927 W ActivityManager: Unable to start service Intent { act=com.google.android.gms.analytics.service.START (has extras) } U=0: not found
01-01 07:07:15.311   917  1485 W ActivityManager: Unable to start service Intent { act=com.google.android.gms.analytics.service.START (has extras) } U=0: not found
01-01 07:07:15.428   917  1485 I ActivityManager: Process com.youdao.dict:yddictpush (pid 7750) has died
01-01 07:07:15.428   917  1485 W ActivityManager: Scheduling restart of crashed service com.youdao.dict/com.youdao.note.statistics.UploadYNoteStatsServiece in 1000ms
01-01 07:07:15.431   917  1484 I ActivityManager: Process com.youdao.dict:yddictreview (pid 7743) has died
01-01 07:07:15.542   917   935 I ActivityManager: Displayed com.youdao.dict/.activity.MainActivity: +808ms
01-01 07:07:16.337   917  1486 W ActivityManager: Unable to start service Intent { act=com.google.android.gms.analytics.service.START (has extras) } U=0: not found
01-01 07:07:16.519   917  1488 I ActivityManager: Process com.youdao.dict:yddictpush (pid 7804) has died
01-01 07:07:18.343   917  1485 W ActivityManager: Unable to start service Intent { act=com.google.android.gms.analytics.service.START (has extras) } U=0: not found
01-01 07:07:20.184   917  3354 W ActivityManager: Unable to start service Intent { act=com.google.android.gms.analytics.service.START (has extras) } U=0: not found
01-01 07:07:24.062   917  1483 I ActivityManager: Force stopping com.youdao.dict appid=10099 user=0: from pid 7841
01-01 07:07:24.062   917  1483 I ActivityManager: Killing 7690:com.youdao.dict/u0a99 (adj 0): stop com.youdao.dict
01-01 07:07:24.220   917  1483 W ActivityManager: Force removing ActivityRecord{4a24894 u0 com.youdao.dict/.activity.MainActivity t21}: app died, no saved state
01-01 07:07:24.259   917  1483 D ActivityManager: finishRunningVoiceLocked()  >>>>
01-01 07:07:24.273   917  1483 I ActivityManager: Killing 7717:com.youdao.dict:yddictclip/u0a99 (adj 500): stop com.youdao.dict
01-01 07:07:24.356   917  1483 W ActivityManager: Scheduling restart of crashed service com.youdao.dict/.backend.ClipboardWatcher in 1000ms
01-01 07:07:24.361   917  1483 I ActivityManager:   Force stopping service ServiceRecord{2a55a00 u0 com.youdao.dict/.backend.ClipboardWatcher}
01-01 07:07:24.369   917  1488 W ActivityManager: Spurious death for ProcessRecord{6ca25d5 0:com.youdao.dict/u0a99}, curProc for 7690: null
01-01 07:07:24.379   917  1482 W ActivityManager: Spurious death for ProcessRecord{35731ea 0:com.youdao.dict:yddictclip/u0a99}, curProc for 7717: null
01-01 07:07:25.375   917  1487 I ActivityManager: START u0 {act=android.intent.action.MAIN cat=[android.intent.category.LAUNCHER] flg=0x10200000 cmp=com.youdao.dict/.activity.DictSplashActivity} from uid 2000 on display 0
01-01 07:07:25.380   917  1487 D ActivityManager: finishRunningVoiceLocked()  >>>>
01-01 07:07:25.593   917  1485 W ActivityManager: Unable to start service Intent { act=com.google.android.gms.analytics.service.START (has extras) } U=0: not found
01-01 07:07:26.130   917   935 I ActivityManager: Displayed com.youdao.dict/.activity.DictSplashActivity: +728ms
01-01 07:07:26.960   917  5197 I ActivityManager: START u0 {cmp=com.youdao.dict/.activity.MainActivity} from uid 10099 on display 0
01-01 07:07:26.974   917  5197 D ActivityManager: finishRunningVoiceLocked()  >>>>
01-01 07:07:27.408   917  1483 W ActivityManager: Unable to start service Intent { act=com.google.android.gms.analytics.service.START (has extras) } U=0: not found
01-01 07:07:27.444   917  1487 W ActivityManager: Unable to start service Intent { act=com.google.android.gms.analytics.service.START (has extras) } U=0: not found
01-01 07:07:27.454   917   928 W ActivityManager: Unable to start service Intent { act=com.google.android.gms.analytics.service.START (has extras) } U=0: not found
01-01 07:07:27.555   917   928 I ActivityManager: Process com.youdao.dict:yddictpush (pid 7906) has died
01-01 07:07:27.555   917   928 W ActivityManager: Scheduling restart of crashed service com.youdao.dict/com.youdao.note.statistics.UploadYNoteStatsServiece in 1000ms
01-01 07:07:27.628   917   928 I ActivityManager: Process com.youdao.dict:yddictreview (pid 7911) has died
01-01 07:07:27.770   917   935 I ActivityManager: Displayed com.youdao.dict/.activity.MainActivity: +767ms
01-01 07:07:28.554   917  5197 W ActivityManager: Unable to start service Intent { act=com.google.android.gms.analytics.service.START (has extras) } U=0: not found
01-01 07:07:28.704   917  1488 I ActivityManager: Process com.youdao.dict:yddictpush (pid 7967) has died
01-01 07:07:30.603   917  1486 W ActivityManager: Unable to start service Intent { act=com.google.android.gms.analytics.service.START (has extras) } U=0: not found
01-01 07:07:32.416   917  3354 W ActivityManager: Unable to start service Intent { act=com.google.android.gms.analytics.service.START (has extras) } U=0: not found
01-01 07:07:36.332   917  1485 I ActivityManager: Force stopping com.youdao.dict appid=10099 user=0: from pid 8007
01-01 07:07:36.332   917  1485 I ActivityManager: Killing 7865:com.youdao.dict/u0a99 (adj 0): stop com.youdao.dict
01-01 07:07:36.466   917  1485 W ActivityManager: Force removing ActivityRecord{5414531 u0 com.youdao.dict/.activity.MainActivity t22}: app died, no saved state
01-01 07:07:36.480   917  1485 D ActivityManager: finishRunningVoiceLocked()  >>>>
01-01 07:07:36.493   917  1485 I ActivityManager: Killing 7890:com.youdao.dict:yddictclip/u0a99 (adj 500): stop com.youdao.dict
01-01 07:07:36.572   917  1485 W ActivityManager: Scheduling restart of crashed service com.youdao.dict/.backend.ClipboardWatcher in 1000ms
01-01 07:07:36.574   917  1485 I ActivityManager:   Force stopping service ServiceRecord{1a6969 u0 com.youdao.dict/.backend.ClipboardWatcher}
01-01 07:07:36.580   917  1483 W ActivityManager: Spurious death for ProcessRecord{62c3838 0:com.youdao.dict/u0a99}, curProc for 7865: null
01-01 07:07:36.590   917  1487 W ActivityManager: Spurious death for ProcessRecord{d453011 0:com.youdao.dict:yddictclip/u0a99}, curProc for 7890: null
01-01 07:07:37.512   917  1482 I ActivityManager: START u0 {act=android.intent.action.MAIN cat=[android.intent.category.LAUNCHER] flg=0x10200000 cmp=com.youdao.dict/.activity.DictSplashActivity} from uid 2000 on display 0
01-01 07:07:37.514   917  1482 D ActivityManager: finishRunningVoiceLocked()  >>>>
01-01 07:07:37.771   917   927 W ActivityManager: Unable to start service Intent { act=com.google.android.gms.analytics.service.START (has extras) } U=0: not found
01-01 07:07:38.400   917   935 I ActivityManager: Displayed com.youdao.dict/.activity.DictSplashActivity: +862ms
01-01 07:07:39.196   917  5197 I ActivityManager: START u0 {cmp=com.youdao.dict/.activity.MainActivity} from uid 10099 on display 0
01-01 07:07:39.214   917  5197 D ActivityManager: finishRunningVoiceLocked()  >>>>
01-01 07:07:39.621   917  1488 W ActivityManager: Unable to start service Intent { act=com.google.android.gms.analytics.service.START (has extras) } U=0: not found
01-01 07:07:39.640   917  5197 W ActivityManager: Unable to start service Intent { act=com.google.android.gms.analytics.service.START (has extras) } U=0: not found
01-01 07:07:39.665   917  1483 W ActivityManager: Unable to start service Intent { act=com.google.android.gms.analytics.service.START (has extras) } U=0: not found
01-01 07:07:39.778   917   928 I ActivityManager: Process com.youdao.dict:yddictpush (pid 8082) has died
01-01 07:07:39.778   917   928 W ActivityManager: Scheduling restart of crashed service com.youdao.dict/com.youdao.note.statistics.UploadYNoteStatsServiece in 1000ms
01-01 07:07:39.808   917  1486 I ActivityManager: Process com.youdao.dict:yddictreview (pid 8072) has died
01-01 07:07:39.971   917   935 I ActivityManager: Displayed com.youdao.dict/.activity.MainActivity: +748ms
01-01 07:07:40.716   917  1484 W ActivityManager: Unable to start service Intent { act=com.google.android.gms.analytics.service.START (has extras) } U=0: not found
01-01 07:07:40.868   917  1485 I ActivityManager: Process com.youdao.dict:yddictpush (pid 8134) has died
01-01 07:07:42.782   917  1483 W ActivityManager: Unable to start service Intent { act=com.google.android.gms.analytics.service.START (has extras) } U=0: not found
01-01 07:07:44.632   917   928 W ActivityManager: Unable to start service Intent { act=com.google.android.gms.analytics.service.START (has extras) } U=0: not found
01-01 07:07:48.498   917  5197 I ActivityManager: Force stopping com.youdao.dict appid=10099 user=0: from pid 8174
01-01 07:07:48.499   917  5197 I ActivityManager: Killing 8029:com.youdao.dict/u0a99 (adj 0): stop com.youdao.dict
01-01 07:07:48.645   917  5197 W ActivityManager: Force removing ActivityRecord{9d80af1 u0 com.youdao.dict/.activity.MainActivity t23}: app died, no saved state
01-01 07:07:48.655   917  5197 D ActivityManager: finishRunningVoiceLocked()  >>>>
01-01 07:07:48.666   917  5197 I ActivityManager: Killing 8055:com.youdao.dict:yddictclip/u0a99 (adj 500): stop com.youdao.dict
01-01 07:07:48.773   917  5197 W ActivityManager: Scheduling restart of crashed service com.youdao.dict/.backend.ClipboardWatcher in 1000ms
01-01 07:07:48.778   917  5197 I ActivityManager:   Force stopping service ServiceRecord{b15a7f3 u0 com.youdao.dict/.backend.ClipboardWatcher}
01-01 07:07:48.787   917  1486 W ActivityManager: Spurious death for ProcessRecord{270dcf8 0:com.youdao.dict/u0a99}, curProc for 8029: null
01-01 07:07:48.791   917  3354 W ActivityManager: Spurious death for ProcessRecord{d31d5d1 0:com.youdao.dict:yddictclip/u0a99}, curProc for 8055: null
01-01 07:07:49.714   917   927 I ActivityManager: START u0 {act=android.intent.action.MAIN cat=[android.intent.category.LAUNCHER] flg=0x10200000 cmp=com.youdao.dict/.activity.DictSplashActivity} from uid 2000 on display 0
01-01 07:07:49.719   917   927 D ActivityManager: finishRunningVoiceLocked()  >>>>
01-01 07:07:49.975   917  1488 W ActivityManager: Unable to start service Intent { act=com.google.android.gms.analytics.service.START (has extras) } U=0: not found
01-01 07:07:50.639   917   935 I ActivityManager: Displayed com.youdao.dict/.activity.DictSplashActivity: +889ms
01-01 07:07:51.424   917   928 I ActivityManager: START u0 {cmp=com.youdao.dict/.activity.MainActivity} from uid 10099 on display 0
01-01 07:07:51.445   917   928 D ActivityManager: finishRunningVoiceLocked()  >>>>
01-01 07:07:51.804   917  1484 W ActivityManager: Unable to start service Intent { act=com.google.android.gms.analytics.service.START (has extras) } U=0: not found
01-01 07:07:51.839   917  1488 W ActivityManager: Unable to start service Intent { act=com.google.android.gms.analytics.service.START (has extras) } U=0: not found
