01-01 07:29:30.385   917  5197 W ActivityManager: Unable to start service Intent { act=com.google.android.gms.analytics.service.START (has extras) } U=0: not found
01-01 07:29:30.924   917   935 I ActivityManager: Displayed com.youdao.dict/.activity.DictSplashActivity: +789ms
01-01 07:29:32.709   917  3354 I ActivityManager: START u0 {cmp=com.youdao.dict/.activity.MainActivity} from uid 10112 on display 0
01-01 07:29:32.719   917  3354 D ActivityManager: finishRunningVoiceLocked()  >>>>
01-01 07:29:33.119   917  1483 W ActivityManager: Unable to start service Intent { act=com.google.android.gms.analytics.service.START (has extras) } U=0: not found
01-01 07:29:33.176   917  3354 W ActivityManager: Unable to start service Intent { act=com.google.android.gms.analytics.service.START (has extras) } U=0: not found
01-01 07:29:33.206   917 16398 W ActivityManager: Unable to start service Intent { act=com.google.android.gms.analytics.service.START (has extras) } U=0: not found
01-01 07:29:33.298   917  1486 I ActivityManager: Process com.youdao.dict:yddictpush (pid 20127) has died
01-01 07:29:33.298   917  1486 W ActivityManager: Scheduling restart of crashed service com.youdao.dict/com.youdao.note.statistics.UploadYNoteStatsServiece in 1000ms
01-01 07:29:33.419   917 12096 I ActivityManager: Process com.youdao.dict:yddictreview (pid 20134) has died
01-01 07:29:33.472   917   935 I ActivityManager: Displayed com.youdao.dict/.activity.MainActivity: +716ms
01-01 07:29:34.261   917  1485 W ActivityManager: Unable to start service Intent { act=com.google.android.gms.analytics.service.START (has extras) } U=0: not found
01-01 07:29:34.383   917  1484 I ActivityManager: Process com.youdao.dict:yddictpush (pid 20185) has died
01-01 07:29:35.391   917  1482 W ActivityManager: Unable to start service Intent { act=com.google.android.gms.analytics.service.START (has extras) } U=0: not found
01-01 07:29:38.129   917  1485 W ActivityManager: Unable to start service Intent { act=com.google.android.gms.analytics.service.START (has extras) } U=0: not found
01-01 07:29:41.094   917  1488 I ActivityManager: Force stopping com.youdao.dict appid=10112 user=0: from pid 20211
01-01 07:29:41.094   917  1488 I ActivityManager: Killing 20082:com.youdao.dict/u0a112 (adj 0): stop com.youdao.dict
01-01 07:29:41.250   917  1488 W ActivityManager: Force removing ActivityRecord{20c17db u0 com.youdao.dict/.activity.MainActivity t89}: app died, no saved state
01-01 07:29:41.264   917  1488 D ActivityManager: finishRunningVoiceLocked()  >>>>
01-01 07:29:41.271   917  1488 I ActivityManager: Killing 20111:com.youdao.dict:yddictclip/u0a112 (adj 500): stop com.youdao.dict
01-01 07:29:41.360   917  1488 W ActivityManager: Scheduling restart of crashed service com.youdao.dict/.backend.ClipboardWatcher in 1000ms
01-01 07:29:41.361   917  1488 I ActivityManager:   Force stopping service ServiceRecord{683a753 u0 com.youdao.dict/.backend.ClipboardWatcher}
01-01 07:29:41.364   917  1483 W ActivityManager: Spurious death for ProcessRecord{9fed5b5 0:com.youdao.dict/u0a112}, curProc for 20082: null
01-01 07:29:41.366   917  1484 W ActivityManager: Spurious death for ProcessRecord{59c544a 0:com.youdao.dict:yddictclip/u0a112}, curProc for 20111: null
01-01 07:29:42.301   917 12096 I ActivityManager: START u0 {act=android.intent.action.MAIN cat=[android.intent.category.LAUNCHER] flg=0x10200000 cmp=com.youdao.dict/.activity.DictSplashActivity} from uid 2000 on display 0
01-01 07:29:42.307   917 12096 D ActivityManager: finishRunningVoiceLocked()  >>>>
01-01 07:29:42.613   917  1483 W ActivityManager: Unable to start service Intent { act=com.google.android.gms.analytics.service.START (has extras) } U=0: not found
01-01 07:29:43.214   917   935 I ActivityManager: Displayed com.youdao.dict/.activity.DictSplashActivity: +879ms
01-01 07:29:44.971   917  9155 I ActivityManager: START u0 {cmp=com.youdao.dict/.activity.MainActivity} from uid 10112 on display 0
01-01 07:29:44.991   917  9155 D ActivityManager: finishRunningVoiceLocked()  >>>>
01-01 07:29:45.374   917  1485 W ActivityManager: Unable to start service Intent { act=com.google.android.gms.analytics.service.START (has extras) } U=0: not found
01-01 07:29:45.459   917  1483 W ActivityManager: Unable to start service Intent { act=com.google.android.gms.analytics.service.START (has extras) } U=0: not found
01-01 07:29:45.466   917  1485 W ActivityManager: Unable to start service Intent { act=com.google.android.gms.analytics.service.START (has extras) } U=0: not found
01-01 07:29:45.638   917  9155 I ActivityManager: Process com.youdao.dict:yddictreview (pid 20275) has died
01-01 07:29:45.640   917 16398 I ActivityManager: Process com.youdao.dict:yddictpush (pid 20283) has died
01-01 07:29:45.640   917 16398 W ActivityManager: Scheduling restart of crashed service com.youdao.dict/com.youdao.note.statistics.UploadYNoteStatsServiece in 1000ms
01-01 07:29:45.774   917   935 I ActivityManager: Displayed com.youdao.dict/.activity.MainActivity: +740ms
01-01 07:29:46.529   917  1486 W ActivityManager: Unable to start service Intent { act=com.google.android.gms.analytics.service.START (has extras) } U=0: not found
01-01 07:29:46.688   917  1486 I ActivityManager: Process com.youdao.dict:yddictpush (pid 20334) has died
01-01 07:29:47.623   917  1487 W ActivityManager: Unable to start service Intent { act=com.google.android.gms.analytics.service.START (has extras) } U=0: not found
01-01 07:29:50.383   917  1487 W ActivityManager: Unable to start service Intent { act=com.google.android.gms.analytics.service.START (has extras) } U=0: not found
01-01 07:29:53.281   917  1487 I ActivityManager: Force stopping com.youdao.dict appid=10112 user=0: from pid 20359
01-01 07:29:53.281   917  1487 I ActivityManager: Killing 20234:com.youdao.dict/u0a112 (adj 0): stop com.youdao.dict
01-01 07:29:53.454   917  1487 W ActivityManager: Force removing ActivityRecord{1d3bfaa u0 com.youdao.dict/.activity.MainActivity t90}: app died, no saved state
01-01 07:29:53.483   917  1487 D ActivityManager: finishRunningVoiceLocked()  >>>>
01-01 07:29:53.494   917  1487 I ActivityManager: Killing 20260:com.youdao.dict:yddictclip/u0a112 (adj 500): stop com.youdao.dict
01-01 07:29:53.583   917  1487 W ActivityManager: Scheduling restart of crashed service com.youdao.dict/.backend.ClipboardWatcher in 1000ms
01-01 07:29:53.588   917  1487 I ActivityManager:   Force stopping service ServiceRecord{9209a02 u0 com.youdao.dict/.backend.ClipboardWatcher}
01-01 07:29:53.595   917 16398 W ActivityManager: Spurious death for ProcessRecord{d751dd6 0:com.youdao.dict/u0a112}, curProc for 20234: null
01-01 07:29:53.603   917  1482 W ActivityManager: Spurious death for ProcessRecord{3791857 0:com.youdao.dict:yddictclip/u0a112}, curProc for 20260: null
01-01 07:29:54.459   917   930 I ActivityManager: Force stopping com.youdao.dict appid=10112 user=-1: uninstall pkg
01-01 07:29:54.748   917   940 I ActivityManager: Force stopping com.youdao.dict appid=10112 user=0: pkg removed
01-01 07:30:21.663   917   940 I PackageManager: Verification timed out for file:///data/app/vmdl1045413338.tmp
01-01 07:30:21.664   917   940 I PackageManager: Continuing with installation of file:///data/app/vmdl1045413338.tmp
01-01 07:30:24.693   917   940 W PackageManager: Package com.youdao.dict has activity com.alipay.android.mini.window.sdk.MiniPayActivity with priority > 0, forcing to 0
01-01 07:30:24.873   917   940 W PackageManager: Not granting permission android.permission.MOUNT_UNMOUNT_FILESYSTEMS to package com.youdao.dict (protectionLevel=18 flags=0x1808be44)
01-01 07:30:24.874   917   940 W PackageManager: Unknown permission android.permission.SYSTEM_OVERLAY_WINDOW in package com.youdao.dict
01-01 07:30:24.874   917   940 W PackageManager: Not granting permission android.permission.ACCESS_DOWNLOAD_MANAGER to package com.youdao.dict (protectionLevel=18 flags=0x1808be44)
01-01 07:30:24.874   917   940 W PackageManager: Unknown permission android.permission.READ_SETTINGS in package com.youdao.dict
01-01 07:30:24.874   917   940 W PackageManager: Not granting permission android.permission.READ_LOGS to package com.youdao.dict (protectionLevel=50 flags=0x1808be44)
01-01 07:30:25.015   917   940 E PackageManager: Failed to create app data for com.youdao.dict: com.android.internal.os.InstallerConnection$InstallerException: Failed to execute create_app_data [null, com.youdao.dict, 0, 3, 10113, default, 13]: -1
01-01 07:30:26.163   917   928 I ActivityManager: START u0 {act=android.intent.action.MAIN cat=[android.intent.category.LAUNCHER] flg=0x10200000 cmp=com.youdao.dict/.activity.DictSplashActivity} from uid 2000 on display 0
01-01 07:30:26.171   917   928 D ActivityManager: finishRunningVoiceLocked()  >>>>
01-01 07:30:28.049   917   935 I ActivityManager: Displayed com.youdao.dict/.activity.DictSplashActivity: +1s860ms
01-01 07:30:28.060   917  1484 I ActivityManager: START u0 {cmp=com.youdao.dict/.activity.DictGuideActivity} from uid 10113 on display 0
01-01 07:30:28.064   917  1484 D ActivityManager: finishRunningVoiceLocked()  >>>>
01-01 07:30:28.575   917   935 I ActivityManager: Displayed com.youdao.dict/.activity.DictGuideActivity: +416ms
01-01 07:30:35.599   917   940 W PackageManager: Invalid verification token 16 received
01-01 07:30:37.139   917  1482 I ActivityManager: Force stopping com.youdao.dict appid=10113 user=0: from pid 20619
01-01 07:30:37.139   917  1482 I ActivityManager: Killing 20583:com.netease.pomelo.push.l.messageservice_V1/u0a113 (adj 100): stop com.youdao.dict
01-01 07:30:37.245   917  1482 W ActivityManager: Scheduling restart of crashed service com.youdao.dict/com.netease.pushservice.core.PushLMessageService_V1 in 1000ms
01-01 07:30:37.249   917  1482 I ActivityManager: Killing 20508:com.youdao.dict/u0a113 (adj 0): stop com.youdao.dict
01-01 07:30:37.415   917  1482 W ActivityManager: Scheduling restart of crashed service com.youdao.dict/com.youdao.mdict.push.PushService in 10830ms
01-01 07:30:37.419   917  1482 W ActivityManager: Force removing ActivityRecord{fe91e3b u0 com.youdao.dict/.activity.DictGuideActivity t90}: app died, no saved state
01-01 07:30:37.433   917  1482 D ActivityManager: finishRunningVoiceLocked()  >>>>
01-01 07:30:37.447   917  1482 I ActivityManager:   Force stopping service ServiceRecord{36b4007 u0 com.youdao.dict/com.netease.pushservice.core.PushLMessageService_V1}
01-01 07:30:37.453   917  1487 W ActivityManager: Spurious death for ProcessRecord{13f94ce 0:com.netease.pomelo.push.l.messageservice_V1/u0a113}, curProc for 20583: null
01-01 07:30:37.454   917  1486 W ActivityManager: Spurious death for ProcessRecord{40ba591 0:com.youdao.dict/u0a113}, curProc for 20508: null
01-01 07:30:38.392   917   927 I ActivityManager: START u0 {act=android.intent.action.MAIN cat=[android.intent.category.LAUNCHER] flg=0x10200000 cmp=com.youdao.dict/.activity.DictSplashActivity} from uid 2000 on display 0
01-01 07:30:38.397   917   927 D ActivityManager: finishRunningVoiceLocked()  >>>>
01-01 07:30:40.268   917  3354 I ActivityManager: START u0 {cmp=com.youdao.dict/.activity.MainActivity (has extras)} from uid 10113 on display 0
01-01 07:30:40.274   917  3354 D ActivityManager: finishRunningVoiceLocked()  >>>>
01-01 07:30:41.022   917   935 I ActivityManager: Displayed com.youdao.dict/.activity.MainActivity: +706ms (total +2s580ms)
01-01 07:30:48.407   917   930 W ActivityManager: Launch timeout has expired, giving up wake lock!
01-01 07:30:49.392   917  1487 I ActivityManager: Force stopping com.youdao.dict appid=10113 user=0: from pid 20806
01-01 07:30:49.392   917  1487 I ActivityManager: Killing 20745:com.netease.pomelo.push.l.messageservice_V1/u0a113 (adj 100): stop com.youdao.dict
01-01 07:30:49.498   917  1487 W ActivityManager: Scheduling restart of crashed service com.youdao.dict/com.netease.pushservice.core.PushLMessageService_V1 in 1000ms
01-01 07:30:49.499   917  1487 I ActivityManager: Killing 20644:com.youdao.dict/u0a113 (adj 0): stop com.youdao.dict
01-01 07:30:49.660   917  1487 W ActivityManager: Scheduling restart of crashed service com.youdao.dict/com.youdao.mdict.push.PushService in 10837ms
01-01 07:30:49.663   917  1487 W ActivityManager: Force removing ActivityRecord{8f4f219 u0 com.youdao.dict/.activity.MainActivity t91}: app died, no saved state
01-01 07:30:49.679   917  1487 D ActivityManager: finishRunningVoiceLocked()  >>>>
01-01 07:30:49.689   917  1487 I ActivityManager: Killing 20714:com.youdao.dict:yddictclip/u0a113 (adj 500): stop com.youdao.dict
01-01 07:30:49.751   917  1487 W ActivityManager: Scheduling restart of crashed service com.youdao.dict/.backend.ClipboardWatcher in 10746ms
01-01 07:30:49.757   917  1487 I ActivityManager:   Force stopping service ServiceRecord{12e9e90 u0 com.youdao.dict/.backend.ClipboardWatcher}
01-01 07:30:49.757   917  1487 I ActivityManager:   Force stopping service ServiceRecord{f30ef2 u0 com.youdao.dict/com.netease.pushservice.core.PushLMessageService_V1}
01-01 07:30:49.769   917  1488 W ActivityManager: Spurious death for ProcessRecord{fb556b4 0:com.netease.pomelo.push.l.messageservice_V1/u0a113}, curProc for 20745: null
01-01 07:30:49.769   917   927 W ActivityManager: Spurious death for ProcessRecord{e041cee 0:com.youdao.dict/u0a113}, curProc for 20644: null
01-01 07:30:49.781   917 12096 W ActivityManager: Spurious death for ProcessRecord{3d8f2dd 0:com.youdao.dict:yddictclip/u0a113}, curProc for 20714: null
01-01 07:30:51.766   917  1485 I ActivityManager: START u0 {act=android.intent.action.MAIN cat=[android.intent.category.LAUNCHER] flg=0x10200000 cmp=com.youdao.dict/.activity.DictSplashActivity} from uid 2000 on display 0
01-01 07:30:51.769   917  1485 D ActivityManager: finishRunningVoiceLocked()  >>>>
01-01 07:30:53.403   917  9155 I ActivityManager: START u0 {cmp=com.youdao.dict/.activity.MainActivity (has extras)} from uid 10113 on display 0
01-01 07:30:53.406   917  9155 D ActivityManager: finishRunningVoiceLocked()  >>>>
01-01 07:30:54.019   917   935 I ActivityManager: Displayed com.youdao.dict/.activity.MainActivity: +560ms (total +2s238ms)
01-01 07:31:01.782   917   930 W ActivityManager: Launch timeout has expired, giving up wake lock!
01-01 07:31:02.721   917  9155 I ActivityManager: Force stopping com.youdao.dict appid=10113 user=0: from pid 20983
01-01 07:31:02.722   917  9155 I ActivityManager: Killing 20943:com.netease.pomelo.push.l.messageservice_V1/u0a113 (adj 100): stop com.youdao.dict
01-01 07:31:02.819   917  9155 W ActivityManager: Scheduling restart of crashed service com.youdao.dict/com.netease.pushservice.core.PushLMessageService_V1 in 1000ms
01-01 07:31:02.821   917  9155 I ActivityManager: Killing 20832:com.youdao.dict/u0a113 (adj 0): stop com.youdao.dict
01-01 07:31:02.949   917  9155 W ActivityManager: Scheduling restart of crashed service com.youdao.dict/com.youdao.mdict.push.PushService in 10871ms
01-01 07:31:02.950   917  9155 W ActivityManager: Force removing ActivityRecord{9ab0bf1 u0 com.youdao.dict/.activity.MainActivity t92}: app died, no saved state
01-01 07:31:02.962   917  9155 D ActivityManager: finishRunningVoiceLocked()  >>>>
01-01 07:31:02.968   917  9155 I ActivityManager: Killing 20901:com.youdao.dict:yddictclip/u0a113 (adj 500): stop com.youdao.dict
01-01 07:31:03.033   917  9155 W ActivityManager: Scheduling restart of crashed service com.youdao.dict/.backend.ClipboardWatcher in 10786ms
01-01 07:31:03.034   917  9155 I ActivityManager:   Force stopping service ServiceRecord{6ab449d u0 com.youdao.dict/.backend.ClipboardWatcher}
01-01 07:31:03.034   917  9155 I ActivityManager:   Force stopping service ServiceRecord{7100ec2 u0 com.youdao.dict/com.netease.pushservice.core.PushLMessageService_V1}
01-01 07:31:03.036   917   928 W ActivityManager: Spurious death for ProcessRecord{50b557d 0:com.netease.pomelo.push.l.messageservice_V1/u0a113}, curProc for 20943: null
01-01 07:31:03.036   917  1486 W ActivityManager: Spurious death for ProcessRecord{e84b41a 0:com.youdao.dict/u0a113}, curProc for 20832: null
01-01 07:31:03.041   917  1487 W ActivityManager: Spurious death for ProcessRecord{58dac72 0:com.youdao.dict:yddictclip/u0a113}, curProc for 20901: null
01-01 07:31:03.966   917   928 I ActivityManager: START u0 {act=android.intent.action.MAIN cat=[android.intent.category.LAUNCHER] flg=0x10200000 cmp=com.youdao.dict/.activity.DictSplashActivity} from uid 2000 on display 0
01-01 07:31:03.972   917   928 D ActivityManager: finishRunningVoiceLocked()  >>>>
01-01 07:31:05.747   917  1483 I ActivityManager: START u0 {cmp=com.youdao.dict/.activity.MainActivity (has extras)} from uid 10113 on display 0
01-01 07:31:05.754   917  1483 D ActivityManager: finishRunningVoiceLocked()  >>>>
01-01 07:31:06.459   917   935 I ActivityManager: Displayed com.youdao.dict/.activity.MainActivity: +614ms (total +2s470ms)
01-01 07:31:13.991   917   930 W ActivityManager: Launch timeout has expired, giving up wake lock!
01-01 07:31:15.148   917  1486 I ActivityManager: Force stopping com.youdao.dict appid=10113 user=0: from pid 21156
01-01 07:31:15.148   917  1486 I ActivityManager: Killing 21096:com.netease.pomelo.push.l.messageservice_V1/u0a113 (adj 100): stop com.youdao.dict
01-01 07:31:15.253   917  1486 W ActivityManager: Scheduling restart of crashed service com.youdao.dict/com.netease.pushservice.core.PushLMessageService_V1 in 1000ms
01-01 07:31:15.255   917  1486 I ActivityManager: Killing 21008:com.youdao.dict/u0a113 (adj 0): stop com.youdao.dict
01-01 07:31:15.440   917  1486 W ActivityManager: Scheduling restart of crashed service com.youdao.dict/com.youdao.mdict.push.PushService in 10813ms
01-01 07:31:15.440   917  1486 W ActivityManager: Force removing ActivityRecord{46abc91 u0 com.youdao.dict/.activity.MainActivity t93}: app died, no saved state
01-01 07:31:15.448   917  1486 D ActivityManager: finishRunningVoiceLocked()  >>>>
01-01 07:31:15.461   917  1486 I ActivityManager: Killing 21078:com.youdao.dict:yddictclip/u0a113 (adj 500): stop com.youdao.dict
01-01 07:31:15.543   917  1486 W ActivityManager: Scheduling restart of crashed service com.youdao.dict/.backend.ClipboardWatcher in 10710ms
01-01 07:31:15.546   917  1486 I ActivityManager:   Force stopping service ServiceRecord{b0cfaa6 u0 com.youdao.dict/.backend.ClipboardWatcher}
01-01 07:31:15.546   917  1486 I ActivityManager:   Force stopping service ServiceRecord{3955200 u0 com.youdao.dict/com.netease.pushservice.core.PushLMessageService_V1}
01-01 07:31:15.556   917  1482 W ActivityManager: Spurious death for ProcessRecord{73218f4 0:com.netease.pomelo.push.l.messageservice_V1/u0a113}, curProc for 21096: null
01-01 07:31:15.557   917  5197 W ActivityManager: Spurious death for ProcessRecord{5e54048 0:com.youdao.dict/u0a113}, curProc for 21008: null
01-01 07:31:15.560   917  9155 W ActivityManager: Spurious death for ProcessRecord{4a7281d 0:com.youdao.dict:yddictclip/u0a113}, curProc for 21078: null
01-01 07:31:16.529   917  1484 I ActivityManager: START u0 {act=android.intent.action.MAIN cat=[android.intent.category.LAUNCHER] flg=0x10200000 cmp=com.youdao.dict/.activity.DictSplashActivity} from uid 2000 on display 0
01-01 07:31:16.531   917  1484 D ActivityManager: finishRunningVoiceLocked()  >>>>
01-01 07:31:18.194   917   935 I ActivityManager: Displayed com.youdao.dict/.activity.DictSplashActivity: +1s654ms
01-01 07:31:18.197   917  1488 I ActivityManager: START u0 {cmp=com.youdao.dict/.activity.MainActivity (has extras)} from uid 10113 on display 0
01-01 07:31:18.200   917  1488 D ActivityManager: finishRunningVoiceLocked()  >>>>
01-01 07:31:18.879   917   935 I ActivityManager: Displayed com.youdao.dict/.activity.MainActivity: +613ms
01-01 07:31:26.536   917   930 W ActivityManager: Launch timeout has expired, giving up wake lock!
01-01 07:31:27.657   917  3354 I ActivityManager: Force stopping com.youdao.dict appid=10113 user=0: from pid 21331
01-01 07:31:27.658   917  3354 I ActivityManager: Killing 21273:com.netease.pomelo.push.l.messageservice_V1/u0a113 (adj 100): stop com.youdao.dict
01-01 07:31:27.769   917  3354 W ActivityManager: Scheduling restart of crashed service com.youdao.dict/com.netease.pushservice.core.PushLMessageService_V1 in 1000ms
01-01 07:31:27.769   917  3354 I ActivityManager: Killing 21181:com.youdao.dict/u0a113 (adj 0): stop com.youdao.dict
01-01 07:31:27.860   917  3354 W ActivityManager: Scheduling restart of crashed service com.youdao.dict/com.youdao.mdict.push.PushService in 10909ms
01-01 07:31:27.862   917  3354 W ActivityManager: Force removing ActivityRecord{3d3e5d8 u0 com.youdao.dict/.activity.MainActivity t94}: app died, no saved state
01-01 07:31:27.880   917  3354 D ActivityManager: finishRunningVoiceLocked()  >>>>
01-01 07:31:27.889   917  3354 I ActivityManager: Killing 21249:com.youdao.dict:yddictclip/u0a113 (adj 500): stop com.youdao.dict
01-01 07:31:27.972   917  3354 W ActivityManager: Scheduling restart of crashed service com.youdao.dict/.backend.ClipboardWatcher in 10797ms
01-01 07:31:27.980   917  3354 I ActivityManager:   Force stopping service ServiceRecord{6787508 u0 com.youdao.dict/.backend.ClipboardWatcher}
01-01 07:31:27.980   917  3354 I ActivityManager:   Force stopping service ServiceRecord{7eea952 u0 com.youdao.dict/com.netease.pushservice.core.PushLMessageService_V1}
01-01 07:31:27.991   917  1487 W ActivityManager: Spurious death for ProcessRecord{5845a8b 0:com.netease.pomelo.push.l.messageservice_V1/u0a113}, curProc for 21273: null
01-01 07:31:27.992   917  5197 W ActivityManager: Spurious death for ProcessRecord{197c66f 0:com.youdao.dict/u0a113}, curProc for 21181: null
01-01 07:31:27.995   917  1483 W ActivityManager: Spurious death for ProcessRecord{f731768 0:com.youdao.dict:yddictclip/u0a113}, curProc for 21249: null
01-01 07:31:28.960   917  1487 I ActivityManager: START u0 {act=android.intent.action.MAIN cat=[android.intent.category.LAUNCHER] flg=0x10200000 cmp=com.youdao.dict/.activity.DictSplashActivity} from uid 2000 on display 0
01-01 07:31:28.977   917  1487 D ActivityManager: finishRunningVoiceLocked()  >>>>
01-01 07:31:30.622   917  5197 I ActivityManager: START u0 {cmp=com.youdao.dict/.activity.MainActivity (has extras)} from uid 10113 on display 0
01-01 07:31:30.626   917  5197 D ActivityManager: finishRunningVoiceLocked()  >>>>
01-01 07:31:31.249   917   935 I ActivityManager: Displayed com.youdao.dict/.activity.MainActivity: +580ms (total +2s250ms)
01-01 07:31:38.992   917   930 W ActivityManager: Launch timeout has expired, giving up wake lock!
01-01 07:31:40.086   917 16398 I ActivityManager: Force stopping com.youdao.dict appid=10113 user=0: from pid 21519
01-01 07:31:40.086   917 16398 I ActivityManager: Killing 21441:com.netease.pomelo.push.l.messageservice_V1/u0a113 (adj 100): stop com.youdao.dict
01-01 07:31:40.161   917 16398 W ActivityManager: Scheduling restart of crashed service com.youdao.dict/com.netease.pushservice.core.PushLMessageService_V1 in 1000ms
01-01 07:31:40.161   917 16398 I ActivityManager: Killing 21356:com.youdao.dict/u0a113 (adj 0): stop com.youdao.dict
01-01 07:31:40.317   917 16398 W ActivityManager: Scheduling restart of crashed service com.youdao.dict/com.youdao.mdict.push.PushService in 10843ms
01-01 07:31:40.324   917 16398 W ActivityManager: Force removing ActivityRecord{bac33f u0 com.youdao.dict/.activity.MainActivity t95}: app died, no saved state
01-01 07:31:40.332   917 16398 D ActivityManager: finishRunningVoiceLocked()  >>>>
01-01 07:31:40.341   917 16398 I ActivityManager: Killing 21423:com.youdao.dict:yddictclip/u0a113 (adj 500): stop com.youdao.dict
01-01 07:31:40.395   917 16398 W ActivityManager: Scheduling restart of crashed service com.youdao.dict/.backend.ClipboardWatcher in 10765ms
01-01 07:31:40.399   917 16398 I ActivityManager:   Force stopping service ServiceRecord{3528f1a u0 com.youdao.dict/.backend.ClipboardWatcher}
01-01 07:31:40.400   917 16398 I ActivityManager:   Force stopping service ServiceRecord{a7a82e6 u0 com.youdao.dict/com.netease.pushservice.core.PushLMessageService_V1}
01-01 07:31:40.406   917  1487 W ActivityManager: Spurious death for ProcessRecord{4739b34 0:com.netease.pomelo.push.l.messageservice_V1/u0a113}, curProc for 21441: null
01-01 07:31:40.407   917   928 W ActivityManager: Spurious death for ProcessRecord{4c1e904 0:com.youdao.dict/u0a113}, curProc for 21356: null
01-01 07:31:40.408   917  1484 W ActivityManager: Spurious death for ProcessRecord{cbb1d5d 0:com.youdao.dict:yddictclip/u0a113}, curProc for 21423: null
01-01 07:31:41.317   917   930 I ActivityManager: Force stopping com.youdao.dict appid=10113 user=-1: uninstall pkg
01-01 07:31:41.355   917   940 I PackageManager: Removing old permission: com.aaron.permission.ACCESS_DOWNLOAD_MANAGER_ADVANCED from package com.youdao.dict
01-01 07:31:41.355   917   940 I PackageManager: Removing old permission: com.aaron.permission.ACCESS_DOWNLOAD_MANAGER from package com.youdao.dict
01-01 07:31:41.356   917   940 I PackageManager: Removing old permission: com.aaron.permission.SEND_DOWNLOAD_COMPLETED_INTENTS from package com.youdao.dict
01-01 07:31:41.356   917   940 I PackageManager: Removing old permission: com.alipay.mobile.command.trigger.permission from package com.youdao.dict
01-01 07:31:41.647   917   940 I ActivityManager: Force stopping com.youdao.dict appid=10113 user=0: pkg removed
01-01 07:31:58.553   917   940 I PackageManager: Verification timed out for file:///data/app/vmdl178499466.tmp
01-01 07:31:58.558   917   940 I PackageManager: Continuing with installation of file:///data/app/vmdl178499466.tmp
01-01 07:31:59.497   917   940 E PackageManager: Failed to create app data for com.youdao.dict: com.android.internal.os.InstallerConnection$InstallerException: Failed to execute create_app_data [null, com.youdao.dict, 0, 3, 10114, default, 3]: -1
01-01 07:32:00.568   917  9155 I ActivityManager: START u0 {act=android.intent.action.MAIN cat=[android.intent.category.LAUNCHER] flg=0x10200000 cmp=com.youdao.dict/.DictDemo} from uid 2000 on display 0
01-01 07:32:00.576   917  9155 D ActivityManager: finishRunningVoiceLocked()  >>>>
01-01 07:32:00.833   917  1488 W ActivityManager: Bad activity token: android.os.BinderProxy@6c2fd7a
01-01 07:32:00.833   917  1488 W ActivityManager: java.lang.ClassCastException: android.os.BinderProxy cannot be cast to com.android.server.am.ActivityRecord$Token
01-01 07:32:00.833   917  1488 W ActivityManager: 	at com.android.server.am.ActivityRecord.forTokenLocked(ActivityRecord.java:569)
01-01 07:32:00.833   917  1488 W ActivityManager: 	at com.android.server.am.ActivityRecord.isInStackLocked(ActivityRecord.java:1293)
01-01 07:32:00.833   917  1488 W ActivityManager: 	at com.android.server.am.ActivityRecord.getStackLocked(ActivityRecord.java:1298)
01-01 07:32:00.833   917  1488 W ActivityManager: 	at com.android.server.am.ActivityManagerService.getActivityDisplayId(ActivityManagerService.java:9409)
01-01 07:32:00.833   917  1488 W ActivityManager: 	at android.app.ActivityManagerNative.onTransact(ActivityManagerNative.java:2520)
01-01 07:32:00.833   917  1488 W ActivityManager: 	at com.android.server.am.ActivityManagerService.onTransact(ActivityManagerService.java:2587)
01-01 07:32:00.833   917  1488 W ActivityManager: 	at android.os.Binder.execTransact(Binder.java:562)
01-01 07:32:00.838   917  1485 W ActivityManager: Bad activity token: android.os.BinderProxy@6c2fd7a
01-01 07:32:00.838   917  1485 W ActivityManager: java.lang.ClassCastException: android.os.BinderProxy cannot be cast to com.android.server.am.ActivityRecord$Token
01-01 07:32:00.838   917  1485 W ActivityManager: 	at com.android.server.am.ActivityRecord.forTokenLocked(ActivityRecord.java:569)
01-01 07:32:00.838   917  1485 W ActivityManager: 	at com.android.server.am.ActivityRecord.isInStackLocked(ActivityRecord.java:1293)
01-01 07:32:00.838   917  1485 W ActivityManager: 	at com.android.server.am.ActivityManagerService.setTaskDescription(ActivityManagerService.java:8963)
01-01 07:32:00.838   917  1485 W ActivityManager: 	at android.app.ActivityManagerNative.onTransact(ActivityManagerNative.java:2592)
01-01 07:32:00.838   917  1485 W ActivityManager: 	at com.android.server.am.ActivityManagerService.onTransact(ActivityManagerService.java:2587)
01-01 07:32:00.838   917  1485 W ActivityManager: 	at android.os.Binder.execTransact(Binder.java:562)
01-01 07:32:00.842   917  9155 W ActivityManager: Bad activity token: android.os.BinderProxy@6c2fd7a
01-01 07:32:00.842   917  9155 W ActivityManager: java.lang.ClassCastException: android.os.BinderProxy cannot be cast to com.android.server.am.ActivityRecord$Token
01-01 07:32:00.842   917  9155 W ActivityManager: 	at com.android.server.am.ActivityRecord.forTokenLocked(ActivityRecord.java:569)
01-01 07:32:00.842   917  9155 W ActivityManager: 	at com.android.server.am.ActivityRecord.isInStackLocked(ActivityRecord.java:1293)
01-01 07:32:00.842   917  9155 W ActivityManager: 	at com.android.server.am.ActivityRecord.getStackLocked(ActivityRecord.java:1298)
01-01 07:32:00.842   917  9155 W ActivityManager: 	at com.android.server.am.ActivityManagerService.getActivityStackId(ActivityManagerService.java:9420)
01-01 07:32:00.842   917  9155 W ActivityManager: 	at android.app.ActivityManagerNative.onTransact(ActivityManagerNative.java:2809)
01-01 07:32:00.842   917  9155 W ActivityManager: 	at com.android.server.am.ActivityManagerService.onTransact(ActivityManagerService.java:2587)
01-01 07:32:00.842   917  9155 W ActivityManager: 	at android.os.Binder.execTransact(Binder.java:562)
01-01 07:32:01.855   917  1485 W ActivityManager: Bad activity token: android.os.BinderProxy@6c2fd7a
01-01 07:32:01.855   917  1485 W ActivityManager: java.lang.ClassCastException: android.os.BinderProxy cannot be cast to com.android.server.am.ActivityRecord$Token
01-01 07:32:01.855   917  1485 W ActivityManager: 	at com.android.server.am.ActivityRecord.forTokenLocked(ActivityRecord.java:569)
01-01 07:32:01.855   917  1485 W ActivityManager: 	at com.android.server.am.ActivityRecord.isInStackLocked(ActivityRecord.java:1293)
01-01 07:32:01.855   917  1485 W ActivityManager: 	at com.android.server.am.ActivityManagerService.getActivityOptions(ActivityManagerService.java:11894)
01-01 07:32:01.855   917  1485 W ActivityManager: 	at android.app.ActivityManagerNative.onTransact(ActivityManagerNative.java:1893)
01-01 07:32:01.855   917  1485 W ActivityManager: 	at com.android.server.am.ActivityManagerService.onTransact(ActivityManagerService.java:2587)
01-01 07:32:01.855   917  1485 W ActivityManager: 	at android.os.Binder.execTransact(Binder.java:562)
01-01 07:32:01.856   917  1488 W ActivityManager: Bad activity token: android.os.BinderProxy@6c2fd7a
01-01 07:32:01.856   917  1488 W ActivityManager: java.lang.ClassCastException: android.os.BinderProxy cannot be cast to com.android.server.am.ActivityRecord$Token
01-01 07:32:01.856   917  1488 W ActivityManager: 	at com.android.server.am.ActivityRecord.forTokenLocked(ActivityRecord.java:569)
01-01 07:32:01.856   917  1488 W ActivityManager: 	at com.android.server.am.ActivityRecord.isInStackLocked(ActivityRecord.java:1293)
01-01 07:32:01.856   917  1488 W ActivityManager: 	at com.android.server.am.ActivityManagerService.getActivityOptions(ActivityManagerService.java:11894)
01-01 07:32:01.856   917  1488 W ActivityManager: 	at android.app.ActivityManagerNative.onTransact(ActivityManagerNative.java:1893)
01-01 07:32:01.856   917  1488 W ActivityManager: 	at com.android.server.am.ActivityManagerService.onTransact(ActivityManagerService.java:2587)
01-01 07:32:01.856   917  1488 W ActivityManager: 	at android.os.Binder.execTransact(Binder.java:562)
01-01 07:32:02.538   917   935 I ActivityManager: Displayed com.youdao.dict/.DictDemo: +1s928ms
01-01 07:32:09.660   917   940 W PackageManager: Invalid verification token 17 received
01-01 07:32:11.633   917  1486 I ActivityManager: Force stopping com.youdao.dict appid=10114 user=0: from pid 21729
01-01 07:32:11.634   917  1486 I ActivityManager: Killing 21655:com.youdao.dict/u0a114 (adj 0): stop com.youdao.dict
01-01 07:32:11.774   917  1486 W ActivityManager: Force removing ActivityRecord{d438dca u0 com.youdao.dict/.DictDemo t95}: app died, no saved state
01-01 07:32:11.786   917  1486 D ActivityManager: finishRunningVoiceLocked()  >>>>
01-01 07:32:11.813   917  1485 W ActivityManager: Spurious death for ProcessRecord{996ef5 0:com.youdao.dict/u0a114}, curProc for 21655: null
01-01 07:32:13.893   917   927 I ActivityManager: START u0 {act=android.intent.action.MAIN cat=[android.intent.category.LAUNCHER] flg=0x10200000 cmp=com.youdao.dict/.DictDemo} from uid 2000 on display 0
01-01 07:32:13.895   917   927 D ActivityManager: finishRunningVoiceLocked()  >>>>
01-01 07:32:14.133   917  1486 W ActivityManager: Bad activity token: android.os.BinderProxy@b149092
01-01 07:32:14.133   917  1486 W ActivityManager: java.lang.ClassCastException: android.os.BinderProxy cannot be cast to com.android.server.am.ActivityRecord$Token
01-01 07:32:14.133   917  1486 W ActivityManager: 	at com.android.server.am.ActivityRecord.forTokenLocked(ActivityRecord.java:569)
01-01 07:32:14.133   917  1486 W ActivityManager: 	at com.android.server.am.ActivityRecord.isInStackLocked(ActivityRecord.java:1293)
01-01 07:32:14.133   917  1486 W ActivityManager: 	at com.android.server.am.ActivityRecord.getStackLocked(ActivityRecord.java:1298)
01-01 07:32:14.133   917  1486 W ActivityManager: 	at com.android.server.am.ActivityManagerService.getActivityDisplayId(ActivityManagerService.java:9409)
01-01 07:32:14.133   917  1486 W ActivityManager: 	at android.app.ActivityManagerNative.onTransact(ActivityManagerNative.java:2520)
01-01 07:32:14.133   917  1486 W ActivityManager: 	at com.android.server.am.ActivityManagerService.onTransact(ActivityManagerService.java:2587)
01-01 07:32:14.133   917  1486 W ActivityManager: 	at android.os.Binder.execTransact(Binder.java:562)
01-01 07:32:14.136   917  9155 W ActivityManager: Bad activity token: android.os.BinderProxy@b149092
01-01 07:32:14.136   917  9155 W ActivityManager: java.lang.ClassCastException: android.os.BinderProxy cannot be cast to com.android.server.am.ActivityRecord$Token
01-01 07:32:14.136   917  9155 W ActivityManager: 	at com.android.server.am.ActivityRecord.forTokenLocked(ActivityRecord.java:569)
01-01 07:32:14.136   917  9155 W ActivityManager: 	at com.android.server.am.ActivityRecord.isInStackLocked(ActivityRecord.java:1293)
01-01 07:32:14.136   917  9155 W ActivityManager: 	at com.android.server.am.ActivityManagerService.setTaskDescription(ActivityManagerService.java:8963)
01-01 07:32:14.136   917  9155 W ActivityManager: 	at android.app.ActivityManagerNative.onTransact(ActivityManagerNative.java:2592)
01-01 07:32:14.136   917  9155 W ActivityManager: 	at com.android.server.am.ActivityManagerService.onTransact(ActivityManagerService.java:2587)
01-01 07:32:14.136   917  9155 W ActivityManager: 	at android.os.Binder.execTransact(Binder.java:562)
01-01 07:32:14.138   917  1482 W ActivityManager: Bad activity token: android.os.BinderProxy@b149092
01-01 07:32:14.138   917  1482 W ActivityManager: java.lang.ClassCastException: android.os.BinderProxy cannot be cast to com.android.server.am.ActivityRecord$Token
01-01 07:32:14.138   917  1482 W ActivityManager: 	at com.android.server.am.ActivityRecord.forTokenLocked(ActivityRecord.java:569)
01-01 07:32:14.138   917  1482 W ActivityManager: 	at com.android.server.am.ActivityRecord.isInStackLocked(ActivityRecord.java:1293)
01-01 07:32:14.138   917  1482 W ActivityManager: 	at com.android.server.am.ActivityRecord.getStackLocked(ActivityRecord.java:1298)
01-01 07:32:14.138   917  1482 W ActivityManager: 	at com.android.server.am.ActivityManagerService.getActivityStackId(ActivityManagerService.java:9420)
01-01 07:32:14.138   917  1482 W ActivityManager: 	at android.app.ActivityManagerNative.onTransact(ActivityManagerNative.java:2809)
01-01 07:32:14.138   917  1482 W ActivityManager: 	at com.android.server.am.ActivityManagerService.onTransact(ActivityManagerService.java:2587)
01-01 07:32:14.138   917  1482 W ActivityManager: 	at android.os.Binder.execTransact(Binder.java:562)
01-01 07:32:15.025   917  1484 W ActivityManager: Bad activity token: android.os.BinderProxy@b149092
01-01 07:32:15.025   917  1484 W ActivityManager: java.lang.ClassCastException: android.os.BinderProxy cannot be cast to com.android.server.am.ActivityRecord$Token
01-01 07:32:15.025   917  1484 W ActivityManager: 	at com.android.server.am.ActivityRecord.forTokenLocked(ActivityRecord.java:569)
01-01 07:32:15.025   917  1484 W ActivityManager: 	at com.android.server.am.ActivityRecord.isInStackLocked(ActivityRecord.java:1293)
01-01 07:32:15.025   917  1484 W ActivityManager: 	at com.android.server.am.ActivityManagerService.getActivityOptions(ActivityManagerService.java:11894)
01-01 07:32:15.025   917  1484 W ActivityManager: 	at android.app.ActivityManagerNative.onTransact(ActivityManagerNative.java:1893)
01-01 07:32:15.025   917  1484 W ActivityManager: 	at com.android.server.am.ActivityManagerService.onTransact(ActivityManagerService.java:2587)
01-01 07:32:15.025   917  1484 W ActivityManager: 	at android.os.Binder.execTransact(Binder.java:562)
01-01 07:32:15.029   917  1486 W ActivityManager: Bad activity token: android.os.BinderProxy@b149092
01-01 07:32:15.029   917  1486 W ActivityManager: java.lang.ClassCastException: android.os.BinderProxy cannot be cast to com.android.server.am.ActivityRecord$Token
01-01 07:32:15.029   917  1486 W ActivityManager: 	at com.android.server.am.ActivityRecord.forTokenLocked(ActivityRecord.java:569)
01-01 07:32:15.029   917  1486 W ActivityManager: 	at com.android.server.am.ActivityRecord.isInStackLocked(ActivityRecord.java:1293)
01-01 07:32:15.029   917  1486 W ActivityManager: 	at com.android.server.am.ActivityManagerService.getActivityOptions(ActivityManagerService.java:11894)
01-01 07:32:15.029   917  1486 W ActivityManager: 	at android.app.ActivityManagerNative.onTransact(ActivityManagerNative.java:1893)
01-01 07:32:15.029   917  1486 W ActivityManager: 	at com.android.server.am.ActivityManagerService.onTransact(ActivityManagerService.java:2587)
01-01 07:32:15.029   917  1486 W ActivityManager: 	at android.os.Binder.execTransact(Binder.java:562)
01-01 07:32:15.645   917   935 I ActivityManager: Displayed com.youdao.dict/.DictDemo: +1s731ms
01-01 07:32:24.903   917  5197 I ActivityManager: Force stopping com.youdao.dict appid=10114 user=0: from pid 21814
01-01 07:32:24.903   917  5197 I ActivityManager: Killing 21753:com.youdao.dict/u0a114 (adj 0): stop com.youdao.dict
01-01 07:32:25.045   917  5197 W ActivityManager: Force removing ActivityRecord{d0fdecf u0 com.youdao.dict/.DictDemo t96}: app died, no saved state
01-01 07:32:25.048   917  5197 D ActivityManager: finishRunningVoiceLocked()  >>>>
01-01 07:32:25.066   917  1484 W ActivityManager: Spurious death for ProcessRecord{e435b4a 0:com.youdao.dict/u0a114}, curProc for 21753: null
01-01 07:32:26.383   917   928 I ActivityManager: START u0 {act=android.intent.action.MAIN cat=[android.intent.category.LAUNCHER] flg=0x10200000 cmp=com.youdao.dict/.DictDemo} from uid 2000 on display 0
01-01 07:32:26.389   917   928 D ActivityManager: finishRunningVoiceLocked()  >>>>
01-01 07:32:26.591   917   927 W ActivityManager: Bad activity token: android.os.BinderProxy@be28223
01-01 07:32:26.591   917   927 W ActivityManager: java.lang.ClassCastException: android.os.BinderProxy cannot be cast to com.android.server.am.ActivityRecord$Token
01-01 07:32:26.591   917   927 W ActivityManager: 	at com.android.server.am.ActivityRecord.forTokenLocked(ActivityRecord.java:569)
01-01 07:32:26.591   917   927 W ActivityManager: 	at com.android.server.am.ActivityRecord.isInStackLocked(ActivityRecord.java:1293)
01-01 07:32:26.591   917   927 W ActivityManager: 	at com.android.server.am.ActivityRecord.getStackLocked(ActivityRecord.java:1298)
01-01 07:32:26.591   917   927 W ActivityManager: 	at com.android.server.am.ActivityManagerService.getActivityDisplayId(ActivityManagerService.java:9409)
01-01 07:32:26.591   917   927 W ActivityManager: 	at android.app.ActivityManagerNative.onTransact(ActivityManagerNative.java:2520)
01-01 07:32:26.591   917   927 W ActivityManager: 	at com.android.server.am.ActivityManagerService.onTransact(ActivityManagerService.java:2587)
01-01 07:32:26.591   917   927 W ActivityManager: 	at android.os.Binder.execTransact(Binder.java:562)
01-01 07:32:26.595   917  1482 W ActivityManager: Bad activity token: android.os.BinderProxy@be28223
01-01 07:32:26.595   917  1482 W ActivityManager: java.lang.ClassCastException: android.os.BinderProxy cannot be cast to com.android.server.am.ActivityRecord$Token
01-01 07:32:26.595   917  1482 W ActivityManager: 	at com.android.server.am.ActivityRecord.forTokenLocked(ActivityRecord.java:569)
01-01 07:32:26.595   917  1482 W ActivityManager: 	at com.android.server.am.ActivityRecord.isInStackLocked(ActivityRecord.java:1293)
01-01 07:32:26.595   917  1482 W ActivityManager: 	at com.android.server.am.ActivityManagerService.setTaskDescription(ActivityManagerService.java:8963)
01-01 07:32:26.595   917  1482 W ActivityManager: 	at android.app.ActivityManagerNative.onTransact(ActivityManagerNative.java:2592)
01-01 07:32:26.595   917  1482 W ActivityManager: 	at com.android.server.am.ActivityManagerService.onTransact(ActivityManagerService.java:2587)
01-01 07:32:26.595   917  1482 W ActivityManager: 	at android.os.Binder.execTransact(Binder.java:562)
01-01 07:32:26.598   917  1484 W ActivityManager: Bad activity token: android.os.BinderProxy@be28223
01-01 07:32:26.598   917  1484 W ActivityManager: java.lang.ClassCastException: android.os.BinderProxy cannot be cast to com.android.server.am.ActivityRecord$Token
01-01 07:32:26.598   917  1484 W ActivityManager: 	at com.android.server.am.ActivityRecord.forTokenLocked(ActivityRecord.java:569)
01-01 07:32:26.598   917  1484 W ActivityManager: 	at com.android.server.am.ActivityRecord.isInStackLocked(ActivityRecord.java:1293)
01-01 07:32:26.598   917  1484 W ActivityManager: 	at com.android.server.am.ActivityRecord.getStackLocked(ActivityRecord.java:1298)
01-01 07:32:26.598   917  1484 W ActivityManager: 	at com.android.server.am.ActivityManagerService.getActivityStackId(ActivityManagerService.java:9420)
01-01 07:32:26.598   917  1484 W ActivityManager: 	at android.app.ActivityManagerNative.onTransact(ActivityManagerNative.java:2809)
01-01 07:32:26.598   917  1484 W ActivityManager: 	at com.android.server.am.ActivityManagerService.onTransact(ActivityManagerService.java:2587)
01-01 07:32:26.598   917  1484 W ActivityManager: 	at android.os.Binder.execTransact(Binder.java:562)
01-01 07:32:27.447   917 16398 W ActivityManager: Bad activity token: android.os.BinderProxy@be28223
01-01 07:32:27.447   917 16398 W ActivityManager: java.lang.ClassCastException: android.os.BinderProxy cannot be cast to com.android.server.am.ActivityRecord$Token
01-01 07:32:27.447   917 16398 W ActivityManager: 	at com.android.server.am.ActivityRecord.forTokenLocked(ActivityRecord.java:569)
01-01 07:32:27.447   917 16398 W ActivityManager: 	at com.android.server.am.ActivityRecord.isInStackLocked(ActivityRecord.java:1293)
01-01 07:32:27.447   917 16398 W ActivityManager: 	at com.android.server.am.ActivityManagerService.getActivityOptions(ActivityManagerService.java:11894)
01-01 07:32:27.447   917 16398 W ActivityManager: 	at android.app.ActivityManagerNative.onTransact(ActivityManagerNative.java:1893)
01-01 07:32:27.447   917 16398 W ActivityManager: 	at com.android.server.am.ActivityManagerService.onTransact(ActivityManagerService.java:2587)
01-01 07:32:27.447   917 16398 W ActivityManager: 	at android.os.Binder.execTransact(Binder.java:562)
01-01 07:32:27.448   917  1483 W ActivityManager: Bad activity token: android.os.BinderProxy@be28223
01-01 07:32:27.448   917  1483 W ActivityManager: java.lang.ClassCastException: android.os.BinderProxy cannot be cast to com.android.server.am.ActivityRecord$Token
01-01 07:32:27.448   917  1483 W ActivityManager: 	at com.android.server.am.ActivityRecord.forTokenLocked(ActivityRecord.java:569)
01-01 07:32:27.448   917  1483 W ActivityManager: 	at com.android.server.am.ActivityRecord.isInStackLocked(ActivityRecord.java:1293)
01-01 07:32:27.448   917  1483 W ActivityManager: 	at com.android.server.am.ActivityManagerService.getActivityOptions(ActivityManagerService.java:11894)
01-01 07:32:27.448   917  1483 W ActivityManager: 	at android.app.ActivityManagerNative.onTransact(ActivityManagerNative.java:1893)
01-01 07:32:27.448   917  1483 W ActivityManager: 	at com.android.server.am.ActivityManagerService.onTransact(ActivityManagerService.java:2587)
01-01 07:32:27.448   917  1483 W ActivityManager: 	at android.os.Binder.execTransact(Binder.java:562)
01-01 07:32:28.069   917   935 I ActivityManager: Displayed com.youdao.dict/.DictDemo: +1s666ms
01-01 07:32:37.346   917 16398 I ActivityManager: Force stopping com.youdao.dict appid=10114 user=0: from pid 21900
01-01 07:32:37.347   917 16398 I ActivityManager: Killing 21837:com.youdao.dict/u0a114 (adj 0): stop com.youdao.dict
01-01 07:32:37.534   917 16398 W ActivityManager: Force removing ActivityRecord{e3a891c u0 com.youdao.dict/.DictDemo t97}: app died, no saved state
01-01 07:32:37.544   917 16398 D ActivityManager: finishRunningVoiceLocked()  >>>>
01-01 07:32:38.479   917  1486 I ActivityManager: START u0 {act=android.intent.action.MAIN cat=[android.intent.category.LAUNCHER] flg=0x10200000 cmp=com.youdao.dict/.DictDemo} from uid 2000 on display 0
01-01 07:32:38.497   917  1486 D ActivityManager: finishRunningVoiceLocked()  >>>>
01-01 07:32:38.855   917 12096 W ActivityManager: Bad activity token: android.os.BinderProxy@7a46e12
01-01 07:32:38.855   917 12096 W ActivityManager: java.lang.ClassCastException: android.os.BinderProxy cannot be cast to com.android.server.am.ActivityRecord$Token
01-01 07:32:38.855   917 12096 W ActivityManager: 	at com.android.server.am.ActivityRecord.forTokenLocked(ActivityRecord.java:569)
01-01 07:32:38.855   917 12096 W ActivityManager: 	at com.android.server.am.ActivityRecord.isInStackLocked(ActivityRecord.java:1293)
01-01 07:32:38.855   917 12096 W ActivityManager: 	at com.android.server.am.ActivityRecord.getStackLocked(ActivityRecord.java:1298)
01-01 07:32:38.855   917 12096 W ActivityManager: 	at com.android.server.am.ActivityManagerService.getActivityDisplayId(ActivityManagerService.java:9409)
01-01 07:32:38.855   917 12096 W ActivityManager: 	at android.app.ActivityManagerNative.onTransact(ActivityManagerNative.java:2520)
01-01 07:32:38.855   917 12096 W ActivityManager: 	at com.android.server.am.ActivityManagerService.onTransact(ActivityManagerService.java:2587)
01-01 07:32:38.855   917 12096 W ActivityManager: 	at android.os.Binder.execTransact(Binder.java:562)
01-01 07:32:38.860   917  1483 W ActivityManager: Bad activity token: android.os.BinderProxy@7a46e12
01-01 07:32:38.860   917  1483 W ActivityManager: java.lang.ClassCastException: android.os.BinderProxy cannot be cast to com.android.server.am.ActivityRecord$Token
01-01 07:32:38.860   917  1483 W ActivityManager: 	at com.android.server.am.ActivityRecord.forTokenLocked(ActivityRecord.java:569)
01-01 07:32:38.860   917  1483 W ActivityManager: 	at com.android.server.am.ActivityRecord.isInStackLocked(ActivityRecord.java:1293)
01-01 07:32:38.860   917  1483 W ActivityManager: 	at com.android.server.am.ActivityManagerService.setTaskDescription(ActivityManagerService.java:8963)
01-01 07:32:38.860   917  1483 W ActivityManager: 	at android.app.ActivityManagerNative.onTransact(ActivityManagerNative.java:2592)
01-01 07:32:38.860   917  1483 W ActivityManager: 	at com.android.server.am.ActivityManagerService.onTransact(ActivityManagerService.java:2587)
01-01 07:32:38.860   917  1483 W ActivityManager: 	at android.os.Binder.execTransact(Binder.java:562)
01-01 07:32:38.864   917   928 W ActivityManager: Bad activity token: android.os.BinderProxy@7a46e12
01-01 07:32:38.864   917   928 W ActivityManager: java.lang.ClassCastException: android.os.BinderProxy cannot be cast to com.android.server.am.ActivityRecord$Token
01-01 07:32:38.864   917   928 W ActivityManager: 	at com.android.server.am.ActivityRecord.forTokenLocked(ActivityRecord.java:569)
01-01 07:32:38.864   917   928 W ActivityManager: 	at com.android.server.am.ActivityRecord.isInStackLocked(ActivityRecord.java:1293)
01-01 07:32:38.864   917   928 W ActivityManager: 	at com.android.server.am.ActivityRecord.getStackLocked(ActivityRecord.java:1298)
01-01 07:32:38.864   917   928 W ActivityManager: 	at com.android.server.am.ActivityManagerService.getActivityStackId(ActivityManagerService.java:9420)
01-01 07:32:38.864   917   928 W ActivityManager: 	at android.app.ActivityManagerNative.onTransact(ActivityManagerNative.java:2809)
01-01 07:32:38.864   917   928 W ActivityManager: 	at com.android.server.am.ActivityManagerService.onTransact(ActivityManagerService.java:2587)
01-01 07:32:38.864   917   928 W ActivityManager: 	at android.os.Binder.execTransact(Binder.java:562)
01-01 07:32:39.893   917  1485 W ActivityManager: Bad activity token: android.os.BinderProxy@7a46e12
01-01 07:32:39.893   917  1485 W ActivityManager: java.lang.ClassCastException: android.os.BinderProxy cannot be cast to com.android.server.am.ActivityRecord$Token
01-01 07:32:39.893   917  1485 W ActivityManager: 	at com.android.server.am.ActivityRecord.forTokenLocked(ActivityRecord.java:569)
01-01 07:32:39.893   917  1485 W ActivityManager: 	at com.android.server.am.ActivityRecord.isInStackLocked(ActivityRecord.java:1293)
01-01 07:32:39.893   917  1485 W ActivityManager: 	at com.android.server.am.ActivityManagerService.getActivityOptions(ActivityManagerService.java:11894)
