W/ActivityManager(  811): getRunningAppProcesses: caller 10456 does not hold REAL_GET_TASKS; limiting output
W/ActivityManager(  811): getRunningAppProcesses: caller 10456 does not hold REAL_GET_TASKS; limiting output
W/ActivityManager(  811): getRunningAppProcesses: caller 10456 does not hold REAL_GET_TASKS; limiting output
W/ActivityManager(  811): getRunningAppProcesses: caller 10456 does not hold REAL_GET_TASKS; limiting output
W/ActivityManager(  811): getRunningAppProcesses: caller 10456 does not hold REAL_GET_TASKS; limiting output
W/ActivityManager(  811): getRunningAppProcesses: caller 10456 does not hold REAL_GET_TASKS; limiting output
W/ActivityManager(  811): getRunningAppProcesses: caller 10456 does not hold REAL_GET_TASKS; limiting output
I/ActivityManager(  811): Displayed com.taobao.taobao/com.taobao.tao.welcome.Welcome: +866ms
W/ActivityManager(  811): getTasks: caller 10456 does not hold REAL_GET_TASKS; limiting output
W/ActivityManager(  811): getTasks: caller 10456 does not hold REAL_GET_TASKS; limiting output
W/ActivityManager(  811): Unable to start service Intent { act=anetwork.channel.aidl.ISwitchHandlerSetter pkg=com.taobao.taobao } U=0: not found
W/ActivityManager(  811): getRunningAppProcesses: caller 10456 does not hold REAL_GET_TASKS; limiting output
W/ActivityManager(  811): getRunningAppProcesses: caller 10456 does not hold REAL_GET_TASKS; limiting output
W/ActivityManager(  811): getRunningAppProcesses: caller 10456 does not hold REAL_GET_TASKS; limiting output
W/ActivityManager(  811): getRunningAppProcesses: caller 10456 does not hold REAL_GET_TASKS; limiting output
I/ActivityManager(  811): START u0 {act=android.intent.action.VIEW dat=http://m.taobao.com/index.htm flg=0x4000000 pkg=com.taobao.taobao cmp=com.taobao.taobao/com.taobao.tao.homepage.MainActivity3 (has extras)} from uid 10456 on display 0
W/ActivityManager(  811): getTasks: caller 10456 does not hold REAL_GET_TASKS; limiting output
W/ActivityManager(  811): getRunningAppProcesses: caller 10456 does not hold REAL_GET_TASKS; limiting output
W/ActivityManager(  811): getTasks: caller 10456 does not hold REAL_GET_TASKS; limiting output
W/ActivityManager(  811): getRunningAppProcesses: caller 10456 does not hold REAL_GET_TASKS; limiting output
I/ActivityManager(  811): Displayed com.taobao.taobao/com.taobao.tao.homepage.MainActivity3: +1s20ms
W/ActivityManager(  811): getRunningAppProcesses: caller 10456 does not hold REAL_GET_TASKS; limiting output
W/ActivityManager(  811): getRunningAppProcesses: caller 10456 does not hold REAL_GET_TASKS; limiting output
W/ActivityManager(  811): getTasks: caller 10456 does not hold REAL_GET_TASKS; limiting output
W/ActivityManager(  811): getRunningAppProcesses: caller 10456 does not hold REAL_GET_TASKS; limiting output
W/ActivityManager(  811): getRunningAppProcesses: caller 10456 does not hold REAL_GET_TASKS; limiting output
I/ActivityManager(  811): Force stopping com.taobao.taobao appid=10456 user=0: from pid 1840
I/ActivityManager(  811): Killing 1600:com.taobao.taobao/u0a456 (adj 0): stop com.taobao.taobao
W/ActivityManager(  811): Force removing ActivityRecord{178ca71c u0 com.taobao.taobao/com.taobao.tao.homepage.MainActivity3 t2162}: app died, no saved state
W/ActivityManager(  811): Spurious death for ProcessRecord{36ca7c7e 1600:com.taobao.taobao/u0a456}, curProc for 1600: null
I/ActivityManager(  811): START u0 {act=android.intent.action.MAIN cat=[android.intent.category.LAUNCHER] flg=0x10200000 cmp=com.taobao.taobao/com.taobao.tao.welcome.Welcome} from uid 2000 on display 0
I/ActivityManager(  811): Start proc 1888:com.taobao.taobao/u0a456 for activity com.taobao.taobao/com.taobao.tao.welcome.Welcome
W/ActivityManager(  811): getRunningAppProcesses: caller 10456 does not hold REAL_GET_TASKS; limiting output
W/ActivityManager(  811): getRunningAppProcesses: caller 10456 does not hold REAL_GET_TASKS; limiting output
W/ActivityManager(  811): getRunningAppProcesses: caller 10456 does not hold REAL_GET_TASKS; limiting output
W/ActivityManager(  811): getRunningAppProcesses: caller 10456 does not hold REAL_GET_TASKS; limiting output
W/ActivityManager(  811): getRunningAppProcesses: caller 10456 does not hold REAL_GET_TASKS; limiting output
W/ActivityManager(  811): getRunningAppProcesses: caller 10456 does not hold REAL_GET_TASKS; limiting output
W/ActivityManager(  811): getRunningAppProcesses: caller 10456 does not hold REAL_GET_TASKS; limiting output
W/ActivityManager(  811): getRunningAppProcesses: caller 10456 does not hold REAL_GET_TASKS; limiting output
W/ActivityManager(  811): getRunningAppProcesses: caller 10456 does not hold REAL_GET_TASKS; limiting output
W/ActivityManager(  811): getRunningAppProcesses: caller 10456 does not hold REAL_GET_TASKS; limiting output
W/ActivityManager(  811): getRunningAppProcesses: caller 10456 does not hold REAL_GET_TASKS; limiting output
W/ActivityManager(  811): getRunningAppProcesses: caller 10456 does not hold REAL_GET_TASKS; limiting output
W/ActivityManager(  811): getRunningAppProcesses: caller 10456 does not hold REAL_GET_TASKS; limiting output
I/ActivityManager(  811): Displayed com.taobao.taobao/com.taobao.tao.welcome.Welcome: +1s14ms
W/ActivityManager(  811): Unable to start service Intent { act=anetwork.channel.aidl.ISwitchHandlerSetter pkg=com.taobao.taobao } U=0: not found
W/ActivityManager(  811): getRunningAppProcesses: caller 10456 does not hold REAL_GET_TASKS; limiting output
W/ActivityManager(  811): getTasks: caller 10456 does not hold REAL_GET_TASKS; limiting output
W/ActivityManager(  811): getTasks: caller 10456 does not hold REAL_GET_TASKS; limiting output
W/ActivityManager(  811): getRunningAppProcesses: caller 10456 does not hold REAL_GET_TASKS; limiting output
W/ActivityManager(  811): getRunningAppProcesses: caller 10456 does not hold REAL_GET_TASKS; limiting output
W/ActivityManager(  811): getRunningAppProcesses: caller 10456 does not hold REAL_GET_TASKS; limiting output
I/ActivityManager(  811): START u0 {act=android.intent.action.VIEW dat=http://m.taobao.com/index.htm flg=0x4000000 pkg=com.taobao.taobao cmp=com.taobao.taobao/com.taobao.tao.homepage.MainActivity3 (has extras)} from uid 10456 on display 0
W/ActivityManager(  811): getTasks: caller 10456 does not hold REAL_GET_TASKS; limiting output
W/ActivityManager(  811): getRunningAppProcesses: caller 10456 does not hold REAL_GET_TASKS; limiting output
W/ActivityManager(  811): getTasks: caller 10456 does not hold REAL_GET_TASKS; limiting output
W/ActivityManager(  811): getRunningAppProcesses: caller 10456 does not hold REAL_GET_TASKS; limiting output
W/ActivityManager(  811): getRunningAppProcesses: caller 10456 does not hold REAL_GET_TASKS; limiting output
I/ActivityManager(  811): Displayed com.taobao.taobao/com.taobao.tao.homepage.MainActivity3: +991ms
W/ActivityManager(  811): getRunningAppProcesses: caller 10456 does not hold REAL_GET_TASKS; limiting output
W/ActivityManager(  811): getRunningAppProcesses: caller 10456 does not hold REAL_GET_TASKS; limiting output
W/ActivityManager(  811): getTasks: caller 10456 does not hold REAL_GET_TASKS; limiting output
W/ActivityManager(  811): getRunningAppProcesses: caller 10456 does not hold REAL_GET_TASKS; limiting output
I/ActivityManager(  811): Force stopping com.taobao.taobao appid=10456 user=0: from pid 2121
I/ActivityManager(  811): Killing 1888:com.taobao.taobao/u0a456 (adj 0): stop com.taobao.taobao
W/ActivityManager(  811): Force removing ActivityRecord{c0e2faa u0 com.taobao.taobao/com.taobao.tao.homepage.MainActivity3 t2163}: app died, no saved state
W/ActivityManager(  811): Spurious death for ProcessRecord{16ae1dc4 1888:com.taobao.taobao/u0a456}, curProc for 1888: null
I/ActivityManager(  811): START u0 {act=android.intent.action.MAIN cat=[android.intent.category.LAUNCHER] flg=0x10200000 cmp=com.taobao.taobao/com.taobao.tao.welcome.Welcome} from uid 2000 on display 0
I/ActivityManager(  811): Start proc 2165:com.taobao.taobao/u0a456 for activity com.taobao.taobao/com.taobao.tao.welcome.Welcome
W/ActivityManager(  811): getRunningAppProcesses: caller 10456 does not hold REAL_GET_TASKS; limiting output
W/ActivityManager(  811): getRunningAppProcesses: caller 10456 does not hold REAL_GET_TASKS; limiting output
W/ActivityManager(  811): getRunningAppProcesses: caller 10456 does not hold REAL_GET_TASKS; limiting output
W/ActivityManager(  811): getRunningAppProcesses: caller 10456 does not hold REAL_GET_TASKS; limiting output
W/ActivityManager(  811): getRunningAppProcesses: caller 10456 does not hold REAL_GET_TASKS; limiting output
W/ActivityManager(  811): getRunningAppProcesses: caller 10456 does not hold REAL_GET_TASKS; limiting output
W/ActivityManager(  811): getRunningAppProcesses: caller 10456 does not hold REAL_GET_TASKS; limiting output
W/ActivityManager(  811): getRunningAppProcesses: caller 10456 does not hold REAL_GET_TASKS; limiting output
W/ActivityManager(  811): getRunningAppProcesses: caller 10456 does not hold REAL_GET_TASKS; limiting output
W/ActivityManager(  811): getRunningAppProcesses: caller 10456 does not hold REAL_GET_TASKS; limiting output
W/ActivityManager(  811): getRunningAppProcesses: caller 10456 does not hold REAL_GET_TASKS; limiting output
W/ActivityManager(  811): getRunningAppProcesses: caller 10456 does not hold REAL_GET_TASKS; limiting output
W/ActivityManager(  811): Unable to start service Intent { act=anetwork.channel.aidl.ISwitchHandlerSetter pkg=com.taobao.taobao } U=0: not found
W/ActivityManager(  811): getRunningAppProcesses: caller 10456 does not hold REAL_GET_TASKS; limiting output
I/ActivityManager(  811): Displayed com.taobao.taobao/com.taobao.tao.welcome.Welcome: +789ms
W/ActivityManager(  811): getRunningAppProcesses: caller 10456 does not hold REAL_GET_TASKS; limiting output
W/ActivityManager(  811): getRunningAppProcesses: caller 10456 does not hold REAL_GET_TASKS; limiting output
W/ActivityManager(  811): getRunningAppProcesses: caller 10456 does not hold REAL_GET_TASKS; limiting output
W/ActivityManager(  811): getRunningAppProcesses: caller 10456 does not hold REAL_GET_TASKS; limiting output
W/ActivityManager(  811): getTasks: caller 10456 does not hold REAL_GET_TASKS; limiting output
W/ActivityManager(  811): getTasks: caller 10456 does not hold REAL_GET_TASKS; limiting output
W/ActivityManager(  811): getRunningAppProcesses: caller 10456 does not hold REAL_GET_TASKS; limiting output
I/ActivityManager(  811): START u0 {act=android.intent.action.VIEW dat=http://m.taobao.com/index.htm flg=0x4000000 pkg=com.taobao.taobao cmp=com.taobao.taobao/com.taobao.tao.homepage.MainActivity3 (has extras)} from uid 10456 on display 0
W/ActivityManager(  811): getTasks: caller 10456 does not hold REAL_GET_TASKS; limiting output
W/ActivityManager(  811): getTasks: caller 10456 does not hold REAL_GET_TASKS; limiting output
W/ActivityManager(  811): getRunningAppProcesses: caller 10456 does not hold REAL_GET_TASKS; limiting output
W/ActivityManager(  811): getRunningAppProcesses: caller 10456 does not hold REAL_GET_TASKS; limiting output
I/ActivityManager(  811): Displayed com.taobao.taobao/com.taobao.tao.homepage.MainActivity3: +836ms
W/ActivityManager(  811): getRunningAppProcesses: caller 10456 does not hold REAL_GET_TASKS; limiting output
W/ActivityManager(  811): getRunningAppProcesses: caller 10456 does not hold REAL_GET_TASKS; limiting output
W/ActivityManager(  811): getTasks: caller 10456 does not hold REAL_GET_TASKS; limiting output
W/ActivityManager(  811): getRunningAppProcesses: caller 10456 does not hold REAL_GET_TASKS; limiting output
I/ActivityManager(  811): Force stopping com.taobao.taobao appid=10456 user=0: from pid 2366
I/ActivityManager(  811): Killing 2165:com.taobao.taobao/u0a456 (adj 0): stop com.taobao.taobao
W/ActivityManager(  811): Force removing ActivityRecord{5ffd86f u0 com.taobao.taobao/com.taobao.tao.homepage.MainActivity3 t2164}: app died, no saved state
W/ActivityManager(  811): Spurious death for ProcessRecord{247f00e1 2165:com.taobao.taobao/u0a456}, curProc for 2165: null
I/ActivityManager(  811): START u0 {act=android.intent.action.MAIN cat=[android.intent.category.LAUNCHER] flg=0x10200000 cmp=com.taobao.taobao/com.taobao.tao.welcome.Welcome} from uid 2000 on display 0
I/ActivityManager(  811): Start proc 2400:com.taobao.taobao/u0a456 for activity com.taobao.taobao/com.taobao.tao.welcome.Welcome
W/ActivityManager(  811): getRunningAppProcesses: caller 10456 does not hold REAL_GET_TASKS; limiting output
W/ActivityManager(  811): getRunningAppProcesses: caller 10456 does not hold REAL_GET_TASKS; limiting output
W/ActivityManager(  811): getRunningAppProcesses: caller 10456 does not hold REAL_GET_TASKS; limiting output
W/ActivityManager(  811): getRunningAppProcesses: caller 10456 does not hold REAL_GET_TASKS; limiting output
W/ActivityManager(  811): getRunningAppProcesses: caller 10456 does not hold REAL_GET_TASKS; limiting output
W/ActivityManager(  811): getRunningAppProcesses: caller 10456 does not hold REAL_GET_TASKS; limiting output
W/ActivityManager(  811): getRunningAppProcesses: caller 10456 does not hold REAL_GET_TASKS; limiting output
W/ActivityManager(  811): getRunningAppProcesses: caller 10456 does not hold REAL_GET_TASKS; limiting output
W/ActivityManager(  811): getRunningAppProcesses: caller 10456 does not hold REAL_GET_TASKS; limiting output
W/ActivityManager(  811): getRunningAppProcesses: caller 10456 does not hold REAL_GET_TASKS; limiting output
W/ActivityManager(  811): getRunningAppProcesses: caller 10456 does not hold REAL_GET_TASKS; limiting output
W/ActivityManager(  811): getRunningAppProcesses: caller 10456 does not hold REAL_GET_TASKS; limiting output
I/ActivityManager(  811): Displayed com.taobao.taobao/com.taobao.tao.welcome.Welcome: +845ms
W/ActivityManager(  811): getRunningAppProcesses: caller 10456 does not hold REAL_GET_TASKS; limiting output
W/ActivityManager(  811): Unable to start service Intent { act=anetwork.channel.aidl.ISwitchHandlerSetter pkg=com.taobao.taobao } U=0: not found
W/ActivityManager(  811): getRunningAppProcesses: caller 10456 does not hold REAL_GET_TASKS; limiting output
W/ActivityManager(  811): getRunningAppProcesses: caller 10456 does not hold REAL_GET_TASKS; limiting output
W/ActivityManager(  811): getRunningAppProcesses: caller 10456 does not hold REAL_GET_TASKS; limiting output
W/ActivityManager(  811): getRunningAppProcesses: caller 10456 does not hold REAL_GET_TASKS; limiting output
I/ActivityManager(  811): START u0 {act=android.intent.action.VIEW dat=http://m.taobao.com/index.htm flg=0x4000000 pkg=com.taobao.taobao cmp=com.taobao.taobao/com.taobao.tao.homepage.MainActivity3 (has extras)} from uid 10456 on display 0
W/ActivityManager(  811): getRunningAppProcesses: caller 10456 does not hold REAL_GET_TASKS; limiting output
W/ActivityManager(  811): getTasks: caller 10456 does not hold REAL_GET_TASKS; limiting output
W/ActivityManager(  811): getTasks: caller 10456 does not hold REAL_GET_TASKS; limiting output
W/ActivityManager(  811): getTasks: caller 10456 does not hold REAL_GET_TASKS; limiting output
W/ActivityManager(  811): getTasks: caller 10456 does not hold REAL_GET_TASKS; limiting output
W/ActivityManager(  811): getRunningAppProcesses: caller 10456 does not hold REAL_GET_TASKS; limiting output
W/ActivityManager(  811): getRunningAppProcesses: caller 10456 does not hold REAL_GET_TASKS; limiting output
I/ActivityManager(  811): Displayed com.taobao.taobao/com.taobao.tao.homepage.MainActivity3: +959ms
W/ActivityManager(  811): getRunningAppProcesses: caller 10456 does not hold REAL_GET_TASKS; limiting output
W/ActivityManager(  811): getRunningAppProcesses: caller 10456 does not hold REAL_GET_TASKS; limiting output
W/ActivityManager(  811): getTasks: caller 10456 does not hold REAL_GET_TASKS; limiting output
W/ActivityManager(  811): getRunningAppProcesses: caller 10456 does not hold REAL_GET_TASKS; limiting output
I/ActivityManager(  811): Force stopping com.taobao.taobao appid=10456 user=0: from pid 2605
I/ActivityManager(  811): Killing 2400:com.taobao.taobao/u0a456 (adj 0): stop com.taobao.taobao
W/ActivityManager(  811): Force removing ActivityRecord{1529cc7c u0 com.taobao.taobao/com.taobao.tao.homepage.MainActivity3 t2165}: app died, no saved state
W/ActivityManager(  811): Spurious death for ProcessRecord{3aa2beea 2400:com.taobao.taobao/u0a456}, curProc for 2400: null
I/ActivityManager(  811): Force stopping com.taobao.taobao appid=10456 user=-1: uninstall pkg
I/ActivityManager(  811): Force stopping com.taobao.taobao appid=10456 user=0: pkg removed
I/PackageManager(  811): Verification timed out for file:///data/local/tmp/b3eaf5772588e88394e0885ac0e8ee7c.apk
I/PackageManager(  811): Continuing with installation of file:///data/local/tmp/b3eaf5772588e88394e0885ac0e8ee7c.apk
D/PackageManager(  811): Renaming /data/app/vmdl172182509.tmp to /data/app/com.taobao.taobao-1
I/PackageManager(  811): Running dexopt on: /data/app/com.taobao.taobao-1/base.apk pkg=com.taobao.taobao isa=arm vmSafeMode=false
W/PackageManager(  811): Permission group com.taobao.permission-group.ACCOUNT from package com.taobao.taobao ignored: original from com.taobao.taobao
W/PackageManager(  811): Unknown permission com.android.launcher.permission.READ_SETTINGS in package com.taobao.taobao
W/PackageManager(  811): Unknown permission com.android.launcher2.permission.READ_SETTINGS in package com.taobao.taobao
I/ActivityManager(  811): START u0 {act=android.intent.action.MAIN cat=[android.intent.category.LAUNCHER] flg=0x10200000 cmp=com.taobao.taobao/com.taobao.tao.Welcome} from uid 2000 on display 0
I/ActivityManager(  811): Start proc 2713:com.taobao.taobao/u0a457 for activity com.taobao.taobao/com.taobao.tao.Welcome
W/ActivityManager(  811): getRunningAppProcesses: caller 10457 does not hold REAL_GET_TASKS; limiting output
I/ActivityManager(  811): Displayed com.taobao.taobao/com.taobao.tao.Welcome: +604ms
I/ActivityManager(  811): START u0 {flg=0x4000000 cmp=com.taobao.taobao/com.taobao.tao.MainActivity2} from uid 10457 on display 0
I/ActivityManager(  811): Displayed com.taobao.taobao/com.taobao.tao.MainActivity2: +806ms
I/ActivityManager(  811): Force stopping com.taobao.taobao appid=10457 user=0: from pid 2859
I/ActivityManager(  811): Killing 2713:com.taobao.taobao/u0a457 (adj 0): stop com.taobao.taobao
W/ActivityManager(  811): Scheduling restart of crashed service com.taobao.taobao/android.taobao.agoo.service.AgooService in 1000ms
W/ActivityManager(  811): Force removing ActivityRecord{23eba431 u0 com.taobao.taobao/com.taobao.tao.MainActivity2 t2166}: app died, no saved state
I/ActivityManager(  811):   Force stopping service ServiceRecord{370d4e78 u0 com.taobao.taobao/android.taobao.agoo.service.AgooService}
W/ActivityManager(  811): Spurious death for ProcessRecord{fc94cb4 2713:com.taobao.taobao/u0a457}, curProc for 2713: null
I/ActivityManager(  811): START u0 {act=android.intent.action.MAIN cat=[android.intent.category.LAUNCHER] flg=0x10200000 cmp=com.taobao.taobao/com.taobao.tao.Welcome} from uid 2000 on display 0
I/ActivityManager(  811): Start proc 2893:com.taobao.taobao/u0a457 for activity com.taobao.taobao/com.taobao.tao.Welcome
W/ActivityManager(  811): getRunningAppProcesses: caller 10457 does not hold REAL_GET_TASKS; limiting output
I/ActivityManager(  811): Displayed com.taobao.taobao/com.taobao.tao.Welcome: +563ms
I/ActivityManager(  811): START u0 {flg=0x4000000 cmp=com.taobao.taobao/com.taobao.tao.MainActivity2} from uid 10457 on display 0
I/ActivityManager(  811): Displayed com.taobao.taobao/com.taobao.tao.MainActivity2: +301ms
I/ActivityManager(  811): Force stopping com.taobao.taobao appid=10457 user=0: from pid 3027
I/ActivityManager(  811): Killing 2893:com.taobao.taobao/u0a457 (adj 0): stop com.taobao.taobao
W/ActivityManager(  811): Scheduling restart of crashed service com.taobao.taobao/android.taobao.agoo.service.AgooService in 1000ms
W/ActivityManager(  811): Force removing ActivityRecord{1a5c02d3 u0 com.taobao.taobao/com.taobao.tao.MainActivity2 t2167}: app died, no saved state
I/ActivityManager(  811):   Force stopping service ServiceRecord{2ca9b42d u0 com.taobao.taobao/android.taobao.agoo.service.AgooService}
W/ActivityManager(  811): Spurious death for ProcessRecord{1d418c1f 2893:com.taobao.taobao/u0a457}, curProc for 2893: null
I/ActivityManager(  811): START u0 {act=android.intent.action.MAIN cat=[android.intent.category.LAUNCHER] flg=0x10200000 cmp=com.taobao.taobao/com.taobao.tao.Welcome} from uid 2000 on display 0
I/ActivityManager(  811): Start proc 3063:com.taobao.taobao/u0a457 for activity com.taobao.taobao/com.taobao.tao.Welcome
W/ActivityManager(  811): getRunningAppProcesses: caller 10457 does not hold REAL_GET_TASKS; limiting output
I/ActivityManager(  811): Displayed com.taobao.taobao/com.taobao.tao.Welcome: +568ms
I/ActivityManager(  811): START u0 {flg=0x4000000 cmp=com.taobao.taobao/com.taobao.tao.MainActivity2} from uid 10457 on display 0
I/ActivityManager(  811): Displayed com.taobao.taobao/com.taobao.tao.MainActivity2: +302ms
I/ActivityManager(  811): Force stopping com.taobao.taobao appid=10457 user=0: from pid 3179
I/ActivityManager(  811): Killing 3063:com.taobao.taobao/u0a457 (adj 0): stop com.taobao.taobao
W/ActivityManager(  811): Scheduling restart of crashed service com.taobao.taobao/android.taobao.agoo.service.AgooService in 1000ms
W/ActivityManager(  811): Force removing ActivityRecord{22e721a9 u0 com.taobao.taobao/com.taobao.tao.MainActivity2 t2168}: app died, no saved state
I/ActivityManager(  811):   Force stopping service ServiceRecord{217a85ce u0 com.taobao.taobao/android.taobao.agoo.service.AgooService}
W/ActivityManager(  811): Spurious death for ProcessRecord{200442db 3063:com.taobao.taobao/u0a457}, curProc for 3063: null
I/ActivityManager(  811): START u0 {act=android.intent.action.MAIN cat=[android.intent.category.LAUNCHER] flg=0x10200000 cmp=com.taobao.taobao/com.taobao.tao.Welcome} from uid 2000 on display 0
I/ActivityManager(  811): Start proc 3226:com.taobao.taobao/u0a457 for activity com.taobao.taobao/com.taobao.tao.Welcome
W/ActivityManager(  811): getRunningAppProcesses: caller 10457 does not hold REAL_GET_TASKS; limiting output
I/ActivityManager(  811): Displayed com.taobao.taobao/com.taobao.tao.Welcome: +507ms
I/ActivityManager(  811): START u0 {flg=0x4000000 cmp=com.taobao.taobao/com.taobao.tao.MainActivity2} from uid 10457 on display 0
I/ActivityManager(  811): Displayed com.taobao.taobao/com.taobao.tao.MainActivity2: +350ms
I/ActivityManager(  811): Force stopping com.taobao.taobao appid=10457 user=0: from pid 3338
I/ActivityManager(  811): Killing 3226:com.taobao.taobao/u0a457 (adj 0): stop com.taobao.taobao
W/ActivityManager(  811): Scheduling restart of crashed service com.taobao.taobao/android.taobao.agoo.service.AgooService in 1000ms
W/ActivityManager(  811): Force removing ActivityRecord{10fdb57c u0 com.taobao.taobao/com.taobao.tao.MainActivity2 t2169}: app died, no saved state
I/ActivityManager(  811):   Force stopping service ServiceRecord{330d4925 u0 com.taobao.taobao/android.taobao.agoo.service.AgooService}
W/ActivityManager(  811): Spurious death for ProcessRecord{1f9fb275 3226:com.taobao.taobao/u0a457}, curProc for 3226: null
I/ActivityManager(  811): START u0 {act=android.intent.action.MAIN cat=[android.intent.category.LAUNCHER] flg=0x10200000 cmp=com.taobao.taobao/com.taobao.tao.Welcome} from uid 2000 on display 0
I/ActivityManager(  811): Start proc 3372:com.taobao.taobao/u0a457 for activity com.taobao.taobao/com.taobao.tao.Welcome
W/ActivityManager(  811): getRunningAppProcesses: caller 10457 does not hold REAL_GET_TASKS; limiting output
I/ActivityManager(  811): Displayed com.taobao.taobao/com.taobao.tao.Welcome: +503ms
I/ActivityManager(  811): START u0 {flg=0x4000000 cmp=com.taobao.taobao/com.taobao.tao.MainActivity2} from uid 10457 on display 0
I/ActivityManager(  811): Displayed com.taobao.taobao/com.taobao.tao.MainActivity2: +346ms
I/ActivityManager(  811): Force stopping com.taobao.taobao appid=10457 user=0: from pid 3502
I/ActivityManager(  811): Killing 3372:com.taobao.taobao/u0a457 (adj 0): stop com.taobao.taobao
W/ActivityManager(  811): Scheduling restart of crashed service com.taobao.taobao/android.taobao.agoo.service.AgooService in 1000ms
W/ActivityManager(  811): Force removing ActivityRecord{87245b3 u0 com.taobao.taobao/com.taobao.tao.MainActivity2 t2170}: app died, no saved state
I/ActivityManager(  811):   Force stopping service ServiceRecord{1d5c482f u0 com.taobao.taobao/android.taobao.agoo.service.AgooService}
W/ActivityManager(  811): Spurious death for ProcessRecord{f4a8ca0 3372:com.taobao.taobao/u0a457}, curProc for 3372: null
I/ActivityManager(  811): START u0 {act=android.intent.action.MAIN cat=[android.intent.category.LAUNCHER] flg=0x10200000 cmp=com.taobao.taobao/com.taobao.tao.Welcome} from uid 2000 on display 0
I/ActivityManager(  811): Start proc 3536:com.taobao.taobao/u0a457 for activity com.taobao.taobao/com.taobao.tao.Welcome
W/ActivityManager(  811): getRunningAppProcesses: caller 10457 does not hold REAL_GET_TASKS; limiting output
I/ActivityManager(  811): Displayed com.taobao.taobao/com.taobao.tao.Welcome: +580ms
I/ActivityManager(  811): START u0 {flg=0x4000000 cmp=com.taobao.taobao/com.taobao.tao.MainActivity2} from uid 10457 on display 0
I/ActivityManager(  811): Displayed com.taobao.taobao/com.taobao.tao.MainActivity2: +351ms
I/ActivityManager(  811): Force stopping com.taobao.taobao appid=10457 user=0: from pid 3682
I/ActivityManager(  811): Killing 3536:com.taobao.taobao/u0a457 (adj 0): stop com.taobao.taobao
W/ActivityManager(  811): Scheduling restart of crashed service com.taobao.taobao/android.taobao.agoo.service.AgooService in 1000ms
W/ActivityManager(  811): Force removing ActivityRecord{152b5751 u0 com.taobao.taobao/com.taobao.tao.MainActivity2 t2171}: app died, no saved state
I/ActivityManager(  811):   Force stopping service ServiceRecord{3ff6bead u0 com.taobao.taobao/android.taobao.agoo.service.AgooService}
W/ActivityManager(  811): Spurious death for ProcessRecord{2c75ce66 3536:com.taobao.taobao/u0a457}, curProc for 3536: null
I/ActivityManager(  811): Force stopping com.taobao.taobao appid=10457 user=-1: uninstall pkg
I/PackageManager(  811): Removing old permission: com.ut.permission.DEVICE_STATE from package com.taobao.taobao
I/PackageManager(  811): Removing old permission: com.taobao.permission.UPDATE_CREDENTIALS from package com.taobao.taobao
I/PackageManager(  811): Removing old permission: com.taobao.permission.USE_CREDENTIALS from package com.taobao.taobao
I/PackageManager(  811): Removing old permission: com.taobao.taobao.permission.agoo from package com.taobao.taobao
I/ActivityManager(  811): Force stopping com.taobao.taobao appid=10457 user=0: pkg removed
I/PackageManager(  811): Verification timed out for file:///data/local/tmp/eb5f353f615a04d9540648c3a94e7d8d.apk
I/PackageManager(  811): Continuing with installation of file:///data/local/tmp/eb5f353f615a04d9540648c3a94e7d8d.apk
D/PackageManager(  811): Renaming /data/app/vmdl2065100945.tmp to /data/app/com.taobao.taobao-1
I/PackageManager(  811): Running dexopt on: /data/app/com.taobao.taobao-1/base.apk pkg=com.taobao.taobao isa=arm vmSafeMode=false
W/PackageManager(  811): Package com.taobao.taobao has activity com.taobao.tao.bala.h5urlrouter.BalaUrlRouterActivity with priority > 0, forcing to 0
W/PackageManager(  811): Package com.taobao.taobao has activity com.taobao.browser.router.FromH5RouterActivity with priority > 0, forcing to 0
W/PackageManager(  811): Package com.taobao.taobao has activity com.taobao.browser.router.FromH5RouterActivity with priority > 0, forcing to 0
W/PackageManager(  811): Package com.taobao.taobao has activity com.taobao.tao.allspark.comment.activity.CommentListTabActivity with priority > 0, forcing to 0
W/PackageManager(  811): Package com.taobao.taobao has activity com.taobao.tao.allspark.comment.activity.CommentListTabActivity with priority > 0, forcing to 0
W/PackageManager(  811): Package com.taobao.taobao has activity com.taobao.tao.allspark.comment.activity.CommentListTabActivity with priority > 0, forcing to 0
W/PackageManager(  811): Package com.taobao.taobao has activity com.taobao.tao.allspark.feed.activity.FeedTagsActivity with priority > 0, forcing to 0
W/PackageManager(  811): Package com.taobao.taobao has activity com.taobao.tao.allspark.feed.activity.FeedTagsActivity with priority > 0, forcing to 0
W/PackageManager(  811): Package com.taobao.taobao has activity com.taobao.tao.allspark.feed.activity.FeedTagsActivity with priority > 0, forcing to 0
W/PackageManager(  811): Package com.taobao.taobao has activity com.taobao.tao.allspark.comment.activity.CommentListActivity with priority > 0, forcing to 0
W/PackageManager(  811): Package com.taobao.taobao has activity com.taobao.tao.allspark.comment.activity.CommentListActivity with priority > 0, forcing to 0
W/PackageManager(  811): Package com.taobao.taobao has activity com.taobao.tao.allspark.comment.activity.CommentListActivity with priority > 0, forcing to 0
W/PackageManager(  811): Package com.taobao.taobao has activity com.taobao.tao.allspark.H5Router.FromH5AllsparkRouterActivity with priority > 0, forcing to 0
W/PackageManager(  811): Package com.taobao.taobao has activity com.taobao.tao.allspark.H5Router.FromH5AllsparkRouterActivity with priority > 0, forcing to 0
W/PackageManager(  811): Package com.taobao.taobao has activity com.taobao.tao.allspark.H5Router.FromH5AllsparkRouterActivity with priority > 0, forcing to 0
W/PackageManager(  811): Package com.taobao.taobao has activity com.taobao.tao.allspark.H5Router.FromH5AllsparkRouterActivity with priority > 0, forcing to 0
W/PackageManager(  811): Package com.taobao.taobao has activity com.taobao.tao.allspark.H5Router.FromH5AllsparkRouterActivity with priority > 0, forcing to 0
W/PackageManager(  811): Package com.taobao.taobao has activity com.taobao.tao.allspark.H5Router.FromH5AllsparkRouterActivity with priority > 0, forcing to 0
W/PackageManager(  811): Package com.taobao.taobao has activity com.taobao.tao.allspark.msgbox.AccountManagerActivity with priority > 0, forcing to 0
W/PackageManager(  811): Package com.taobao.taobao has activity com.taobao.tao.allspark.msgbox.AccountManagerActivity with priority > 0, forcing to 0
W/PackageManager(  811): Package com.taobao.taobao has activity com.taobao.tao.combo.ShopComboActivity with priority > 0, forcing to 0
W/PackageManager(  811): Package com.taobao.taobao has activity com.taobao.tao.fav.FavoriteActivity with priority > 0, forcing to 0
W/PackageManager(  811): Package com.taobao.taobao has activity com.taobao.tao.SettingsActivity with priority > 0, forcing to 0
W/PackageManager(  811): Package com.taobao.taobao has activity com.taobao.tao.contacts.share.ShareMessageListViewActivity with priority > 0, forcing to 0
W/PackageManager(  811): Package com.taobao.taobao has activity com.taobao.tao.contacts.share.ShareMessageListViewActivity with priority > 0, forcing to 0
W/PackageManager(  811): Package com.taobao.taobao has activity com.taobao.cainiao.logistic.LogisticListActivity with priority > 0, forcing to 0
W/PackageManager(  811): Package com.taobao.taobao has activity com.taobao.wangxin.activity.WangxinActivity with priority > 0, forcing to 0
W/PackageManager(  811): Permission group com.taobao.permission-group.ACCOUNT from package com.taobao.taobao ignored: original from com.taobao.taobao
W/PackageManager(  811): Unknown permission com.android.launcher.permission.READ_SETTINGS in package com.taobao.taobao
W/PackageManager(  811): Unknown permission com.android.launcher2.permission.READ_SETTINGS in package com.taobao.taobao
W/PackageManager(  811): Not granting permission android.permission.CHANGE_CONFIGURATION to package com.taobao.taobao (protectionLevel=50 flags=0x8be44)
W/PackageManager(  811): Unknown permission com.taobao.appcenter.permission.DOWNLOAD_STATUS_CHANGE in package com.taobao.taobao
W/PackageManager(  811): Unknown permission com.setaobao.bbox.permission.APP_STATE in package com.taobao.taobao
W/PackageManager(  811): Unknown permission com.taobao.taobao.permission.C2D_MESSAGE in package com.taobao.taobao
W/PackageManager(  811): Unknown permission com.taobao.taobao.permission.MIPUSH_RECEIVE in package com.taobao.taobao
W/PackageManager(  811): Unknown permission com.taobao.permission.USE_CREDENTIALS in package com.taobao.taobao
W/PackageManager(  811): Unknown permission com.taobao.permission.UPDATE_CREDENTIALS in package com.taobao.taobao
W/PackageManager(  811): Unknown permission com.ut.permission.DEVICE_STATE in package com.taobao.taobao
W/PackageManager(  811): Unknown permission com.alipay.permission.ALIPAY_USE_CREDENTIALS in package com.taobao.taobao
W/PackageManager(  811): Unknown permission com.alipay.permission.ALIPAY_UPDATE_CREDENTIALS in package com.taobao.taobao
W/PackageManager(  811): Not granting permission android.permission.MOUNT_UNMOUNT_FILESYSTEMS to package com.taobao.taobao (protectionLevel=18 flags=0x8be44)
W/PackageManager(  811): Unknown permission android.permission.READ_SETTINGS in package com.taobao.taobao
I/ActivityManager(  811): START u0 {act=android.intent.action.MAIN cat=[android.intent.category.LAUNCHER] flg=0x10200000 cmp=com.taobao.taobao/com.taobao.tao.welcome.Welcome} from uid 2000 on display 0
I/ActivityManager(  811): Start proc 3789:com.taobao.taobao/u0a458 for activity com.taobao.taobao/com.taobao.tao.welcome.Welcome
W/ActivityManager(  811): getRunningAppProcesses: caller 10458 does not hold REAL_GET_TASKS; limiting output
W/ActivityManager(  811): getRunningAppProcesses: caller 10458 does not hold REAL_GET_TASKS; limiting output
W/ActivityManager(  811): getRunningAppProcesses: caller 10458 does not hold REAL_GET_TASKS; limiting output
W/ActivityManager(  811): getRunningAppProcesses: caller 10458 does not hold REAL_GET_TASKS; limiting output
W/ActivityManager(  811): getRunningAppProcesses: caller 10458 does not hold REAL_GET_TASKS; limiting output
W/ActivityManager(  811): getRunningAppProcesses: caller 10458 does not hold REAL_GET_TASKS; limiting output
W/ActivityManager(  811):   Force finishing activity 1 com.taobao.taobao/com.taobao.tao.welcome.Welcome
W/ActivityManager(  811): Activity pause timeout for ActivityRecord{9112054 u0 com.taobao.taobao/com.taobao.tao.welcome.Welcome t2172 f}
W/PackageManager( 1050): Failure retrieving resources for com.taobao.taobao: Resource ID #0x0
I/ActivityManager(  811): Force stopping com.taobao.taobao appid=10458 user=0: from pid 3822
I/ActivityManager(  811): Killing 3789:com.taobao.taobao/u0a458 (adj 9): stop com.taobao.taobao
W/ActivityManager(  811): Spurious death for ProcessRecord{35760408 3789:com.taobao.taobao/u0a458}, curProc for 3789: null
I/ActivityManager(  811): START u0 {act=android.intent.action.MAIN cat=[android.intent.category.LAUNCHER] flg=0x10200000 cmp=com.taobao.taobao/com.taobao.tao.welcome.Welcome} from uid 2000 on display 0
I/ActivityManager(  811): Start proc 3870:com.taobao.taobao/u0a458 for activity com.taobao.taobao/com.taobao.tao.welcome.Welcome
W/ActivityManager(  811): getRunningAppProcesses: caller 10458 does not hold REAL_GET_TASKS; limiting output
W/ActivityManager(  811): getRunningAppProcesses: caller 10458 does not hold REAL_GET_TASKS; limiting output
W/ActivityManager(  811): getRunningAppProcesses: caller 10458 does not hold REAL_GET_TASKS; limiting output
W/ActivityManager(  811): getRunningAppProcesses: caller 10458 does not hold REAL_GET_TASKS; limiting output
W/ActivityManager(  811): getRunningAppProcesses: caller 10458 does not hold REAL_GET_TASKS; limiting output
W/ActivityManager(  811): getRunningAppProcesses: caller 10458 does not hold REAL_GET_TASKS; limiting output
W/ActivityManager(  811):   Force finishing activity 1 com.taobao.taobao/com.taobao.tao.welcome.Welcome
W/ActivityManager(  811): Activity pause timeout for ActivityRecord{30d13a77 u0 com.taobao.taobao/com.taobao.tao.welcome.Welcome t2173 f}
W/PackageManager( 1050): Failure retrieving resources for com.taobao.taobao: Resource ID #0x0
I/ActivityManager(  811): Force stopping com.taobao.taobao appid=10458 user=0: from pid 3906
I/ActivityManager(  811): Killing 3870:com.taobao.taobao/u0a458 (adj 9): stop com.taobao.taobao
W/ActivityManager(  811): Spurious death for ProcessRecord{3240b8b9 3870:com.taobao.taobao/u0a458}, curProc for 3870: null
I/ActivityManager(  811): START u0 {act=android.intent.action.MAIN cat=[android.intent.category.LAUNCHER] flg=0x10200000 cmp=com.taobao.taobao/com.taobao.tao.welcome.Welcome} from uid 2000 on display 0
I/ActivityManager(  811): Start proc 3939:com.taobao.taobao/u0a458 for activity com.taobao.taobao/com.taobao.tao.welcome.Welcome
W/ActivityManager(  811): getRunningAppProcesses: caller 10458 does not hold REAL_GET_TASKS; limiting output
W/ActivityManager(  811): getRunningAppProcesses: caller 10458 does not hold REAL_GET_TASKS; limiting output
W/ActivityManager(  811): getRunningAppProcesses: caller 10458 does not hold REAL_GET_TASKS; limiting output
W/ActivityManager(  811): getRunningAppProcesses: caller 10458 does not hold REAL_GET_TASKS; limiting output
W/ActivityManager(  811): getRunningAppProcesses: caller 10458 does not hold REAL_GET_TASKS; limiting output
W/ActivityManager(  811): getRunningAppProcesses: caller 10458 does not hold REAL_GET_TASKS; limiting output
W/ActivityManager(  811):   Force finishing activity 1 com.taobao.taobao/com.taobao.tao.welcome.Welcome
W/ActivityManager(  811): Activity pause timeout for ActivityRecord{20244229 u0 com.taobao.taobao/com.taobao.tao.welcome.Welcome t2174 f}
W/PackageManager( 1050): Failure retrieving resources for com.taobao.taobao: Resource ID #0x0
I/ActivityManager(  811): Force stopping com.taobao.taobao appid=10458 user=0: from pid 3975
I/ActivityManager(  811): Killing 3939:com.taobao.taobao/u0a458 (adj 9): stop com.taobao.taobao
W/ActivityManager(  811): Spurious death for ProcessRecord{1e0be30c 3939:com.taobao.taobao/u0a458}, curProc for 3939: null
I/ActivityManager(  811): START u0 {act=android.intent.action.MAIN cat=[android.intent.category.LAUNCHER] flg=0x10200000 cmp=com.taobao.taobao/com.taobao.tao.welcome.Welcome} from uid 2000 on display 0
I/ActivityManager(  811): Start proc 4008:com.taobao.taobao/u0a458 for activity com.taobao.taobao/com.taobao.tao.welcome.Welcome
W/ActivityManager(  811): getRunningAppProcesses: caller 10458 does not hold REAL_GET_TASKS; limiting output
W/ActivityManager(  811): getRunningAppProcesses: caller 10458 does not hold REAL_GET_TASKS; limiting output
W/ActivityManager(  811): getRunningAppProcesses: caller 10458 does not hold REAL_GET_TASKS; limiting output
W/ActivityManager(  811): getRunningAppProcesses: caller 10458 does not hold REAL_GET_TASKS; limiting output
W/ActivityManager(  811): getRunningAppProcesses: caller 10458 does not hold REAL_GET_TASKS; limiting output
W/ActivityManager(  811): getRunningAppProcesses: caller 10458 does not hold REAL_GET_TASKS; limiting output
W/ActivityManager(  811):   Force finishing activity 1 com.taobao.taobao/com.taobao.tao.welcome.Welcome
W/ActivityManager(  811): Activity pause timeout for ActivityRecord{1a72461a u0 com.taobao.taobao/com.taobao.tao.welcome.Welcome t2175 f}
W/PackageManager( 1050): Failure retrieving resources for com.taobao.taobao: Resource ID #0x0
I/ActivityManager(  811): Force stopping com.taobao.taobao appid=10458 user=0: from pid 4056
I/ActivityManager(  811): Killing 4008:com.taobao.taobao/u0a458 (adj 9): stop com.taobao.taobao
W/ActivityManager(  811): Spurious death for ProcessRecord{2794bb1 4008:com.taobao.taobao/u0a458}, curProc for 4008: null
I/ActivityManager(  811): START u0 {act=android.intent.action.MAIN cat=[android.intent.category.LAUNCHER] flg=0x10200000 cmp=com.taobao.taobao/com.taobao.tao.welcome.Welcome} from uid 2000 on display 0
I/ActivityManager(  811): Start proc 4090:com.taobao.taobao/u0a458 for activity com.taobao.taobao/com.taobao.tao.welcome.Welcome
W/ActivityManager(  811): getRunningAppProcesses: caller 10458 does not hold REAL_GET_TASKS; limiting output
W/ActivityManager(  811): getRunningAppProcesses: caller 10458 does not hold REAL_GET_TASKS; limiting output
W/ActivityManager(  811): getRunningAppProcesses: caller 10458 does not hold REAL_GET_TASKS; limiting output
W/ActivityManager(  811): getRunningAppProcesses: caller 10458 does not hold REAL_GET_TASKS; limiting output
W/ActivityManager(  811): getRunningAppProcesses: caller 10458 does not hold REAL_GET_TASKS; limiting output
W/ActivityManager(  811): getRunningAppProcesses: caller 10458 does not hold REAL_GET_TASKS; limiting output
W/ActivityManager(  811):   Force finishing activity 1 com.taobao.taobao/com.taobao.tao.welcome.Welcome
W/ActivityManager(  811): Activity pause timeout for ActivityRecord{c691a34 u0 com.taobao.taobao/com.taobao.tao.welcome.Welcome t2176 f}
W/PackageManager( 1050): Failure retrieving resources for com.taobao.taobao: Resource ID #0x0
W/PackageManager(  811): Invalid verification token 372 received
I/ActivityManager(  811): Force stopping com.taobao.taobao appid=10458 user=0: from pid 4128
I/ActivityManager(  811): Killing 4090:com.taobao.taobao/u0a458 (adj 9): stop com.taobao.taobao
W/ActivityManager(  811): Spurious death for ProcessRecord{1ee466c9 4090:com.taobao.taobao/u0a458}, curProc for 4090: null
I/ActivityManager(  811): START u0 {act=android.intent.action.MAIN cat=[android.intent.category.LAUNCHER] flg=0x10200000 cmp=com.taobao.taobao/com.taobao.tao.welcome.Welcome} from uid 2000 on display 0
I/ActivityManager(  811): Start proc 4163:com.taobao.taobao/u0a458 for activity com.taobao.taobao/com.taobao.tao.welcome.Welcome
W/ActivityManager(  811): getRunningAppProcesses: caller 10458 does not hold REAL_GET_TASKS; limiting output
W/ActivityManager(  811): getRunningAppProcesses: caller 10458 does not hold REAL_GET_TASKS; limiting output
W/ActivityManager(  811): getRunningAppProcesses: caller 10458 does not hold REAL_GET_TASKS; limiting output
W/ActivityManager(  811): getRunningAppProcesses: caller 10458 does not hold REAL_GET_TASKS; limiting output
W/ActivityManager(  811): getRunningAppProcesses: caller 10458 does not hold REAL_GET_TASKS; limiting output
W/ActivityManager(  811): getRunningAppProcesses: caller 10458 does not hold REAL_GET_TASKS; limiting output
W/ActivityManager(  811):   Force finishing activity 1 com.taobao.taobao/com.taobao.tao.welcome.Welcome
W/ActivityManager(  811): Activity pause timeout for ActivityRecord{23579439 u0 com.taobao.taobao/com.taobao.tao.welcome.Welcome t2177 f}
W/PackageManager( 1050): Failure retrieving resources for com.taobao.taobao: Resource ID #0x0
I/ActivityManager(  811): Force stopping com.taobao.taobao appid=10458 user=0: from pid 4198
I/ActivityManager(  811): Killing 4163:com.taobao.taobao/u0a458 (adj 9): stop com.taobao.taobao
W/ActivityManager(  811): Spurious death for ProcessRecord{204f903a 4163:com.taobao.taobao/u0a458}, curProc for 4163: null
I/ActivityManager(  811): Force stopping com.taobao.taobao appid=10458 user=-1: uninstall pkg
I/ActivityManager(  811): Force stopping com.taobao.taobao appid=10458 user=0: pkg removed
I/PackageManager(  811): Verification timed out for file:///data/local/tmp/e9b8317750ca155b21ef7dd71f26ad9b.apk
I/PackageManager(  811): Continuing with installation of file:///data/local/tmp/e9b8317750ca155b21ef7dd71f26ad9b.apk
D/PackageManager(  811): Renaming /data/app/vmdl650332457.tmp to /data/app/com.taobao.taobao-1
I/PackageManager(  811): Running dexopt on: /data/app/com.taobao.taobao-1/base.apk pkg=com.taobao.taobao isa=arm vmSafeMode=false
W/PackageManager(  811): Package com.taobao.taobao has activity com.taobao.tao.logistic.LogisticListActivity with priority > 0, forcing to 0
W/PackageManager(  811): Package com.taobao.taobao has activity com.taobao.tao.fav.FavoriteActivity with priority > 0, forcing to 0
W/PackageManager(  811): Package com.taobao.taobao has activity com.taobao.tao.SettingsActivity with priority > 0, forcing to 0
W/PackageManager(  811): Package com.taobao.taobao has activity com.taobao.wangxin.activity.WangxinActivity with priority > 0, forcing to 0
W/PackageManager(  811): Package com.taobao.taobao has activity com.taobao.tao.allspark.comment.activity.CommentListTabActivity with priority > 0, forcing to 0
W/PackageManager(  811): Package com.taobao.taobao has activity com.taobao.tao.allspark.comment.activity.CommentListTabActivity with priority > 0, forcing to 0
W/PackageManager(  811): Package com.taobao.taobao has activity com.taobao.tao.allspark.comment.activity.CommentListTabActivity with priority > 0, forcing to 0
W/PackageManager(  811): Package com.taobao.taobao has activity com.taobao.tao.allspark.comment.activity.CommentListActivity with priority > 0, forcing to 0
W/PackageManager(  811): Package com.taobao.taobao has activity com.taobao.tao.allspark.comment.activity.CommentListActivity with priority > 0, forcing to 0
W/PackageManager(  811): Package com.taobao.taobao has activity com.taobao.tao.allspark.comment.activity.CommentListActivity with priority > 0, forcing to 0
W/PackageManager(  811): Package com.taobao.taobao has activity com.taobao.tao.allspark.H5Router.FromH5AllsparkRouterActivity with priority > 0, forcing to 0
W/PackageManager(  811): Package com.taobao.taobao has activity com.taobao.tao.allspark.H5Router.FromH5AllsparkRouterActivity with priority > 0, forcing to 0
W/PackageManager(  811): Package com.taobao.taobao has activity com.taobao.tao.allspark.H5Router.FromH5AllsparkRouterActivity with priority > 0, forcing to 0
W/PackageManager(  811): Package com.taobao.taobao has activity com.taobao.tao.allspark.H5Router.FromH5AllsparkRouterActivity with priority > 0, forcing to 0
W/PackageManager(  811): Package com.taobao.taobao has activity com.taobao.tao.allspark.H5Router.FromH5AllsparkRouterActivity with priority > 0, forcing to 0
W/PackageManager(  811): Package com.taobao.taobao has activity com.taobao.tao.allspark.H5Router.FromH5AllsparkRouterActivity with priority > 0, forcing to 0
W/PackageManager(  811): Package com.taobao.taobao has activity com.alipay.android.mini.window.sdk.MiniPayActivity with priority