I/PackageManager(  811): Verification timed out for file:///data/local/tmp/fb09c0693b0cfad57a60f8684f9ad49a.apk
I/PackageManager(  811): Continuing with installation of file:///data/local/tmp/fb09c0693b0cfad57a60f8684f9ad49a.apk
D/PackageManager(  811): Renaming /data/app/vmdl1015517506.tmp to /data/app/com.taobao.taobao-1
I/PackageManager(  811): Running dexopt on: /data/app/com.taobao.taobao-1/base.apk pkg=com.taobao.taobao isa=arm vmSafeMode=false
W/PackageManager(  811): Package com.taobao.taobao has activity com.taobao.browser.router.FromH5RouterActivity with priority > 0, forcing to 0
W/PackageManager(  811): Package com.taobao.taobao has activity com.taobao.browser.router.FromH5RouterActivity with priority > 0, forcing to 0
W/PackageManager(  811): Package com.taobao.taobao has activity com.taobao.tao.allspark.comment.activity.CommentListTabActivity with priority > 0, forcing to 0
W/PackageManager(  811): Package com.taobao.taobao has activity com.taobao.tao.allspark.comment.activity.CommentListTabActivity with priority > 0, forcing to 0
W/PackageManager(  811): Package com.taobao.taobao has activity com.taobao.tao.allspark.comment.activity.CommentListTabActivity with priority > 0, forcing to 0
W/PackageManager(  811): Package com.taobao.taobao has activity com.taobao.tao.allspark.comment.activity.CommentListActivity with priority > 0, forcing to 0
W/PackageManager(  811): Package com.taobao.taobao has activity com.taobao.tao.allspark.comment.activity.CommentListActivity with priority > 0, forcing to 0
W/PackageManager(  811): Package com.taobao.taobao has activity com.taobao.tao.allspark.comment.activity.CommentListActivity with priority > 0, forcing to 0
W/PackageManager(  811): Package com.taobao.taobao has activity com.taobao.tao.allspark.H5Router.FromH5AllsparkRouterActivity with priority > 0, forcing to 0
W/PackageManager(  811): Package com.taobao.taobao has activity com.taobao.tao.allspark.H5Router.FromH5AllsparkRouterActivity with priority > 0, forcing to 0
W/PackageManager(  811): Package com.taobao.taobao has activity com.taobao.tao.allspark.H5Router.FromH5AllsparkRouterActivity with priority > 0, forcing to 0
W/PackageManager(  811): Package com.taobao.taobao has activity com.taobao.tao.allspark.H5Router.FromH5AllsparkRouterActivity with priority > 0, forcing to 0
W/PackageManager(  811): Package com.taobao.taobao has activity com.taobao.tao.allspark.H5Router.FromH5AllsparkRouterActivity with priority > 0, forcing to 0
W/PackageManager(  811): Package com.taobao.taobao has activity com.taobao.tao.allspark.H5Router.FromH5AllsparkRouterActivity with priority > 0, forcing to 0
W/PackageManager(  811): Package com.taobao.taobao has activity com.taobao.tao.allspark.msgbox.AccountManagerActivity with priority > 0, forcing to 0
W/PackageManager(  811): Package com.taobao.taobao has activity com.taobao.tao.allspark.msgbox.AccountManagerActivity with priority > 0, forcing to 0
W/PackageManager(  811): Package com.taobao.taobao has activity com.taobao.tao.combo.ShopComboActivity with priority > 0, forcing to 0
W/PackageManager(  811): Package com.taobao.taobao has activity com.taobao.tao.fav.FavoriteActivity with priority > 0, forcing to 0
W/PackageManager(  811): Package com.taobao.taobao has activity com.taobao.tao.SettingsActivity with priority > 0, forcing to 0
W/PackageManager(  811): Package com.taobao.taobao has activity com.taobao.tao.contacts.share.ShareMessageListViewActivity with priority > 0, forcing to 0
W/PackageManager(  811): Package com.taobao.taobao has activity com.taobao.cainiao.logistic.LogisticListActivity with priority > 0, forcing to 0
W/PackageManager(  811): Package com.taobao.taobao has activity com.taobao.wangxin.activity.WangxinActivity with priority > 0, forcing to 0
W/PackageManager(  811): Permission group com.taobao.permission-group.ACCOUNT from package com.taobao.taobao ignored: original from com.taobao.taobao
W/PackageManager(  811): Unknown permission com.android.launcher.permission.READ_SETTINGS in package com.taobao.taobao
W/PackageManager(  811): Unknown permission com.android.launcher2.permission.READ_SETTINGS in package com.taobao.taobao
W/PackageManager(  811): Not granting permission android.permission.CHANGE_CONFIGURATION to package com.taobao.taobao (protectionLevel=50 flags=0x8be44)
W/PackageManager(  811): Unknown permission com.taobao.appcenter.permission.DOWNLOAD_STATUS_CHANGE in package com.taobao.taobao
W/PackageManager(  811): Unknown permission com.taobao.taobao.permission.C2D_MESSAGE in package com.taobao.taobao
W/PackageManager(  811): Unknown permission com.taobao.taobao.permission.MIPUSH_RECEIVE in package com.taobao.taobao
W/PackageManager(  811): Unknown permission com.ut.permission.DEVICE_STATE in package com.taobao.taobao
W/PackageManager(  811): Unknown permission com.taobao.permission.USE_CREDENTIALS in package com.taobao.taobao
W/PackageManager(  811): Unknown permission com.taobao.permission.UPDATE_CREDENTIALS in package com.taobao.taobao
W/PackageManager(  811): Unknown permission com.alipay.permission.ALIPAY_USE_CREDENTIALS in package com.taobao.taobao
W/PackageManager(  811): Unknown permission com.alipay.permission.ALIPAY_UPDATE_CREDENTIALS in package com.taobao.taobao
W/PackageManager(  811): Not granting permission android.permission.MOUNT_UNMOUNT_FILESYSTEMS to package com.taobao.taobao (protectionLevel=18 flags=0x8be44)
W/PackageManager(  811): Unknown permission android.permission.READ_SETTINGS in package com.taobao.taobao
W/PackageManager(  811): Invalid verification token 368 received
I/ActivityManager(  811): START u0 {act=android.intent.action.MAIN cat=[android.intent.category.LAUNCHER] flg=0x10200000 cmp=com.taobao.taobao/com.taobao.tao.welcome.Welcome} from uid 2000 on display 0
I/ActivityManager(  811): Start proc 30990:com.taobao.taobao/u0a453 for activity com.taobao.taobao/com.taobao.tao.welcome.Welcome
W/ActivityManager(  811): getRunningAppProcesses: caller 10453 does not hold REAL_GET_TASKS; limiting output
W/ActivityManager(  811):   Force finishing activity 1 com.taobao.taobao/com.taobao.tao.welcome.Welcome
W/ActivityManager(  811): Activity pause timeout for ActivityRecord{2361ef3 u0 com.taobao.taobao/com.taobao.tao.welcome.Welcome t2142 f}
W/PackageManager( 1050): Failure retrieving resources for com.taobao.taobao: Resource ID #0x0
I/ActivityManager(  811): Force stopping com.taobao.taobao appid=10453 user=0: from pid 31018
I/ActivityManager(  811): Killing 30990:com.taobao.taobao/u0a453 (adj 9): stop com.taobao.taobao
W/ActivityManager(  811): Spurious death for ProcessRecord{27d05d0d 30990:com.taobao.taobao/u0a453}, curProc for 30990: null
I/ActivityManager(  811): START u0 {act=android.intent.action.MAIN cat=[android.intent.category.LAUNCHER] flg=0x10200000 cmp=com.taobao.taobao/com.taobao.tao.welcome.Welcome} from uid 2000 on display 0
I/ActivityManager(  811): Start proc 31063:com.taobao.taobao/u0a453 for activity com.taobao.taobao/com.taobao.tao.welcome.Welcome
W/ActivityManager(  811): getRunningAppProcesses: caller 10453 does not hold REAL_GET_TASKS; limiting output
W/ActivityManager(  811):   Force finishing activity 1 com.taobao.taobao/com.taobao.tao.welcome.Welcome
W/ActivityManager(  811): Activity pause timeout for ActivityRecord{29f6e272 u0 com.taobao.taobao/com.taobao.tao.welcome.Welcome t2143 f}
W/PackageManager( 1050): Failure retrieving resources for com.taobao.taobao: Resource ID #0x0
I/ActivityManager(  811): Force stopping com.taobao.taobao appid=10453 user=0: from pid 31089
I/ActivityManager(  811): Killing 31063:com.taobao.taobao/u0a453 (adj 9): stop com.taobao.taobao
W/ActivityManager(  811): Spurious death for ProcessRecord{25a5379c 31063:com.taobao.taobao/u0a453}, curProc for 31063: null
I/ActivityManager(  811): START u0 {act=android.intent.action.MAIN cat=[android.intent.category.LAUNCHER] flg=0x10200000 cmp=com.taobao.taobao/com.taobao.tao.welcome.Welcome} from uid 2000 on display 0
I/ActivityManager(  811): Start proc 31123:com.taobao.taobao/u0a453 for activity com.taobao.taobao/com.taobao.tao.welcome.Welcome
W/ActivityManager(  811): getRunningAppProcesses: caller 10453 does not hold REAL_GET_TASKS; limiting output
W/ActivityManager(  811):   Force finishing activity 1 com.taobao.taobao/com.taobao.tao.welcome.Welcome
W/ActivityManager(  811): Activity pause timeout for ActivityRecord{30f3bfcc u0 com.taobao.taobao/com.taobao.tao.welcome.Welcome t2144 f}
W/PackageManager( 1050): Failure retrieving resources for com.taobao.taobao: Resource ID #0x0
I/ActivityManager(  811): Force stopping com.taobao.taobao appid=10453 user=0: from pid 31151
I/ActivityManager(  811): Killing 31123:com.taobao.taobao/u0a453 (adj 9): stop com.taobao.taobao
W/ActivityManager(  811): Activity destroy timeout for ActivityRecord{30f3bfcc u0 com.taobao.taobao/com.taobao.tao.welcome.Welcome t2144 f}
W/ActivityManager(  811): Spurious death for ProcessRecord{1bf8790b 31123:com.taobao.taobao/u0a453}, curProc for 31123: null
I/ActivityManager(  811): START u0 {act=android.intent.action.MAIN cat=[android.intent.category.LAUNCHER] flg=0x10200000 cmp=com.taobao.taobao/com.taobao.tao.welcome.Welcome} from uid 2000 on display 0
I/ActivityManager(  811): Start proc 31187:com.taobao.taobao/u0a453 for activity com.taobao.taobao/com.taobao.tao.welcome.Welcome
W/ActivityManager(  811): getRunningAppProcesses: caller 10453 does not hold REAL_GET_TASKS; limiting output
W/ActivityManager(  811):   Force finishing activity 1 com.taobao.taobao/com.taobao.tao.welcome.Welcome
W/ActivityManager(  811): Activity pause timeout for ActivityRecord{2b1bcc4 u0 com.taobao.taobao/com.taobao.tao.welcome.Welcome t2145 f}
W/PackageManager( 1050): Failure retrieving resources for com.taobao.taobao: Resource ID #0x0
I/ActivityManager(  811): Force stopping com.taobao.taobao appid=10453 user=0: from pid 31213
I/ActivityManager(  811): Killing 31187:com.taobao.taobao/u0a453 (adj 9): stop com.taobao.taobao
W/ActivityManager(  811): Spurious death for ProcessRecord{2c2bfa63 31187:com.taobao.taobao/u0a453}, curProc for 31187: null
I/ActivityManager(  811): START u0 {act=android.intent.action.MAIN cat=[android.intent.category.LAUNCHER] flg=0x10200000 cmp=com.taobao.taobao/com.taobao.tao.welcome.Welcome} from uid 2000 on display 0
I/ActivityManager(  811): Start proc 31250:com.taobao.taobao/u0a453 for activity com.taobao.taobao/com.taobao.tao.welcome.Welcome
W/ActivityManager(  811): getRunningAppProcesses: caller 10453 does not hold REAL_GET_TASKS; limiting output
W/ActivityManager(  811):   Force finishing activity 1 com.taobao.taobao/com.taobao.tao.welcome.Welcome
W/ActivityManager(  811): Activity pause timeout for ActivityRecord{fa33889 u0 com.taobao.taobao/com.taobao.tao.welcome.Welcome t2146 f}
W/PackageManager( 1050): Failure retrieving resources for com.taobao.taobao: Resource ID #0x0
I/ActivityManager(  811): Force stopping com.taobao.taobao appid=10453 user=0: from pid 31277
I/ActivityManager(  811): Killing 31250:com.taobao.taobao/u0a453 (adj 9): stop com.taobao.taobao
W/ActivityManager(  811): Spurious death for ProcessRecord{191eccec 31250:com.taobao.taobao/u0a453}, curProc for 31250: null
I/ActivityManager(  811): START u0 {act=android.intent.action.MAIN cat=[android.intent.category.LAUNCHER] flg=0x10200000 cmp=com.taobao.taobao/com.taobao.tao.welcome.Welcome} from uid 2000 on display 0
I/ActivityManager(  811): Start proc 31310:com.taobao.taobao/u0a453 for activity com.taobao.taobao/com.taobao.tao.welcome.Welcome
W/ActivityManager(  811): getRunningAppProcesses: caller 10453 does not hold REAL_GET_TASKS; limiting output
W/ActivityManager(  811):   Force finishing activity 1 com.taobao.taobao/com.taobao.tao.welcome.Welcome
W/ActivityManager(  811): Activity pause timeout for ActivityRecord{157d68ab u0 com.taobao.taobao/com.taobao.tao.welcome.Welcome t2147 f}
W/PackageManager( 1050): Failure retrieving resources for com.taobao.taobao: Resource ID #0x0
I/ActivityManager(  811): Force stopping com.taobao.taobao appid=10453 user=0: from pid 31343
I/ActivityManager(  811): Killing 31310:com.taobao.taobao/u0a453 (adj 9): stop com.taobao.taobao
W/ActivityManager(  811): Spurious death for ProcessRecord{2ea2e376 31310:com.taobao.taobao/u0a453}, curProc for 31310: null
I/ActivityManager(  811): Force stopping com.taobao.taobao appid=10453 user=-1: uninstall pkg
I/PackageManager(  811): Removing old permission: com.setaobao.bbox.permission.APP_STATE from package com.taobao.taobao
I/ActivityManager(  811): Force stopping com.taobao.taobao appid=10453 user=0: pkg removed
I/PackageManager(  811): Verification timed out for file:///data/local/tmp/feabfcaebbfb625ac7881d15af3830ce.apk
I/PackageManager(  811): Continuing with installation of file:///data/local/tmp/feabfcaebbfb625ac7881d15af3830ce.apk
D/PackageManager(  811): Renaming /data/app/vmdl1423246211.tmp to /data/app/com.taobao.taobao-1
I/PackageManager(  811): Running dexopt on: /data/app/com.taobao.taobao-1/base.apk pkg=com.taobao.taobao isa=arm vmSafeMode=false
W/PackageManager(  811): Unknown permission com.android.launcher.permission.READ_SETTINGS in package com.taobao.taobao
W/PackageManager(  811): Unknown permission com.android.launcher2.permission.READ_SETTINGS in package com.taobao.taobao
W/PackageManager(  811): Unknown permission android.permission.WRITE_SDCARD in package com.taobao.taobao
W/PackageManager(  811): Invalid verification token 369 received
I/ActivityManager(  811): START u0 {act=android.intent.action.MAIN cat=[android.intent.category.LAUNCHER] flg=0x10200000 cmp=com.taobao.taobao/com.taobao.tao.Welcome} from uid 2000 on display 0
I/ActivityManager(  811): Start proc 31447:com.taobao.taobao/u0a454 for activity com.taobao.taobao/com.taobao.tao.Welcome
I/ActivityManager(  811): Displayed com.taobao.taobao/com.taobao.tao.Welcome: +575ms (total +1m27s712ms)
I/ActivityManager(  811): Process com.taobao.taobao (pid 31447) has died
W/ActivityManager(  811): Scheduling restart of crashed service com.taobao.taobao/com.taobao.tao.WWMessageService in 1000ms
W/ActivityManager(  811): Scheduling restart of crashed service com.taobao.taobao/com.taobao.tao.dataservice.TBDataService in 11000ms
W/ActivityManager(  811): Force removing ActivityRecord{2b0b620 u0 com.taobao.taobao/com.taobao.tao.Welcome t2148}: app died, no saved state
W/PackageManager( 1050): Failure retrieving resources for com.taobao.taobao: Resource ID #0x0
I/ActivityManager(  811): Start proc 31506:com.taobao.taobao/u0a454 for service com.taobao.taobao/com.taobao.tao.WWMessageService
I/ActivityManager(  811): Process com.taobao.taobao (pid 31506) has died
I/ActivityManager(  811): Start proc 31541:com.taobao.taobao/u0a454 for service com.taobao.taobao/com.taobao.tao.WWMessageService
I/ActivityManager(  811): Process com.taobao.taobao (pid 31541) has died
W/ActivityManager(  811): Scheduling restart of crashed service com.taobao.taobao/com.taobao.tao.WWMessageService in 16000ms
W/ActivityManager(  811): Scheduling restart of crashed service com.taobao.taobao/com.taobao.tao.dataservice.TBDataService in 176000ms
I/ActivityManager(  811): Force stopping com.taobao.taobao appid=10454 user=0: from pid 31573
I/ActivityManager(  811):   Force stopping service ServiceRecord{17a60d49 u0 com.taobao.taobao/com.taobao.tao.dataservice.TBDataService}
I/ActivityManager(  811):   Force stopping service ServiceRecord{36ede750 u0 com.taobao.taobao/com.taobao.tao.WWMessageService}
I/ActivityManager(  811): START u0 {act=android.intent.action.MAIN cat=[android.intent.category.LAUNCHER] flg=0x10200000 cmp=com.taobao.taobao/com.taobao.tao.Welcome} from uid 2000 on display 0
I/ActivityManager(  811): Start proc 31599:com.taobao.taobao/u0a454 for activity com.taobao.taobao/com.taobao.tao.Welcome
I/ActivityManager(  811): Displayed com.taobao.taobao/com.taobao.tao.Welcome: +448ms
I/ActivityManager(  811): Process com.taobao.taobao (pid 31599) has died
W/ActivityManager(  811): Scheduling restart of crashed service com.taobao.taobao/com.taobao.tao.dataservice.TBDataService in 1000ms
W/ActivityManager(  811): Scheduling restart of crashed service com.taobao.taobao/com.taobao.tao.WWMessageService in 11000ms
W/ActivityManager(  811): Force removing ActivityRecord{50a303f u0 com.taobao.taobao/com.taobao.tao.Welcome t2149}: app died, no saved state
W/PackageManager( 1050): Failure retrieving resources for com.taobao.taobao: Resource ID #0x0
I/ActivityManager(  811): Start proc 31656:com.taobao.taobao/u0a454 for service com.taobao.taobao/com.taobao.tao.dataservice.TBDataService
I/ActivityManager(  811): Process com.taobao.taobao (pid 31656) has died
I/ActivityManager(  811): Start proc 31689:com.taobao.taobao/u0a454 for service com.taobao.taobao/com.taobao.tao.dataservice.TBDataService
I/ActivityManager(  811): Process com.taobao.taobao (pid 31689) has died
W/ActivityManager(  811): Scheduling restart of crashed service com.taobao.taobao/com.taobao.tao.dataservice.TBDataService in 16000ms
W/ActivityManager(  811): Scheduling restart of crashed service com.taobao.taobao/com.taobao.tao.WWMessageService in 176000ms
I/ActivityManager(  811): Force stopping com.taobao.taobao appid=10454 user=0: from pid 31721
I/ActivityManager(  811):   Force stopping service ServiceRecord{324eab09 u0 com.taobao.taobao/com.taobao.tao.dataservice.TBDataService}
I/ActivityManager(  811):   Force stopping service ServiceRecord{4036410 u0 com.taobao.taobao/com.taobao.tao.WWMessageService}
I/ActivityManager(  811): START u0 {act=android.intent.action.MAIN cat=[android.intent.category.LAUNCHER] flg=0x10200000 cmp=com.taobao.taobao/com.taobao.tao.Welcome} from uid 2000 on display 0
I/ActivityManager(  811): Start proc 31747:com.taobao.taobao/u0a454 for activity com.taobao.taobao/com.taobao.tao.Welcome
I/ActivityManager(  811): Displayed com.taobao.taobao/com.taobao.tao.Welcome: +546ms
I/ActivityManager(  811): Start proc 31811:com.taobao.taobao/u0a454 for service com.taobao.taobao/com.taobao.tao.WWMessageService
I/ActivityManager(  811): Process com.taobao.taobao (pid 31811) has died
W/ActivityManager(  811): Scheduling restart of crashed service com.taobao.taobao/com.taobao.tao.WWMessageService in 4000ms
W/ActivityManager(  811): Scheduling restart of crashed service com.taobao.taobao/com.taobao.tao.dataservice.TBDataService in 44000ms
I/ActivityManager(  811): Start proc 31844:com.taobao.taobao/u0a454 for service com.taobao.taobao/com.taobao.tao.WWMessageService
I/ActivityManager(  811): Process com.taobao.taobao (pid 31844) has died
I/ActivityManager(  811): Force stopping com.taobao.taobao appid=10454 user=0: from pid 31877
I/ActivityManager(  811):   Force stopping service ServiceRecord{32ddf982 u0 com.taobao.taobao/com.taobao.tao.dataservice.TBDataService}
I/ActivityManager(  811):   Force stopping service ServiceRecord{3d076ccd u0 com.taobao.taobao/com.taobao.tao.WWMessageService}
I/ActivityManager(  811): START u0 {act=android.intent.action.MAIN cat=[android.intent.category.LAUNCHER] flg=0x10200000 cmp=com.taobao.taobao/com.taobao.tao.Welcome} from uid 2000 on display 0
I/ActivityManager(  811): Start proc 31902:com.taobao.taobao/u0a454 for activity com.taobao.taobao/com.taobao.tao.Welcome
I/ActivityManager(  811): Displayed com.taobao.taobao/com.taobao.tao.Welcome: +531ms
I/ActivityManager(  811): Process com.taobao.taobao (pid 31902) has died
W/ActivityManager(  811): Scheduling restart of crashed service com.taobao.taobao/com.taobao.tao.dataservice.TBDataService in 1000ms
W/ActivityManager(  811): Scheduling restart of crashed service com.taobao.taobao/com.taobao.tao.WWMessageService in 11000ms
W/ActivityManager(  811): Force removing ActivityRecord{390e041d u0 com.taobao.taobao/com.taobao.tao.Welcome t2151}: app died, no saved state
W/PackageManager( 1050): Failure retrieving resources for com.taobao.taobao: Resource ID #0x0
I/ActivityManager(  811): Start proc 31957:com.taobao.taobao/u0a454 for service com.taobao.taobao/com.taobao.tao.dataservice.TBDataService
I/ActivityManager(  811): Process com.taobao.taobao (pid 31957) has died
W/ActivityManager(  811): Scheduling restart of crashed service com.taobao.taobao/com.taobao.tao.dataservice.TBDataService in 4000ms
W/ActivityManager(  811): Scheduling restart of crashed service com.taobao.taobao/com.taobao.tao.WWMessageService in 44000ms
I/ActivityManager(  811): Start proc 31994:com.taobao.taobao/u0a454 for service com.taobao.taobao/com.taobao.tao.dataservice.TBDataService
I/ActivityManager(  811): Process com.taobao.taobao (pid 31994) has died
I/ActivityManager(  811): Force stopping com.taobao.taobao appid=10454 user=0: from pid 32026
I/ActivityManager(  811):   Force stopping service ServiceRecord{1a421fb7 u0 com.taobao.taobao/com.taobao.tao.dataservice.TBDataService}
I/ActivityManager(  811):   Force stopping service ServiceRecord{18ea26b6 u0 com.taobao.taobao/com.taobao.tao.WWMessageService}
I/ActivityManager(  811): START u0 {act=android.intent.action.MAIN cat=[android.intent.category.LAUNCHER] flg=0x10200000 cmp=com.taobao.taobao/com.taobao.tao.Welcome} from uid 2000 on display 0
I/ActivityManager(  811): Start proc 32052:com.taobao.taobao/u0a454 for activity com.taobao.taobao/com.taobao.tao.Welcome
I/ActivityManager(  811): Displayed com.taobao.taobao/com.taobao.tao.Welcome: +480ms
I/ActivityManager(  811): START u0 {cmp=com.taobao.taobao/com.taobao.tao.MainActivity2} from uid 10454 on display 0
I/ActivityManager(  811): Process com.taobao.taobao (pid 32052) has died
I/ActivityManager(  811): Process com.taobao.taobao (pid 32136) has died
W/ActivityManager(  811): Scheduling restart of crashed service com.taobao.taobao/com.taobao.tao.WWMessageService in 16000ms
W/ActivityManager(  811): Scheduling restart of crashed service com.taobao.taobao/com.taobao.tao.dataservice.TBDataService in 176000ms
W/ActivityManager(  811): Force removing ActivityRecord{16582c26 u0 com.taobao.taobao/com.taobao.tao.MainActivity2 t2152}: app died, no saved state
I/ActivityManager(  811): Force stopping com.taobao.taobao appid=10454 user=0: from pid 32182
I/ActivityManager(  811):   Force stopping service ServiceRecord{66ce411 u0 com.taobao.taobao/com.taobao.tao.dataservice.TBDataService}
I/ActivityManager(  811):   Force stopping service ServiceRecord{19123c38 u0 com.taobao.taobao/com.taobao.tao.WWMessageService}
I/ActivityManager(  811): START u0 {act=android.intent.action.MAIN cat=[android.intent.category.LAUNCHER] flg=0x10200000 cmp=com.taobao.taobao/com.taobao.tao.Welcome} from uid 2000 on display 0
I/ActivityManager(  811): Start proc 32209:com.taobao.taobao/u0a454 for activity com.taobao.taobao/com.taobao.tao.Welcome
I/ActivityManager(  811): Displayed com.taobao.taobao/com.taobao.tao.Welcome: +430ms (total +10s687ms)
I/ActivityManager(  811): Start proc 32263:com.taobao.taobao/u0a454 for service com.taobao.taobao/com.taobao.tao.dataservice.TBDataService
I/ActivityManager(  811): Process com.taobao.taobao (pid 32263) has died
W/ActivityManager(  811): Scheduling restart of crashed service com.taobao.taobao/com.taobao.tao.dataservice.TBDataService in 4000ms
I/ActivityManager(  811): Start proc 32295:com.taobao.taobao/u0a454 for service com.taobao.taobao/com.taobao.tao.dataservice.TBDataService
I/ActivityManager(  811): Process com.taobao.taobao (pid 32295) has died
W/ActivityManager(  811): Scheduling restart of crashed service com.taobao.taobao/com.taobao.tao.dataservice.TBDataService in 16000ms
W/ActivityManager(  811): Scheduling restart of crashed service com.taobao.taobao/com.taobao.tao.WWMessageService in 176000ms
I/ActivityManager(  811): Force stopping com.taobao.taobao appid=10454 user=0: from pid 32330
I/ActivityManager(  811):   Force stopping service ServiceRecord{3576a209 u0 com.taobao.taobao/com.taobao.tao.dataservice.TBDataService}
I/ActivityManager(  811):   Force stopping service ServiceRecord{3184d710 u0 com.taobao.taobao/com.taobao.tao.WWMessageService}
I/ActivityManager(  811): Force stopping com.taobao.taobao appid=10454 user=-1: uninstall pkg
I/ActivityManager(  811): Force stopping com.taobao.taobao appid=10454 user=0: pkg removed
I/PackageManager(  811): Verification timed out for file:///data/local/tmp/5bc9db48d025e3b9eda151881caa1565.apk
I/PackageManager(  811): Continuing with installation of file:///data/local/tmp/5bc9db48d025e3b9eda151881caa1565.apk
D/PackageManager(  811): Renaming /data/app/vmdl1965668183.tmp to /data/app/com.taobao.taobao-1
I/PackageManager(  811): Running dexopt on: /data/app/com.taobao.taobao-1/base.apk pkg=com.taobao.taobao isa=arm vmSafeMode=false
W/PackageManager(  811): Unknown permission android.permission.WRITE_SDCARD in package com.taobao.taobao
W/PackageManager(  811): Invalid verification token 370 received
I/ActivityManager(  811): START u0 {act=android.intent.action.MAIN cat=[android.intent.category.LAUNCHER] flg=0x10200000 cmp=com.taobao.taobao/com.taobao.tao.Welcome} from uid 2000 on display 0
I/ActivityManager(  811): Start proc 32429:com.taobao.taobao/u0a455 for activity com.taobao.taobao/com.taobao.tao.Welcome
I/ActivityManager(  811): Displayed com.taobao.taobao/com.taobao.tao.Welcome: +286ms
I/ActivityManager(  811): START u0 {cmp=com.taobao.taobao/com.taobao.tao.MainActivity2} from uid 10455 on display 0
I/ActivityManager(  811): Displayed com.taobao.taobao/com.taobao.tao.MainActivity2: +583ms
I/ActivityManager(  811): Force stopping com.taobao.taobao appid=10455 user=0: from pid 32499
I/ActivityManager(  811): Killing 32429:com.taobao.taobao/u0a455 (adj 0): stop com.taobao.taobao
W/ActivityManager(  811): Scheduling restart of crashed service com.taobao.taobao/com.taobao.tao.WWMessageService in 1000ms
W/ActivityManager(  811): Force removing ActivityRecord{62581ed u0 com.taobao.taobao/com.taobao.tao.MainActivity2 t2154}: app died, no saved state
I/ActivityManager(  811):   Force stopping service ServiceRecord{28505fbe u0 com.taobao.taobao/com.taobao.tao.WWMessageService}
W/ActivityManager(  811): Spurious death for ProcessRecord{1d6c56e7 32429:com.taobao.taobao/u0a455}, curProc for 32429: null
I/ActivityManager(  811): START u0 {act=android.intent.action.MAIN cat=[android.intent.category.LAUNCHER] flg=0x10200000 cmp=com.taobao.taobao/com.taobao.tao.Welcome} from uid 2000 on display 0
I/ActivityManager(  811): Start proc 32535:com.taobao.taobao/u0a455 for activity com.taobao.taobao/com.taobao.tao.Welcome
I/ActivityManager(  811): Displayed com.taobao.taobao/com.taobao.tao.Welcome: +297ms
I/ActivityManager(  811): START u0 {cmp=com.taobao.taobao/com.taobao.tao.MainActivity2} from uid 10455 on display 0
I/ActivityManager(  811): Displayed com.taobao.taobao/com.taobao.tao.MainActivity2: +519ms
I/ActivityManager(  811): Force stopping com.taobao.taobao appid=10455 user=0: from pid 32597
I/ActivityManager(  811): Killing 32535:com.taobao.taobao/u0a455 (adj 0): stop com.taobao.taobao
W/ActivityManager(  811): Scheduling restart of crashed service com.taobao.taobao/com.taobao.tao.WWMessageService in 1000ms
W/ActivityManager(  811): Force removing ActivityRecord{13acbea u0 com.taobao.taobao/com.taobao.tao.MainActivity2 t2155}: app died, no saved state
I/ActivityManager(  811):   Force stopping service ServiceRecord{390f54c7 u0 com.taobao.taobao/com.taobao.tao.WWMessageService}
W/ActivityManager(  811): Spurious death for ProcessRecord{1afc56bb 32535:com.taobao.taobao/u0a455}, curProc for 32535: null
I/ActivityManager(  811): START u0 {act=android.intent.action.MAIN cat=[android.intent.category.LAUNCHER] flg=0x10200000 cmp=com.taobao.taobao/com.taobao.tao.Welcome} from uid 2000 on display 0
I/ActivityManager(  811): Start proc 32631:com.taobao.taobao/u0a455 for activity com.taobao.taobao/com.taobao.tao.Welcome
I/ActivityManager(  811): Displayed com.taobao.taobao/com.taobao.tao.Welcome: +280ms
I/ActivityManager(  811): START u0 {cmp=com.taobao.taobao/com.taobao.tao.MainActivity2} from uid 10455 on display 0
I/ActivityManager(  811): Displayed com.taobao.taobao/com.taobao.tao.MainActivity2: +514ms
I/ActivityManager(  811): Force stopping com.taobao.taobao appid=10455 user=0: from pid 32692
I/ActivityManager(  811): Killing 32631:com.taobao.taobao/u0a455 (adj 0): stop com.taobao.taobao
W/ActivityManager(  811): Scheduling restart of crashed service com.taobao.taobao/com.taobao.tao.WWMessageService in 1000ms
W/ActivityManager(  811): Force removing ActivityRecord{3f54050 u0 com.taobao.taobao/com.taobao.tao.MainActivity2 t2156}: app died, no saved state
I/ActivityManager(  811):   Force stopping service ServiceRecord{2b3ff195 u0 com.taobao.taobao/com.taobao.tao.WWMessageService}
I/ActivityManager(  811): START u0 {act=android.intent.action.MAIN cat=[android.intent.category.LAUNCHER] flg=0x10200000 cmp=com.taobao.taobao/com.taobao.tao.Welcome} from uid 2000 on display 0
I/ActivityManager(  811): Start proc 32727:com.taobao.taobao/u0a455 for activity com.taobao.taobao/com.taobao.tao.Welcome
I/ActivityManager(  811): Displayed com.taobao.taobao/com.taobao.tao.Welcome: +373ms
I/ActivityManager(  811): START u0 {cmp=com.taobao.taobao/com.taobao.tao.MainActivity2} from uid 10455 on display 0
I/ActivityManager(  811): Displayed com.taobao.taobao/com.taobao.tao.MainActivity2: +482ms
I/ActivityManager(  811): Force stopping com.taobao.taobao appid=10455 user=0: from pid 339
I/ActivityManager(  811): Killing 32727:com.taobao.taobao/u0a455 (adj 0): stop com.taobao.taobao
W/ActivityManager(  811): Scheduling restart of crashed service com.taobao.taobao/com.taobao.tao.WWMessageService in 1000ms
W/ActivityManager(  811): Force removing ActivityRecord{13a21e28 u0 com.taobao.taobao/com.taobao.tao.MainActivity2 t2157}: app died, no saved state
I/ActivityManager(  811):   Force stopping service ServiceRecord{36b1000d u0 com.taobao.taobao/com.taobao.tao.WWMessageService}
W/ActivityManager(  811): Spurious death for ProcessRecord{1667d088 32727:com.taobao.taobao/u0a455}, curProc for 32727: null
I/ActivityManager(  811): START u0 {act=android.intent.action.MAIN cat=[android.intent.category.LAUNCHER] flg=0x10200000 cmp=com.taobao.taobao/com.taobao.tao.Welcome} from uid 2000 on display 0
I/ActivityManager(  811): Start proc 444:com.taobao.taobao/u0a455 for activity com.taobao.taobao/com.taobao.tao.Welcome
I/ActivityManager(  811): Displayed com.taobao.taobao/com.taobao.tao.Welcome: +278ms
I/ActivityManager(  811): START u0 {cmp=com.taobao.taobao/com.taobao.tao.MainActivity2} from uid 10455 on display 0
I/ActivityManager(  811): Displayed com.taobao.taobao/com.taobao.tao.MainActivity2: +507ms
I/ActivityManager(  811): Force stopping com.taobao.taobao appid=10455 user=0: from pid 531
I/ActivityManager(  811): Killing 444:com.taobao.taobao/u0a455 (adj 0): stop com.taobao.taobao
W/ActivityManager(  811): Scheduling restart of crashed service com.taobao.taobao/com.taobao.tao.WWMessageService in 1000ms
W/ActivityManager(  811): Force removing ActivityRecord{ca6db39 u0 com.taobao.taobao/com.taobao.tao.MainActivity2 t2158}: app died, no saved state
I/ActivityManager(  811):   Force stopping service ServiceRecord{2a3c7da u0 com.taobao.taobao/com.taobao.tao.WWMessageService}
W/ActivityManager(  811): Spurious death for ProcessRecord{249e6a19 444:com.taobao.taobao/u0a455}, curProc for 444: null
I/ActivityManager(  811): START u0 {act=android.intent.action.MAIN cat=[android.intent.category.LAUNCHER] flg=0x10200000 cmp=com.taobao.taobao/com.taobao.tao.Welcome} from uid 2000 on display 0
I/ActivityManager(  811): Start proc 565:com.taobao.taobao/u0a455 for activity com.taobao.taobao/com.taobao.tao.Welcome
I/ActivityManager(  811): Displayed com.taobao.taobao/com.taobao.tao.Welcome: +270ms
I/ActivityManager(  811): START u0 {cmp=com.taobao.taobao/com.taobao.tao.MainActivity2} from uid 10455 on display 0
I/ActivityManager(  811): Displayed com.taobao.taobao/com.taobao.tao.MainActivity2: +505ms
I/ActivityManager(  811): Force stopping com.taobao.taobao appid=10455 user=0: from pid 639
I/ActivityManager(  811): Killing 565:com.taobao.taobao/u0a455 (adj 0): stop com.taobao.taobao
W/ActivityManager(  811): Scheduling restart of crashed service com.taobao.taobao/com.taobao.tao.WWMessageService in 1000ms
W/ActivityManager(  811): Force removing ActivityRecord{1a451916 u0 com.taobao.taobao/com.taobao.tao.MainActivity2 t2159}: app died, no saved state
I/ActivityManager(  811):   Force stopping service ServiceRecord{22720143 u0 com.taobao.taobao/com.taobao.tao.WWMessageService}
W/ActivityManager(  811): Spurious death for ProcessRecord{49454d 565:com.taobao.taobao/u0a455}, curProc for 565: null
I/ActivityManager(  811): Force stopping com.taobao.taobao appid=10455 user=-1: uninstall pkg
I/ActivityManager(  811): Force stopping com.taobao.taobao appid=10455 user=0: pkg removed
I/PackageManager(  811): Verification timed out for file:///data/local/tmp/ff269e06de46a51072e432afb6d870a5.apk
I/PackageManager(  811): Continuing with installation of file:///data/local/tmp/ff269e06de46a51072e432afb6d870a5.apk
D/PackageManager(  811): Renaming /data/app/vmdl15609389.tmp to /data/app/com.taobao.taobao-1
I/PackageManager(  811): Running dexopt on: /data/app/com.taobao.taobao-1/base.apk pkg=com.taobao.taobao isa=arm vmSafeMode=false
W/PackageManager(  811): Package com.taobao.taobao has activity com.taobao.tao.contacts.share.ShareMessageListViewActivity with priority > 0, forcing to 0
W/PackageManager(  811): Package com.taobao.taobao has activity com.taobao.tao.contacts.share.ShareMessageListViewActivity with priority > 0, forcing to 0
W/PackageManager(  811): Package com.taobao.taobao has activity com.taobao.tao.bala.h5urlrouter.BalaUrlRouterActivity with priority > 0, forcing to 0
W/PackageManager(  811): Package com.taobao.taobao has activity com.taobao.browser.router.FromH5RouterActivity with priority > 0, forcing to 0
W/PackageManager(  811): Package com.taobao.taobao has activity com.taobao.browser.router.FromH5RouterActivity with priority > 0, forcing to 0
W/PackageManager(  811): Package com.taobao.taobao has activity com.taobao.tao.allspark.comment.activity.CommentListTabActivity with priority > 0, forcing to 0
W/PackageManager(  811): Package com.taobao.taobao has activity com.taobao.tao.allspark.comment.activity.CommentListTabActivity with priority > 0, forcing to 0
W/PackageManager(  811): Package com.taobao.taobao has activity com.taobao.tao.allspark.comment.activity.CommentListTabActivity with priority > 0, forcing to 0
W/PackageManager(  811): Package com.taobao.taobao has activity com.taobao.tao.allspark.feed.activity.FeedTagsActivity with priority > 0, forcing to 0
W/PackageManager(  811): Package com.taobao.taobao has activity com.taobao.tao.allspark.feed.activity.FeedTagsActivity with priority > 0, forcing to 0
W/PackageManager(  811): Package com.taobao.taobao has activity com.taobao.tao.allspark.feed.activity.FeedTagsActivity with priority > 0, forcing to 0
W/PackageManager(  811): Package com.taobao.taobao has activity com.taobao.tao.allspark.feed.activity.FeedSceneActivity with priority > 0, forcing to 0
W/PackageManager(  811): Package com.taobao.taobao has activity com.taobao.tao.allspark.feed.activity.FeedSceneActivity with priority > 0, forcing to 0
W/PackageManager(  811): Package com.taobao.taobao has activity com.taobao.tao.allspark.feed.activity.FeedSceneActivity with priority > 0, forcing to 0
W/PackageManager(  811): Package com.taobao.taobao has activity com.taobao.tao.allspark.comment.activity.CommentListActivity with priority > 0, forcing to 0
W/PackageManager(  811): Package com.taobao.taobao has activity com.taobao.tao.allspark.comment.activity.CommentListActivity with priority > 0, forcing to 0
W/PackageManager(  811): Package com.taobao.taobao has activity com.taobao.tao.allspark.comment.activity.CommentListActivity with priority > 0, forcing to 0
W/PackageManager(  811): Package com.taobao.taobao has activity com.taobao.allspark.activity.AllSparkMainActivity with priority > 0, forcing to 0
W/PackageManager(  811): Package com.taobao.taobao has activity com.taobao.allspark.activity.AllSparkFragmentActivity with priority > 0, forcing to 0
W/PackageManager(  811): Package com.taobao.taobao has activity com.taobao.allspark.activity.AllSparkFragmentActivity with priority > 0, forcing to 0
W/PackageManager(  811): Package com.taobao.taobao has activity com.taobao.allspark.activity.AllSparkFragmentActivity with priority > 0, forcing to 0
W/PackageManager(  811): Package com.taobao.taobao has activity com.taobao.tao.allspark.H5Router.FromH5AllsparkRouterActivity with priority > 0, forcing to 0
W/PackageManager(  811): Package com.taobao.taobao has activity com.taobao.tao.allspark.H5Router.FromH5AllsparkRouterActivity with priority > 0, forcing to 0
W/PackageManager(  811): Package com.taobao.taobao has activity com.taobao.tao.allspark.H5Router.FromH5AllsparkRouterActivity with priority > 0, forcing to 0
W/PackageManager(  811): Package com.taobao.taobao has activity com.taobao.tao.allspark.H5Router.FromH5AllsparkRouterActivity with priority > 0, forcing to 0
W/PackageManager(  811): Package com.taobao.taobao has activity com.taobao.tao.allspark.H5Router.FromH5AllsparkRouterActivity with priority > 0, forcing to 0
W/PackageManager(  811): Package com.taobao.taobao has activity com.taobao.tao.allspark.H5Router.FromH5AllsparkRouterActivity with priority > 0, forcing to 0
W/PackageManager(  811): Package com.taobao.taobao has activity com.taobao.tao.allspark.msgbox.AccountManagerActivity with priority > 0, forcing to 0
W/PackageManager(  811): Package com.taobao.taobao has activity com.taobao.tao.allspark.msgbox.AccountManagerActivity with priority > 0, forcing to 0
W/PackageManager(  811): Package com.taobao.taobao has activity com.taobao.tao.allspark.msgbox.ServiceAccountActivity with priority > 0, forcing to 0
W/PackageManager(  811): Package com.taobao.taobao has activity com.taobao.tao.allspark.msgbox.ServiceAccountActivity with priority > 0, forcing to 0
W/PackageManager(  811): Package com.taobao.taobao has activity com.taobao.tao.allspark.wedetail.WeDetailActivity with priority > 0, forcing to 0
W/PackageManager(  811): Package com.taobao.taobao has activity com.taobao.allspark.activity.promotion.PromotionActivity with priority > 0, forcing to 0
W/PackageManager(  811): Package com.taobao.taobao has activity com.taobao.tao.combo.ShopComboActivity with priority > 0, forcing to 0
W/PackageManager(  811): Package com.taobao.taobao has activity com.taobao.tao.favorites.goods.FavoriteGoodsActivity with priority > 0, forcing to 0
W/PackageManager(  811): Package com.taobao.taobao has activity com.taobao.tao.fav.FavoriteActivity with priority > 0, forcing to 0
W/PackageManager(  811): Package com.taobao.taobao has activity com.taobao.tao.setting.TaobaoSettingsActivity with priority > 0, forcing to 0
W/PackageManager(  811): Package com.taobao.taobao has activity com.taobao.tao.setting.UpdateSnsNickActivity with priority > 0, forcing to 0
W/PackageManager(  811): Package com.taobao.taobao has activity com.taobao.tao.setting.MyProfileSettingActivity with priority > 0, forcing to 0
W/PackageManager(  811): Package com.taobao.taobao has activity com.taobao.cainiao.logistic.LogisticListActivity with priority > 0, forcing to 0
W/PackageManager(  811): Package com.taobao.taobao has activity com.taobao.wangxin.activity.WangxinActivity with priority > 0, forcing to 0
W/PackageManager(  811): Permission group com.taobao.permission-group.ACCOUNT from package com.taobao.taobao ignored: original from com.taobao.taobao
W/PackageManager(  811): Unknown permission com.android.launcher.permission.READ_SETTINGS in package com.taobao.taobao
W/PackageManager(  811): Unknown permission com.android.launcher2.permission.READ_SETTINGS in package com.taobao.taobao
W/PackageManager(  811): Unknown permission com.taobao.appcenter.permission.DOWNLOAD_STATUS_CHANGE in package com.taobao.taobao
W/PackageManager(  811): Unknown permission com.setaobao.bbox.permission.APP_STATE in package com.taobao.taobao
W/PackageManager(  811): Unknown permission com.taobao.taobao.permission.MIPUSH_RECEIVE in package com.taobao.taobao
W/PackageManager(  811): Unknown permission com.taobao.permission.USE_CREDENTIALS in package com.taobao.taobao
W/PackageManager(  811): Unknown permission com.taobao.permission.UPDATE_CREDENTIALS in package com.taobao.taobao
W/PackageManager(  811): Unknown permission android.permission.WRITE_INTERNAL_STORAGE in package com.taobao.taobao
W/PackageManager(  811): Unknown permission android.permission.RECORD_VIDEO in package com.taobao.taobao
W/PackageManager(  811): Unknown permission android.permission.PREVENT_POWER_KEY in package com.taobao.taobao
W/PackageManager(  811): Unknown permission com.taobao.taobao.permission.C2D_MESSAGE in package com.taobao.taobao
W/PackageManager(  811): Invalid verification token 371 received
I/ActivityManager(  811): START u0 {act=android.intent.action.MAIN cat=[android.intent.category.LAUNCHER] flg=0x10200000 cmp=com.taobao.taobao/com.taobao.tao.welcome.Welcome} from uid 2000 on display 0
I/ActivityManager(  811): Start proc 747:com.taobao.taobao/u0a456 for activity com.taobao.taobao/com.taobao.tao.welcome.Welcome
W/ActivityManager(  811): getRunningAppProcesses: caller 10456 does not hold REAL_GET_TASKS; limiting output
W/ActivityManager(  811): getRunningAppProcesses: caller 10456 does not hold REAL_GET_TASKS; limiting output
W/ActivityManager(  811): getRunningAppProcesses: caller 10456 does not hold REAL_GET_TASKS; limiting output
W/ActivityManager(  811): getRunningAppProcesses: caller 10456 does not hold REAL_GET_TASKS; limiting output
W/ActivityManager(  811): getRunningAppProcesses: caller 10456 does not hold REAL_GET_TASKS; limiting output
W/ActivityManager(  811): getRunningAppProcesses: caller 10456 does not hold REAL_GET_TASKS; limiting output
W/ActivityManager(  811): getRunningAppProcesses: caller 10456 does not hold REAL_GET_TASKS; limiting output
W/ActivityManager(  811): getRunningAppProcesses: caller 10456 does not hold REAL_GET_TASKS; limiting output
W/ActivityManager(  811): getRunningAppProcesses: caller 10456 does not hold REAL_GET_TASKS; limiting output
I/ActivityManager(  811): Displayed com.taobao.taobao/com.taobao.tao.welcome.Welcome: +747ms
W/ActivityManager(  811): getRunningAppProcesses: caller 10456 does not hold REAL_GET_TASKS; limiting output
W/ActivityManager(  811): getRunningAppProcesses: caller 10456 does not hold REAL_GET_TASKS; limiting output
W/ActivityManager(  811): getRunningAppProcesses: caller 10456 does not hold REAL_GET_TASKS; limiting output
W/ActivityManager(  811): getRunningAppProcesses: caller 10456 does not hold REAL_GET_TASKS; limiting output
W/ActivityManager(  811): Unable to start service Intent { act=anetwork.channel.aidl.ISwitchHandlerSetter pkg=com.taobao.taobao } U=0: not found
W/ActivityManager(  811): getRunningAppProcesses: caller 10456 does not hold REAL_GET_TASKS; limiting output
I/ActivityManager(  811): START u0 {act=android.intent.action.VIEW dat=http://m.taobao.com/index.htm flg=0x4000000 pkg=com.taobao.taobao cmp=com.taobao.taobao/com.taobao.tao.homepage.MainActivity3 (has extras)} from uid 10456 on display 0
W/ActivityManager(  811): getTasks: caller 10456 does not hold REAL_GET_TASKS; limiting output
W/ActivityManager(  811): getRunningAppProcesses: caller 10456 does not hold REAL_GET_TASKS; limiting output
W/ActivityManager(  811): getRunningAppProcesses: caller 10456 does not hold REAL_GET_TASKS; limiting output
W/ActivityManager(  811): getRunningAppProcesses: caller 10456 does not hold REAL_GET_TASKS; limiting output
I/ActivityManager(  811): Displayed com.taobao.taobao/com.taobao.tao.homepage.MainActivity3: +2s716ms
W/ActivityManager(  811): getTasks: caller 10456 does not hold REAL_GET_TASKS; limiting output
W/ActivityManager(  811): getTasks: caller 10456 does not hold REAL_GET_TASKS; limiting output
W/ActivityManager(  811): getRunningAppProcesses: caller 10456 does not hold REAL_GET_TASKS; limiting output
W/ActivityManager(  811): getRunningAppProcesses: caller 10456 does not hold REAL_GET_TASKS; limiting output
W/ActivityManager(  811): getTasks: caller 10456 does not hold REAL_GET_TASKS; limiting output
I/ActivityManager(  811): Force stopping com.taobao.taobao appid=10456 user=0: from pid 1191
I/ActivityManager(  811): Killing 747:com.taobao.taobao/u0a456 (adj 0): stop com.taobao.taobao
W/ActivityManager(  811): Force removing ActivityRecord{3ae5f683 u0 com.taobao.taobao/com.taobao.tao.homepage.MainActivity3 t2160}: app died, no saved state
W/ActivityManager(  811): Spurious death for ProcessRecord{36e6bc41 747:com.taobao.taobao/u0a456}, curProc for 747: null
I/ActivityManager(  811): START u0 {act=android.intent.action.MAIN cat=[android.intent.category.LAUNCHER] flg=0x10200000 cmp=com.taobao.taobao/com.taobao.tao.welcome.Welcome} from uid 2000 on display 0
I/ActivityManager(  811): Start proc 1259:com.taobao.taobao/u0a456 for activity com.taobao.taobao/com.taobao.tao.welcome.Welcome
W/ActivityManager(  811): getRunningAppProcesses: caller 10456 does not hold REAL_GET_TASKS; limiting output
W/ActivityManager(  811): getRunningAppProcesses: caller 10456 does not hold REAL_GET_TASKS; limiting output
W/ActivityManager(  811): getRunningAppProcesses: caller 10456 does not hold REAL_GET_TASKS; limiting output
W/ActivityManager(  811): getRunningAppProcesses: caller 10456 does not hold REAL_GET_TASKS; limiting output
W/ActivityManager(  811): getRunningAppProcesses: caller 10456 does not hold REAL_GET_TASKS; limiting output
W/ActivityManager(  811): getRunningAppProcesses: caller 10456 does not hold REAL_GET_TASKS; limiting output
W/ActivityManager(  811): getRunningAppProcesses: caller 10456 does not hold REAL_GET_TASKS; limiting output
W/ActivityManager(  811): getRunningAppProcesses: caller 10456 does not hold REAL_GET_TASKS; limiting output
W/ActivityManager(  811): getRunningAppProcesses: caller 10456 does not hold REAL_GET_TASKS; limiting output
W/ActivityManager(  811): getRunningAppProcesses: caller 10456 does not hold REAL_GET_TASKS; limiting output
W/ActivityManager(  811): getRunningAppProcesses: caller 10456 does not hold REAL_GET_TASKS; limiting output
W/ActivityManager(  811): getRunningAppProcesses: caller 10456 does not hold REAL_GET_TASKS; limiting output
W/ActivityManager(  811): getRunningAppProcesses: caller 10456 does not hold REAL_GET_TASKS; limiting output
W/ActivityManager(  811): getTasks: caller 10456 does not hold REAL_GET_TASKS; limiting output
W/ActivityManager(  811): getTasks: caller 10456 does not hold REAL_GET_TASKS; limiting output
I/ActivityManager(  811): Displayed com.taobao.taobao/com.taobao.tao.welcome.Welcome: +996ms
W/ActivityManager(  811): Unable to start service Intent { act=anetwork.channel.aidl.ISwitchHandlerSetter pkg=com.taobao.taobao } U=0: not found
W/ActivityManager(  811): getRunningAppProcesses: caller 10456 does not hold REAL_GET_TASKS; limiting output
W/ActivityManager(  811): getRunningAppProcesses: caller 10456 does not hold REAL_GET_TASKS; limiting output
W/ActivityManager(  811): getRunningAppProcesses: caller 10456 does not hold REAL_GET_TASKS; limiting output
W/ActivityManager(  811): getRunningAppProcesses: caller 10456 does not hold REAL_GET_TASKS; limiting output
I/ActivityManager(  811): START u0 {act=android.intent.action.VIEW dat=http://m.taobao.com/index.htm flg=0x4000000 pkg=com.taobao.taobao cmp=com.taobao.taobao/com.taobao.tao.homepage.MainActivity3 (has extras)} from uid 10456 on display 0
W/ActivityManager(  811): getTasks: caller 10456 does not hold REAL_GET_TASKS; limiting output
W/ActivityManager(  811): getRunningAppProcesses: caller 10456 does not hold REAL_GET_TASKS; limiting output
W/ActivityManager(  811): getTasks: caller 10456 does not hold REAL_GET_TASKS; limiting output
W/ActivityManager(  811): getRunningAppProcesses: caller 10456 does not hold REAL_GET_TASKS; limiting output
I/ActivityManager(  811): Displayed com.taobao.taobao/com.taobao.tao.homepage.MainActivity3: +912ms
W/ActivityManager(  811): getRunningAppProcesses: caller 10456 does not hold REAL_GET_TASKS; limiting output
W/ActivityManager(  811): getRunningAppProcesses: caller 10456 does not hold REAL_GET_TASKS; limiting output
W/ActivityManager(  811): getTasks: caller 10456 does not hold REAL_GET_TASKS; limiting output
W/ActivityManager(  811): getRunningAppProcesses: caller 10456 does not hold REAL_GET_TASKS; limiting output
W/ActivityManager(  811): getRunningAppProcesses: caller 10456 does not hold REAL_GET_TASKS; limiting output
I/ActivityManager(  811): Force stopping com.taobao.taobao appid=10456 user=0: from pid 1539
I/ActivityManager(  811): Killing 1259:com.taobao.taobao/u0a456 (adj 0): stop com.taobao.taobao
W/ActivityManager(  811): Force removing ActivityRecord{bf27218 u0 com.taobao.taobao/com.taobao.tao.homepage.MainActivity3 t2161}: app died, no saved state
W/ActivityManager(  811): Spurious death for ProcessRecord{56d17c2 1259:com.taobao.taobao/u0a456}, curProc for 1259: null
I/ActivityManager(  811): START u0 {act=android.intent.action.MAIN cat=[android.intent.category.LAUNCHER] flg=0x10200000 cmp=com.taobao.taobao/com.taobao.tao.welcome.Welcome} from uid 2000 on display 0
I/ActivityManager(  811): Start proc 1600:com.taobao.taobao/u0a456 for activity com.taobao.taobao/com.taobao.tao.welcome.Welcome
W/ActivityManager(  811): getRunningAppProcesses: caller 10456 does not hold REAL_GET_TASKS; limiting output
W/ActivityManager(  811): getRunningAppProcesses: caller 10456 does not hold REAL_GET_TASKS; limiting output
W/ActivityManager(  811): getRunningAppProcesses: caller 10456 does not hold REAL_GET_TASKS; limiting output
W/ActivityManager(  811): getRunningAppProcesses: caller 10456 does not hold REAL_GET_TASKS; limiting output
W/ActivityManager(  811): getRunningAppProcesses: caller 10456 does not hold REAL_GET_TASKS; limiting output
W/ActivityManager(  811): getRunningAppProcesses: caller 10456 does not hold REAL_GET_TASKS; limiting output
