I/ActivityManager(  811): Force stopping com.halfbrick.fruitninja appid=10186 user=0: from pid 23091
I/ActivityManager(  811): Killing 23063:com.halfbrick.fruitninja/u0a186 (adj 0): stop com.halfbrick.fruitninja
W/ActivityManager(  811): Force removing ActivityRecord{1df71356 u0 com.halfbrick.fruitninja/com.halfbrick.mortar.MortarGameActivity t554}: app died, no saved state
I/ActivityManager(  811): Config changes=480 {1.0 ?mcc?mnc en_US ldltr sw411dp w411dp h658dp 560dpi nrml port finger -keyb/v/h -nav/h s.295}
V/ActivityManager(  811): Display changed displayId=0
W/ActivityManager(  811): Spurious death for ProcessRecord{b13f124 23063:com.halfbrick.fruitninja/u0a186}, curProc for 23063: null
I/ActivityManager(  811): START u0 {act=android.intent.action.MAIN cat=[android.intent.category.LAUNCHER] flg=0x10200000 cmp=com.halfbrick.fruitninja/com.halfbrick.mortar.MortarGameActivity} from uid 2000 on display 0
I/ActivityManager(  811): Start proc 23118:com.halfbrick.fruitninja/u0a186 for activity com.halfbrick.fruitninja/com.halfbrick.mortar.MortarGameActivity
V/ActivityManager(  811): Display changed displayId=0
I/ActivityManager(  811): Config changes=480 {1.0 ?mcc?mnc en_US ldltr sw411dp w689dp h386dp 560dpi nrml land finger -keyb/v/h -nav/h s.296}
I/ActivityManager(  811): Displayed com.halfbrick.fruitninja/com.halfbrick.mortar.MortarGameActivity: +473ms
I/ActivityManager(  811): Force stopping com.halfbrick.fruitninja appid=10186 user=0: from pid 23142
I/ActivityManager(  811): Killing 23118:com.halfbrick.fruitninja/u0a186 (adj 0): stop com.halfbrick.fruitninja
W/ActivityManager(  811): Force removing ActivityRecord{1401fccb u0 com.halfbrick.fruitninja/com.halfbrick.mortar.MortarGameActivity t555}: app died, no saved state
I/ActivityManager(  811): Config changes=480 {1.0 ?mcc?mnc en_US ldltr sw411dp w411dp h658dp 560dpi nrml port finger -keyb/v/h -nav/h s.297}
V/ActivityManager(  811): Display changed displayId=0
W/ActivityManager(  811): Spurious death for ProcessRecord{100f9f08 23118:com.halfbrick.fruitninja/u0a186}, curProc for 23118: null
I/ActivityManager(  811): START u0 {act=android.intent.action.MAIN cat=[android.intent.category.LAUNCHER] flg=0x10200000 cmp=com.halfbrick.fruitninja/com.halfbrick.mortar.MortarGameActivity} from uid 2000 on display 0
I/ActivityManager(  811): Start proc 23171:com.halfbrick.fruitninja/u0a186 for activity com.halfbrick.fruitninja/com.halfbrick.mortar.MortarGameActivity
V/ActivityManager(  811): Display changed displayId=0
I/ActivityManager(  811): Config changes=480 {1.0 ?mcc?mnc en_US ldltr sw411dp w689dp h386dp 560dpi nrml land finger -keyb/v/h -nav/h s.298}
I/ActivityManager(  811): Displayed com.halfbrick.fruitninja/com.halfbrick.mortar.MortarGameActivity: +380ms
I/ActivityManager(  811): Start proc 23209:com.halfbrick.fruitninja:skynetservice/u0a186 for service com.halfbrick.fruitninja/com.idreamsky.gamecenter.service.SkynetService
I/ActivityManager(  811): Force stopping com.halfbrick.fruitninja appid=10186 user=0: from pid 23198
I/ActivityManager(  811): Killing 23209:com.halfbrick.fruitninja:skynetservice/u0a186 (adj 0): stop com.halfbrick.fruitninja
W/ActivityManager(  811): Scheduling restart of crashed service com.halfbrick.fruitninja/com.idreamsky.gamecenter.service.SkynetService in 1000ms
I/ActivityManager(  811): Killing 23171:com.halfbrick.fruitninja/u0a186 (adj 0): stop com.halfbrick.fruitninja
W/ActivityManager(  811): Force removing ActivityRecord{2496f17f u0 com.halfbrick.fruitninja/com.halfbrick.mortar.MortarGameActivity t556}: app died, no saved state
I/ActivityManager(  811):   Force stopping service ServiceRecord{28ebc9ac u0 com.halfbrick.fruitninja/com.idreamsky.gamecenter.service.SkynetService}
V/ActivityManager(  811): Display changed displayId=0
I/ActivityManager(  811): Config changes=480 {1.0 ?mcc?mnc en_US ldltr sw411dp w411dp h658dp 560dpi nrml port finger -keyb/v/h -nav/h s.299}
W/ActivityManager(  811): Spurious death for ProcessRecord{4cfb8d6 23209:com.halfbrick.fruitninja:skynetservice/u0a186}, curProc for 23209: null
W/ActivityManager(  811): Spurious death for ProcessRecord{22471757 23171:com.halfbrick.fruitninja/u0a186}, curProc for 23171: null
I/ActivityManager(  811): Force stopping com.halfbrick.fruitninja appid=10186 user=-1: uninstall pkg
I/PackageManager(  811): Removing old permission: com.halfbrick.fruitninja.permission.C2D_MESSAGE from package com.halfbrick.fruitninja
I/ActivityManager(  811): Force stopping com.halfbrick.fruitninja appid=10186 user=0: pkg removed
I/ActivityManager(  811): Delay finish: com.google.android.googlequicksearchbox/com.android.launcher3.PackageChangedReceiver
I/ActivityManager(  811): Resuming delayed broadcast
I/ActivityManager(  811): Delay finish: com.google.android.apps.plus/.service.PackagesMediaMonitor
I/ActivityManager(  811): Resuming delayed broadcast
W/ActivityManager(  811): getRunningAppProcesses: caller 10093 does not hold REAL_GET_TASKS; limiting output
I/PackageManager(  811): Verification timed out for file:///data/local/tmp/94ae8396aa169bf3c9417f3f8de2a383.apk
I/PackageManager(  811): Continuing with installation of file:///data/local/tmp/94ae8396aa169bf3c9417f3f8de2a383.apk
D/PackageManager(  811): Renaming /data/app/vmdl406824084.tmp to /data/app/com.halfbrick.fruitninja-1
I/PackageManager(  811): Running dexopt on: /data/app/com.halfbrick.fruitninja-1/base.apk pkg=com.halfbrick.fruitninja isa=arm vmSafeMode=false
W/PackageManager(  811): Invalid verification token 92 received
I/ActivityManager(  811): START u0 {act=android.intent.action.MAIN cat=[android.intent.category.LAUNCHER] flg=0x10200000 cmp=com.halfbrick.fruitninja/com.halfbrick.mortar.MortarGameActivity} from uid 2000 on display 0
I/ActivityManager(  811): Start proc 23322:com.halfbrick.fruitninja/u0a187 for activity com.halfbrick.fruitninja/com.halfbrick.mortar.MortarGameActivity
I/ActivityManager(  811): Config changes=480 {1.0 ?mcc?mnc en_US ldltr sw411dp w689dp h386dp 560dpi nrml land finger -keyb/v/h -nav/h s.300}
V/ActivityManager(  811): Display changed displayId=0
I/ActivityManager(  811): Displayed com.halfbrick.fruitninja/com.halfbrick.mortar.MortarGameActivity: +447ms
I/ActivityManager(  811): Start proc 23361:com.halfbrick.fruitninja:skynetservice/u0a187 for service com.halfbrick.fruitninja/com.idreamsky.gamecenter.service.SkynetService
I/ActivityManager(  811): Force stopping com.halfbrick.fruitninja appid=10187 user=0: from pid 23348
I/ActivityManager(  811): Killing 23361:com.halfbrick.fruitninja:skynetservice/u0a187 (adj -100): stop com.halfbrick.fruitninja
I/ActivityManager(  811): Killing 23322:com.halfbrick.fruitninja/u0a187 (adj 0): stop com.halfbrick.fruitninja
W/ActivityManager(  811): Force removing ActivityRecord{39600526 u0 com.halfbrick.fruitninja/com.halfbrick.mortar.MortarGameActivity t557}: app died, no saved state
I/ActivityManager(  811):   Force stopping service ServiceRecord{21f64b6b u0 com.halfbrick.fruitninja/com.idreamsky.gamecenter.service.SkynetService}
I/ActivityManager(  811): Config changes=480 {1.0 ?mcc?mnc en_US ldltr sw411dp w411dp h658dp 560dpi nrml port finger -keyb/v/h -nav/h s.301}
V/ActivityManager(  811): Display changed displayId=0
W/ActivityManager(  811): Spurious death for ProcessRecord{1cc90e86 23322:com.halfbrick.fruitninja/u0a187}, curProc for 23322: null
I/ActivityManager(  811): START u0 {act=android.intent.action.MAIN cat=[android.intent.category.LAUNCHER] flg=0x10200000 cmp=com.halfbrick.fruitninja/com.halfbrick.mortar.MortarGameActivity} from uid 2000 on display 0
I/ActivityManager(  811): Start proc 23385:com.halfbrick.fruitninja/u0a187 for activity com.halfbrick.fruitninja/com.halfbrick.mortar.MortarGameActivity
V/ActivityManager(  811): Display changed displayId=0
I/ActivityManager(  811): Config changes=480 {1.0 ?mcc?mnc en_US ldltr sw411dp w689dp h386dp 560dpi nrml land finger -keyb/v/h -nav/h s.302}
I/ActivityManager(  811): Displayed com.halfbrick.fruitninja/com.halfbrick.mortar.MortarGameActivity: +481ms
W/ActivityManager(  811): getRunningAppProcesses: caller 10093 does not hold REAL_GET_TASKS; limiting output
I/ActivityManager(  811): Force stopping com.halfbrick.fruitninja appid=10187 user=0: from pid 23411
I/ActivityManager(  811): Killing 23385:com.halfbrick.fruitninja/u0a187 (adj 0): stop com.halfbrick.fruitninja
W/ActivityManager(  811): Force removing ActivityRecord{3646443f u0 com.halfbrick.fruitninja/com.halfbrick.mortar.MortarGameActivity t558}: app died, no saved state
I/ActivityManager(  811): Config changes=480 {1.0 ?mcc?mnc en_US ldltr sw411dp w411dp h658dp 560dpi nrml port finger -keyb/v/h -nav/h s.303}
V/ActivityManager(  811): Display changed displayId=0
W/ActivityManager(  811): Spurious death for ProcessRecord{3419a7ca 23385:com.halfbrick.fruitninja/u0a187}, curProc for 23385: null
I/ActivityManager(  811): START u0 {act=android.intent.action.MAIN cat=[android.intent.category.LAUNCHER] flg=0x10200000 cmp=com.halfbrick.fruitninja/com.halfbrick.mortar.MortarGameActivity} from uid 2000 on display 0
I/ActivityManager(  811): Start proc 23438:com.halfbrick.fruitninja/u0a187 for activity com.halfbrick.fruitninja/com.halfbrick.mortar.MortarGameActivity
V/ActivityManager(  811): Display changed displayId=0
I/ActivityManager(  811): Config changes=480 {1.0 ?mcc?mnc en_US ldltr sw411dp w689dp h386dp 560dpi nrml land finger -keyb/v/h -nav/h s.304}
I/ActivityManager(  811): Displayed com.halfbrick.fruitninja/com.halfbrick.mortar.MortarGameActivity: +517ms
I/ActivityManager(  811): Force stopping com.halfbrick.fruitninja appid=10187 user=0: from pid 23464
I/ActivityManager(  811): Killing 23438:com.halfbrick.fruitninja/u0a187 (adj 0): stop com.halfbrick.fruitninja
W/ActivityManager(  811): Force removing ActivityRecord{1f8a55e9 u0 com.halfbrick.fruitninja/com.halfbrick.mortar.MortarGameActivity t559}: app died, no saved state
V/ActivityManager(  811): Display changed displayId=0
I/ActivityManager(  811): Config changes=480 {1.0 ?mcc?mnc en_US ldltr sw411dp w411dp h658dp 560dpi nrml port finger -keyb/v/h -nav/h s.305}
W/ActivityManager(  811): Spurious death for ProcessRecord{254b0fce 23438:com.halfbrick.fruitninja/u0a187}, curProc for 23438: null
I/ActivityManager(  811): START u0 {act=android.intent.action.MAIN cat=[android.intent.category.LAUNCHER] flg=0x10200000 cmp=com.halfbrick.fruitninja/com.halfbrick.mortar.MortarGameActivity} from uid 2000 on display 0
I/ActivityManager(  811): Start proc 23492:com.halfbrick.fruitninja/u0a187 for activity com.halfbrick.fruitninja/com.halfbrick.mortar.MortarGameActivity
I/ActivityManager(  811): Displayed com.halfbrick.fruitninja/com.halfbrick.mortar.MortarGameActivity: +315ms
V/ActivityManager(  811): Display changed displayId=0
I/ActivityManager(  811): Config changes=480 {1.0 ?mcc?mnc en_US ldltr sw411dp w689dp h386dp 560dpi nrml land finger -keyb/v/h -nav/h s.306}
I/ActivityManager(  811): Start proc 23532:com.halfbrick.fruitninja:skynetservice/u0a187 for service com.halfbrick.fruitninja/com.idreamsky.gamecenter.service.SkynetService
I/ActivityManager(  811): Force stopping com.halfbrick.fruitninja appid=10187 user=0: from pid 23521
I/ActivityManager(  811): Killing 23532:com.halfbrick.fruitninja:skynetservice/u0a187 (adj -100): stop com.halfbrick.fruitninja
I/ActivityManager(  811): Killing 23492:com.halfbrick.fruitninja/u0a187 (adj 0): stop com.halfbrick.fruitninja
W/ActivityManager(  811): Force removing ActivityRecord{3d81d73d u0 com.halfbrick.fruitninja/com.halfbrick.mortar.MortarGameActivity t560}: app died, no saved state
I/ActivityManager(  811):   Force stopping service ServiceRecord{153e628c u0 com.halfbrick.fruitninja/com.idreamsky.gamecenter.service.SkynetService}
V/ActivityManager(  811): Display changed displayId=0
I/ActivityManager(  811): Config changes=480 {1.0 ?mcc?mnc en_US ldltr sw411dp w411dp h658dp 560dpi nrml port finger -keyb/v/h -nav/h s.307}
W/ActivityManager(  811): Spurious death for ProcessRecord{1adaa4db 23492:com.halfbrick.fruitninja/u0a187}, curProc for 23492: null
I/ActivityManager(  811): START u0 {act=android.intent.action.MAIN cat=[android.intent.category.LAUNCHER] flg=0x10200000 cmp=com.halfbrick.fruitninja/com.halfbrick.mortar.MortarGameActivity} from uid 2000 on display 0
I/ActivityManager(  811): Start proc 23569:com.halfbrick.fruitninja/u0a187 for activity com.halfbrick.fruitninja/com.halfbrick.mortar.MortarGameActivity
V/ActivityManager(  811): Display changed displayId=0
I/ActivityManager(  811): Config changes=480 {1.0 ?mcc?mnc en_US ldltr sw411dp w689dp h386dp 560dpi nrml land finger -keyb/v/h -nav/h s.308}
I/ActivityManager(  811): Displayed com.halfbrick.fruitninja/com.halfbrick.mortar.MortarGameActivity: +435ms
I/ActivityManager(  811): Start proc 23604:com.halfbrick.fruitninja:skynetservice/u0a187 for service com.halfbrick.fruitninja/com.idreamsky.gamecenter.service.SkynetService
I/ActivityManager(  811): Force stopping com.halfbrick.fruitninja appid=10187 user=0: from pid 23596
I/ActivityManager(  811): Killing 23604:com.halfbrick.fruitninja:skynetservice/u0a187 (adj 0): stop com.halfbrick.fruitninja
W/ActivityManager(  811): Scheduling restart of crashed service com.halfbrick.fruitninja/com.idreamsky.gamecenter.service.SkynetService in 1000ms
I/ActivityManager(  811): Killing 23569:com.halfbrick.fruitninja/u0a187 (adj 0): stop com.halfbrick.fruitninja
W/ActivityManager(  811): Force removing ActivityRecord{3bfc3a8e u0 com.halfbrick.fruitninja/com.halfbrick.mortar.MortarGameActivity t561}: app died, no saved state
I/ActivityManager(  811):   Force stopping service ServiceRecord{31f5c4fa u0 com.halfbrick.fruitninja/com.idreamsky.gamecenter.service.SkynetService}
I/ActivityManager(  811): Config changes=480 {1.0 ?mcc?mnc en_US ldltr sw411dp w411dp h658dp 560dpi nrml port finger -keyb/v/h -nav/h s.309}
V/ActivityManager(  811): Display changed displayId=0
W/ActivityManager(  811): Spurious death for ProcessRecord{1e4b36c6 23604:com.halfbrick.fruitninja:skynetservice/u0a187}, curProc for 23604: null
W/ActivityManager(  811): Spurious death for ProcessRecord{33dad687 23569:com.halfbrick.fruitninja/u0a187}, curProc for 23569: null
I/ActivityManager(  811): START u0 {act=android.intent.action.MAIN cat=[android.intent.category.LAUNCHER] flg=0x10200000 cmp=com.halfbrick.fruitninja/com.halfbrick.mortar.MortarGameActivity} from uid 2000 on display 0
I/ActivityManager(  811): Start proc 23660:com.halfbrick.fruitninja/u0a187 for activity com.halfbrick.fruitninja/com.halfbrick.mortar.MortarGameActivity
V/ActivityManager(  811): Display changed displayId=0
I/ActivityManager(  811): Config changes=480 {1.0 ?mcc?mnc en_US ldltr sw411dp w689dp h386dp 560dpi nrml land finger -keyb/v/h -nav/h s.310}
I/ActivityManager(  811): Displayed com.halfbrick.fruitninja/com.halfbrick.mortar.MortarGameActivity: +435ms
I/ActivityManager(  811): Force stopping com.halfbrick.fruitninja appid=10187 user=0: from pid 23686
I/ActivityManager(  811): Killing 23660:com.halfbrick.fruitninja/u0a187 (adj 0): stop com.halfbrick.fruitninja
W/ActivityManager(  811): Force removing ActivityRecord{29c960aa u0 com.halfbrick.fruitninja/com.halfbrick.mortar.MortarGameActivity t562}: app died, no saved state
V/ActivityManager(  811): Display changed displayId=0
I/ActivityManager(  811): Config changes=480 {1.0 ?mcc?mnc en_US ldltr sw411dp w411dp h658dp 560dpi nrml port finger -keyb/v/h -nav/h s.311}
W/ActivityManager(  811): Spurious death for ProcessRecord{26a20c7b 23660:com.halfbrick.fruitninja/u0a187}, curProc for 23660: null
I/ActivityManager(  811): Force stopping com.halfbrick.fruitninja appid=10187 user=-1: uninstall pkg
I/PackageManager(  811): Removing old permission: com.halfbrick.fruitninja.permission.C2D_MESSAGE from package com.halfbrick.fruitninja
I/ActivityManager(  811): Force stopping com.halfbrick.fruitninja appid=10187 user=0: pkg removed
W/ActivityManager(  811): getRunningAppProcesses: caller 10093 does not hold REAL_GET_TASKS; limiting output
I/PackageManager(  811): Verification timed out for file:///data/local/tmp/e3f3c3e3e9027e7adb18c00d6a9dc2c9.apk
I/PackageManager(  811): Continuing with installation of file:///data/local/tmp/e3f3c3e3e9027e7adb18c00d6a9dc2c9.apk
D/PackageManager(  811): Renaming /data/app/vmdl815786341.tmp to /data/app/com.halfbrick.fruitninja-1
I/PackageManager(  811): Running dexopt on: /data/app/com.halfbrick.fruitninja-1/base.apk pkg=com.halfbrick.fruitninja isa=arm vmSafeMode=false
W/PackageManager(  811): Invalid verification token 93 received
I/ActivityManager(  811): START u0 {act=android.intent.action.MAIN cat=[android.intent.category.LAUNCHER] flg=0x10200000 cmp=com.halfbrick.fruitninja/com.halfbrick.mortar.MortarGameActivity} from uid 2000 on display 0
I/ActivityManager(  811): Start proc 23786:com.halfbrick.fruitninja/u0a188 for activity com.halfbrick.fruitninja/com.halfbrick.mortar.MortarGameActivity
I/ActivityManager(  811): Config changes=480 {1.0 ?mcc?mnc en_US ldltr sw411dp w689dp h386dp 560dpi nrml land finger -keyb/v/h -nav/h s.312}
V/ActivityManager(  811): Display changed displayId=0
I/ActivityManager(  811): Displayed com.halfbrick.fruitninja/com.halfbrick.mortar.MortarGameActivity: +447ms
I/ActivityManager(  811): Force stopping com.halfbrick.fruitninja appid=10188 user=0: from pid 23812
I/ActivityManager(  811): Killing 23786:com.halfbrick.fruitninja/u0a188 (adj 0): stop com.halfbrick.fruitninja
W/ActivityManager(  811): Force removing ActivityRecord{31053705 u0 com.halfbrick.fruitninja/com.halfbrick.mortar.MortarGameActivity t563}: app died, no saved state
I/ActivityManager(  811): Config changes=480 {1.0 ?mcc?mnc en_US ldltr sw411dp w411dp h658dp 560dpi nrml port finger -keyb/v/h -nav/h s.313}
V/ActivityManager(  811): Display changed displayId=0
W/ActivityManager(  811): Spurious death for ProcessRecord{3930dae 23786:com.halfbrick.fruitninja/u0a188}, curProc for 23786: null
I/ActivityManager(  811): START u0 {act=android.intent.action.MAIN cat=[android.intent.category.LAUNCHER] flg=0x10200000 cmp=com.halfbrick.fruitninja/com.halfbrick.mortar.MortarGameActivity} from uid 2000 on display 0
I/ActivityManager(  811): Start proc 23840:com.halfbrick.fruitninja/u0a188 for activity com.halfbrick.fruitninja/com.halfbrick.mortar.MortarGameActivity
V/ActivityManager(  811): Display changed displayId=0
I/ActivityManager(  811): Config changes=480 {1.0 ?mcc?mnc en_US ldltr sw411dp w689dp h386dp 560dpi nrml land finger -keyb/v/h -nav/h s.314}
I/ActivityManager(  811): Displayed com.halfbrick.fruitninja/com.halfbrick.mortar.MortarGameActivity: +488ms
I/ActivityManager(  811): Force stopping com.halfbrick.fruitninja appid=10188 user=0: from pid 23867
I/ActivityManager(  811): Killing 23840:com.halfbrick.fruitninja/u0a188 (adj 0): stop com.halfbrick.fruitninja
W/ActivityManager(  811): Force removing ActivityRecord{306d629d u0 com.halfbrick.fruitninja/com.halfbrick.mortar.MortarGameActivity t564}: app died, no saved state
V/ActivityManager(  811): Display changed displayId=0
I/ActivityManager(  811): Config changes=480 {1.0 ?mcc?mnc en_US ldltr sw411dp w411dp h658dp 560dpi nrml port finger -keyb/v/h -nav/h s.315}
W/ActivityManager(  811): Spurious death for ProcessRecord{17337272 23840:com.halfbrick.fruitninja/u0a188}, curProc for 23840: null
I/ActivityManager(  811): START u0 {act=android.intent.action.MAIN cat=[android.intent.category.LAUNCHER] flg=0x10200000 cmp=com.halfbrick.fruitninja/com.halfbrick.mortar.MortarGameActivity} from uid 2000 on display 0
I/ActivityManager(  811): Start proc 23894:com.halfbrick.fruitninja/u0a188 for activity com.halfbrick.fruitninja/com.halfbrick.mortar.MortarGameActivity
V/ActivityManager(  811): Display changed displayId=0
I/ActivityManager(  811): Config changes=480 {1.0 ?mcc?mnc en_US ldltr sw411dp w689dp h386dp 560dpi nrml land finger -keyb/v/h -nav/h s.316}
I/ActivityManager(  811): Displayed com.halfbrick.fruitninja/com.halfbrick.mortar.MortarGameActivity: +434ms
W/ActivityManager(  811): getRunningAppProcesses: caller 10093 does not hold REAL_GET_TASKS; limiting output
I/ActivityManager(  811): Force stopping com.halfbrick.fruitninja appid=10188 user=0: from pid 23920
I/ActivityManager(  811): Killing 23894:com.halfbrick.fruitninja/u0a188 (adj 0): stop com.halfbrick.fruitninja
W/ActivityManager(  811): Force removing ActivityRecord{21454fb1 u0 com.halfbrick.fruitninja/com.halfbrick.mortar.MortarGameActivity t565}: app died, no saved state
I/ActivityManager(  811): Config changes=480 {1.0 ?mcc?mnc en_US ldltr sw411dp w411dp h658dp 560dpi nrml port finger -keyb/v/h -nav/h s.317}
V/ActivityManager(  811): Display changed displayId=0
W/ActivityManager(  811): Spurious death for ProcessRecord{23528df6 23894:com.halfbrick.fruitninja/u0a188}, curProc for 23894: null
I/ActivityManager(  811): START u0 {act=android.intent.action.MAIN cat=[android.intent.category.LAUNCHER] flg=0x10200000 cmp=com.halfbrick.fruitninja/com.halfbrick.mortar.MortarGameActivity} from uid 2000 on display 0
I/ActivityManager(  811): Start proc 23947:com.halfbrick.fruitninja/u0a188 for activity com.halfbrick.fruitninja/com.halfbrick.mortar.MortarGameActivity
I/ActivityManager(  811): Config changes=480 {1.0 ?mcc?mnc en_US ldltr sw411dp w689dp h386dp 560dpi nrml land finger -keyb/v/h -nav/h s.318}
V/ActivityManager(  811): Display changed displayId=0
I/ActivityManager(  811): Displayed com.halfbrick.fruitninja/com.halfbrick.mortar.MortarGameActivity: +437ms
I/ActivityManager(  811): Start proc 23987:com.halfbrick.fruitninja:skynetservice/u0a188 for service com.halfbrick.fruitninja/com.idreamsky.gamecenter.service.SkynetService
I/ActivityManager(  811): Force stopping com.halfbrick.fruitninja appid=10188 user=0: from pid 23974
I/ActivityManager(  811): Killing 23987:com.halfbrick.fruitninja:skynetservice/u0a188 (adj -100): stop com.halfbrick.fruitninja
I/ActivityManager(  811): Killing 23947:com.halfbrick.fruitninja/u0a188 (adj 0): stop com.halfbrick.fruitninja
W/ActivityManager(  811): Force removing ActivityRecord{8c26a85 u0 com.halfbrick.fruitninja/com.halfbrick.mortar.MortarGameActivity t566}: app died, no saved state
I/ActivityManager(  811):   Force stopping service ServiceRecord{259fe32e u0 com.halfbrick.fruitninja/com.idreamsky.gamecenter.service.SkynetService}
I/ActivityManager(  811): Config changes=480 {1.0 ?mcc?mnc en_US ldltr sw411dp w411dp h658dp 560dpi nrml port finger -keyb/v/h -nav/h s.319}
V/ActivityManager(  811): Display changed displayId=0
W/ActivityManager(  811): Spurious death for ProcessRecord{195b8f65 23947:com.halfbrick.fruitninja/u0a188}, curProc for 23947: null
I/ActivityManager(  811): START u0 {act=android.intent.action.MAIN cat=[android.intent.category.LAUNCHER] flg=0x10200000 cmp=com.halfbrick.fruitninja/com.halfbrick.mortar.MortarGameActivity} from uid 2000 on display 0
I/ActivityManager(  811): Start proc 24011:com.halfbrick.fruitninja/u0a188 for activity com.halfbrick.fruitninja/com.halfbrick.mortar.MortarGameActivity
V/ActivityManager(  811): Display changed displayId=0
I/ActivityManager(  811): Config changes=480 {1.0 ?mcc?mnc en_US ldltr sw411dp w689dp h386dp 560dpi nrml land finger -keyb/v/h -nav/h s.320}
I/ActivityManager(  811): Displayed com.halfbrick.fruitninja/com.halfbrick.mortar.MortarGameActivity: +923ms
I/ActivityManager(  811): Force stopping com.halfbrick.fruitninja appid=10188 user=0: from pid 24039
I/ActivityManager(  811): Killing 24011:com.halfbrick.fruitninja/u0a188 (adj 0): stop com.halfbrick.fruitninja
W/ActivityManager(  811): Force removing ActivityRecord{23650660 u0 com.halfbrick.fruitninja/com.halfbrick.mortar.MortarGameActivity t567}: app died, no saved state
I/ActivityManager(  811): Config changes=480 {1.0 ?mcc?mnc en_US ldltr sw411dp w411dp h658dp 560dpi nrml port finger -keyb/v/h -nav/h s.321}
V/ActivityManager(  811): Display changed displayId=0
W/ActivityManager(  811): Spurious death for ProcessRecord{278025f9 24011:com.halfbrick.fruitninja/u0a188}, curProc for 24011: null
I/ActivityManager(  811): START u0 {act=android.intent.action.MAIN cat=[android.intent.category.LAUNCHER] flg=0x10200000 cmp=com.halfbrick.fruitninja/com.halfbrick.mortar.MortarGameActivity} from uid 2000 on display 0
I/ActivityManager(  811): Start proc 24066:com.halfbrick.fruitninja/u0a188 for activity com.halfbrick.fruitninja/com.halfbrick.mortar.MortarGameActivity
V/ActivityManager(  811): Display changed displayId=0
I/ActivityManager(  811): Config changes=480 {1.0 ?mcc?mnc en_US ldltr sw411dp w689dp h386dp 560dpi nrml land finger -keyb/v/h -nav/h s.322}
I/ActivityManager(  811): Displayed com.halfbrick.fruitninja/com.halfbrick.mortar.MortarGameActivity: +368ms
I/ActivityManager(  811): Force stopping com.halfbrick.fruitninja appid=10188 user=0: from pid 24093
I/ActivityManager(  811): Killing 24066:com.halfbrick.fruitninja/u0a188 (adj 0): stop com.halfbrick.fruitninja
W/ActivityManager(  811): Force removing ActivityRecord{213ddd84 u0 com.halfbrick.fruitninja/com.halfbrick.mortar.MortarGameActivity t568}: app died, no saved state
V/ActivityManager(  811): Display changed displayId=0
I/ActivityManager(  811): Config changes=480 {1.0 ?mcc?mnc en_US ldltr sw411dp w411dp h658dp 560dpi nrml port finger -keyb/v/h -nav/h s.323}
W/ActivityManager(  811): Spurious death for ProcessRecord{708724d 24066:com.halfbrick.fruitninja/u0a188}, curProc for 24066: null
I/ActivityManager(  811): Force stopping com.halfbrick.fruitninja appid=10188 user=-1: uninstall pkg
I/PackageManager(  811): Removing old permission: com.halfbrick.fruitninja.permission.C2D_MESSAGE from package com.halfbrick.fruitninja
I/ActivityManager(  811): Force stopping com.halfbrick.fruitninja appid=10188 user=0: pkg removed
I/ActivityManager(  811): Delay finish: com.google.android.apps.plus/.service.PackagesMediaMonitor
I/ActivityManager(  811): Resuming delayed broadcast
W/ActivityManager(  811): getRunningAppProcesses: caller 10093 does not hold REAL_GET_TASKS; limiting output
I/PackageManager(  811): Verification timed out for file:///data/local/tmp/bcd0b11cb1fa35119a28c6f672d20a06.apk
I/PackageManager(  811): Continuing with installation of file:///data/local/tmp/bcd0b11cb1fa35119a28c6f672d20a06.apk
D/PackageManager(  811): Renaming /data/app/vmdl238905414.tmp to /data/app/com.halfbrick.fruitninja-1
I/PackageManager(  811): Running dexopt on: /data/app/com.halfbrick.fruitninja-1/base.apk pkg=com.halfbrick.fruitninja isa=arm vmSafeMode=false
W/PackageManager(  811): Invalid verification token 94 received
I/ActivityManager(  811): START u0 {act=android.intent.action.MAIN cat=[android.intent.category.LAUNCHER] flg=0x10200000 cmp=com.halfbrick.fruitninja/.FruitNinjaActivity} from uid 2000 on display 0
I/ActivityManager(  811): Start proc 24192:com.halfbrick.fruitninja/u0a189 for activity com.halfbrick.fruitninja/.FruitNinjaActivity
I/ActivityManager(  811): Config changes=480 {1.0 ?mcc?mnc en_US ldltr sw411dp w689dp h386dp 560dpi nrml land finger -keyb/v/h -nav/h s.324}
V/ActivityManager(  811): Display changed displayId=0
I/ActivityManager(  811): Displayed com.halfbrick.fruitninja/.FruitNinjaActivity: +1s513ms
I/ActivityManager(  811): Force stopping com.halfbrick.fruitninja appid=10189 user=0: from pid 24232
I/ActivityManager(  811): Killing 24192:com.halfbrick.fruitninja/u0a189 (adj 0): stop com.halfbrick.fruitninja
W/ActivityManager(  811): Force removing ActivityRecord{290832b4 u0 com.halfbrick.fruitninja/.FruitNinjaActivity t569}: app died, no saved state
V/ActivityManager(  811): Display changed displayId=0
I/ActivityManager(  811): Config changes=480 {1.0 ?mcc?mnc en_US ldltr sw411dp w411dp h658dp 560dpi nrml port finger -keyb/v/h -nav/h s.325}
W/ActivityManager(  811): Spurious death for ProcessRecord{37de3126 24192:com.halfbrick.fruitninja/u0a189}, curProc for 24192: null
I/ActivityManager(  811): START u0 {act=android.intent.action.MAIN cat=[android.intent.category.LAUNCHER] flg=0x10200000 cmp=com.halfbrick.fruitninja/.FruitNinjaActivity} from uid 2000 on display 0
I/ActivityManager(  811): Start proc 24260:com.halfbrick.fruitninja/u0a189 for activity com.halfbrick.fruitninja/.FruitNinjaActivity
V/ActivityManager(  811): Display changed displayId=0
I/ActivityManager(  811): Config changes=480 {1.0 ?mcc?mnc en_US ldltr sw411dp w689dp h386dp 560dpi nrml land finger -keyb/v/h -nav/h s.326}
I/ActivityManager(  811): Displayed com.halfbrick.fruitninja/.FruitNinjaActivity: +1s327ms
I/ActivityManager(  811): Force stopping com.halfbrick.fruitninja appid=10189 user=0: from pid 24296
I/ActivityManager(  811): Killing 24260:com.halfbrick.fruitninja/u0a189 (adj 0): stop com.halfbrick.fruitninja
W/ActivityManager(  811): Force removing ActivityRecord{14593975 u0 com.halfbrick.fruitninja/.FruitNinjaActivity t570}: app died, no saved state
V/ActivityManager(  811): Display changed displayId=0
I/ActivityManager(  811): Config changes=480 {1.0 ?mcc?mnc en_US ldltr sw411dp w411dp h658dp 560dpi nrml port finger -keyb/v/h -nav/h s.327}
W/ActivityManager(  811): Spurious death for ProcessRecord{3ae542d1 24260:com.halfbrick.fruitninja/u0a189}, curProc for 24260: null
I/ActivityManager(  811): START u0 {act=android.intent.action.MAIN cat=[android.intent.category.LAUNCHER] flg=0x10200000 cmp=com.halfbrick.fruitninja/.FruitNinjaActivity} from uid 2000 on display 0
I/ActivityManager(  811): Start proc 24324:com.halfbrick.fruitninja/u0a189 for activity com.halfbrick.fruitninja/.FruitNinjaActivity
V/ActivityManager(  811): Display changed displayId=0
I/ActivityManager(  811): Config changes=480 {1.0 ?mcc?mnc en_US ldltr sw411dp w689dp h386dp 560dpi nrml land finger -keyb/v/h -nav/h s.328}
I/ActivityManager(  811): Displayed com.halfbrick.fruitninja/.FruitNinjaActivity: +1s372ms
I/ActivityManager(  811): Force stopping com.halfbrick.fruitninja appid=10189 user=0: from pid 24361
I/ActivityManager(  811): Killing 24324:com.halfbrick.fruitninja/u0a189 (adj 0): stop com.halfbrick.fruitninja
W/ActivityManager(  811): Force removing ActivityRecord{3b8bec5 u0 com.halfbrick.fruitninja/.FruitNinjaActivity t571}: app died, no saved state
V/ActivityManager(  811): Display changed displayId=0
I/ActivityManager(  811): Config changes=480 {1.0 ?mcc?mnc en_US ldltr sw411dp w411dp h658dp 560dpi nrml port finger -keyb/v/h -nav/h s.329}
W/ActivityManager(  811): Spurious death for ProcessRecord{db33521 24324:com.halfbrick.fruitninja/u0a189}, curProc for 24324: null
I/ActivityManager(  811): START u0 {act=android.intent.action.MAIN cat=[android.intent.category.LAUNCHER] flg=0x10200000 cmp=com.halfbrick.fruitninja/.FruitNinjaActivity} from uid 2000 on display 0
I/ActivityManager(  811): Start proc 24390:com.halfbrick.fruitninja/u0a189 for activity com.halfbrick.fruitninja/.FruitNinjaActivity
V/ActivityManager(  811): Display changed displayId=0
I/ActivityManager(  811): Config changes=480 {1.0 ?mcc?mnc en_US ldltr sw411dp w689dp h386dp 560dpi nrml land finger -keyb/v/h -nav/h s.330}
I/ActivityManager(  811): Displayed com.halfbrick.fruitninja/.FruitNinjaActivity: +1s326ms
I/ActivityManager(  811): Force stopping com.halfbrick.fruitninja appid=10189 user=0: from pid 24427
I/ActivityManager(  811): Killing 24390:com.halfbrick.fruitninja/u0a189 (adj 0): stop com.halfbrick.fruitninja
W/ActivityManager(  811): Force removing ActivityRecord{832015 u0 com.halfbrick.fruitninja/.FruitNinjaActivity t572}: app died, no saved state
V/ActivityManager(  811): Display changed displayId=0
I/ActivityManager(  811): Config changes=480 {1.0 ?mcc?mnc en_US ldltr sw411dp w411dp h658dp 560dpi nrml port finger -keyb/v/h -nav/h s.331}
W/ActivityManager(  811): Spurious death for ProcessRecord{1364d556 24390:com.halfbrick.fruitninja/u0a189}, curProc for 24390: null
I/ActivityManager(  811): START u0 {act=android.intent.action.MAIN cat=[android.intent.category.LAUNCHER] flg=0x10200000 cmp=com.halfbrick.fruitninja/.FruitNinjaActivity} from uid 2000 on display 0
I/ActivityManager(  811): Start proc 24455:com.halfbrick.fruitninja/u0a189 for activity com.halfbrick.fruitninja/.FruitNinjaActivity
V/ActivityManager(  811): Display changed displayId=0
I/ActivityManager(  811): Config changes=480 {1.0 ?mcc?mnc en_US ldltr sw411dp w689dp h386dp 560dpi nrml land finger -keyb/v/h -nav/h s.332}
I/ActivityManager(  811): Displayed com.halfbrick.fruitninja/.FruitNinjaActivity: +1s436ms
W/ActivityManager(  811): getRunningAppProcesses: caller 10093 does not hold REAL_GET_TASKS; limiting output
I/ActivityManager(  811): Force stopping com.halfbrick.fruitninja appid=10189 user=0: from pid 24492
I/ActivityManager(  811): Killing 24455:com.halfbrick.fruitninja/u0a189 (adj 0): stop com.halfbrick.fruitninja
W/ActivityManager(  811): Force removing ActivityRecord{381bba3a u0 com.halfbrick.fruitninja/.FruitNinjaActivity t573}: app died, no saved state
I/ActivityManager(  811): Config changes=480 {1.0 ?mcc?mnc en_US ldltr sw411dp w411dp h658dp 560dpi nrml port finger -keyb/v/h -nav/h s.333}
V/ActivityManager(  811): Display changed displayId=0
W/ActivityManager(  811): Spurious death for ProcessRecord{20db3966 24455:com.halfbrick.fruitninja/u0a189}, curProc for 24455: null
I/ActivityManager(  811): START u0 {act=android.intent.action.MAIN cat=[android.intent.category.LAUNCHER] flg=0x10200000 cmp=com.halfbrick.fruitninja/.FruitNinjaActivity} from uid 2000 on display 0
I/ActivityManager(  811): Start proc 24520:com.halfbrick.fruitninja/u0a189 for activity com.halfbrick.fruitninja/.FruitNinjaActivity
I/ActivityManager(  811): Config changes=480 {1.0 ?mcc?mnc en_US ldltr sw411dp w689dp h386dp 560dpi nrml land finger -keyb/v/h -nav/h s.334}
V/ActivityManager(  811): Display changed displayId=0
I/ActivityManager(  811): Displayed com.halfbrick.fruitninja/.FruitNinjaActivity: +1s523ms
I/ActivityManager(  811): Force stopping com.halfbrick.fruitninja appid=10189 user=0: from pid 24559
I/ActivityManager(  811): Killing 24520:com.halfbrick.fruitninja/u0a189 (adj 0): stop com.halfbrick.fruitninja
W/ActivityManager(  811): Force removing ActivityRecord{2db7e14a u0 com.halfbrick.fruitninja/.FruitNinjaActivity t574}: app died, no saved state
V/ActivityManager(  811): Display changed displayId=0
I/ActivityManager(  811): Config changes=480 {1.0 ?mcc?mnc en_US ldltr sw411dp w411dp h658dp 560dpi nrml port finger -keyb/v/h -nav/h s.335}
W/ActivityManager(  811): Spurious death for ProcessRecord{85c4b7f 24520:com.halfbrick.fruitninja/u0a189}, curProc for 24520: null
I/ActivityManager(  811): Force stopping com.halfbrick.fruitninja appid=10189 user=-1: uninstall pkg
I/ActivityManager(  811): Force stopping com.halfbrick.fruitninja appid=10189 user=0: pkg removed
I/ActivityManager(  811): Delay finish: com.google.android.apps.plus/.service.PackagesMediaMonitor
I/ActivityManager(  811): Resuming delayed broadcast
I/PackageManager(  811): Verification timed out for file:///data/local/tmp/dc6b892338488178d7fd8fbac4dff767.apk
I/PackageManager(  811): Continuing with installation of file:///data/local/tmp/dc6b892338488178d7fd8fbac4dff767.apk
D/PackageManager(  811): Renaming /data/app/vmdl1124580455.tmp to /data/app/com.halfbrick.fruitninja-1
I/PackageManager(  811): Running dexopt on: /data/app/com.halfbrick.fruitninja-1/base.apk pkg=com.halfbrick.fruitninja isa=arm vmSafeMode=false
W/ActivityManager(  811): getRunningAppProcesses: caller 10093 does not hold REAL_GET_TASKS; limiting output
W/PackageManager(  811): Invalid verification token 95 received
I/ActivityManager(  811): Killing 31893:com.android.chrome/u0a46 (adj 15): empty for 1800s
I/ActivityManager(  811): START u0 {act=android.intent.action.MAIN cat=[android.intent.category.LAUNCHER] flg=0x10200000 cmp=com.halfbrick.fruitninja/com.inject.InjectActivity} from uid 2000 on display 0
I/ActivityManager(  811): Start proc 24660:com.halfbrick.fruitninja/u0a190 for activity com.halfbrick.fruitninja/com.inject.InjectActivity
I/ActivityManager(  811): Config changes=480 {1.0 ?mcc?mnc en_US ldltr sw411dp w689dp h386dp 560dpi nrml land finger -keyb/v/h -nav/h s.336}
V/ActivityManager(  811): Display changed displayId=0
I/ActivityManager(  811): Displayed com.halfbrick.fruitninja/com.inject.InjectActivity: +350ms
I/ActivityManager(  811): START u0 {act=android.intent.action.MAIN cat=[android.intent.category.LAUNCHER] flg=0x10000000 cmp=com.halfbrick.fruitninja/.FruitNinjaActivity} from uid 10190 on display 0
I/ActivityManager(  811): Force stopping com.halfbrick.fruitninja appid=10190 user=0: from pid 24690
I/ActivityManager(  811): Killing 24660:com.halfbrick.fruitninja/u0a190 (adj 0): stop com.halfbrick.fruitninja
I/ActivityManager(  811):   Force finishing activity 3 ActivityRecord{1f33e7aa u0 com.halfbrick.fruitninja/.FruitNinjaActivity t575}
I/ActivityManager(  811): Config changes=480 {1.0 ?mcc?mnc en_US ldltr sw411dp w411dp h658dp 560dpi nrml port finger -keyb/v/h -nav/h s.337}
V/ActivityManager(  811): Display changed displayId=0
W/ActivityManager(  811): Spurious death for ProcessRecord{336e36e4 24660:com.halfbrick.fruitninja/u0a190}, curProc for 24660: null
W/PackageManager( 1050): Failure retrieving resources for com.halfbrick.fruitninja: Resource ID #0x0
I/ActivityManager(  811): START u0 {act=android.intent.action.MAIN cat=[android.intent.category.LAUNCHER] flg=0x10200000 cmp=com.halfbrick.fruitninja/com.inject.InjectActivity} from uid 2000 on display 0
I/ActivityManager(  811): Start proc 24717:com.halfbrick.fruitninja/u0a190 for activity com.halfbrick.fruitninja/com.inject.InjectActivity
V/ActivityManager(  811): Display changed displayId=0
I/ActivityManager(  811): Config changes=480 {1.0 ?mcc?mnc en_US ldltr sw411dp w689dp h386dp 560dpi nrml land finger -keyb/v/h -nav/h s.338}
I/ActivityManager(  811): Displayed com.halfbrick.fruitninja/com.inject.InjectActivity: +437ms (total +2s31ms)
I/ActivityManager(  811): START u0 {act=android.intent.action.MAIN cat=[android.intent.category.LAUNCHER] flg=0x10000000 cmp=com.halfbrick.fruitninja/.FruitNinjaActivity} from uid 10190 on display 0
I/ActivityManager(  811): START u0 {act=android.intent.action.MAIN cat=[android.intent.category.LAUNCHER] flg=0x10000000 cmp=com.halfbrick.fruitninja/.FruitNinjaActivity} from uid 10190 on display 0
W/ActivityManager(  811): Duplicate finish request for ActivityRecord{1f6fa58b u0 com.halfbrick.fruitninja/com.inject.InjectActivity t576 f}
I/ActivityManager(  811): Force stopping com.halfbrick.fruitninja appid=10190 user=0: from pid 24750
I/ActivityManager(  811): Killing 24717:com.halfbrick.fruitninja/u0a190 (adj 0): stop com.halfbrick.fruitninja
I/ActivityManager(  811):   Force finishing activity 3 ActivityRecord{25cdb9ae u0 com.halfbrick.fruitninja/.FruitNinjaActivity t576}
I/ActivityManager(  811): Config changes=480 {1.0 ?mcc?mnc en_US ldltr sw411dp w411dp h658dp 560dpi nrml port finger -keyb/v/h -nav/h s.339}
V/ActivityManager(  811): Display changed displayId=0
W/ActivityManager(  811): Spurious death for ProcessRecord{39eb6d61 24717:com.halfbrick.fruitninja/u0a190}, curProc for 24717: null
W/PackageManager( 1050): Failure retrieving resources for com.halfbrick.fruitninja: Resource ID #0x0
I/ActivityManager(  811): START u0 {act=android.intent.action.MAIN cat=[android.intent.category.LAUNCHER] flg=0x10200000 cmp=com.halfbrick.fruitninja/com.inject.InjectActivity} from uid 2000 on display 0
I/ActivityManager(  811): Start proc 24777:com.halfbrick.fruitninja/u0a190 for activity com.halfbrick.fruitninja/com.inject.InjectActivity
I/ActivityManager(  811): Displayed com.halfbrick.fruitninja/com.inject.InjectActivity: +183ms (total +1s782ms)
V/ActivityManager(  811): Display changed displayId=0
I/ActivityManager(  811): Config changes=480 {1.0 ?mcc?mnc en_US ldltr sw411dp w689dp h386dp 560dpi nrml land finger -keyb/v/h -nav/h s.340}
I/ActivityManager(  811): START u0 {act=android.intent.action.MAIN cat=[android.intent.category.LAUNCHER] flg=0x10000000 cmp=com.halfbrick.fruitninja/.FruitNinjaActivity} from uid 10190 on display 0
I/ActivityManager(  811): START u0 {act=android.intent.action.MAIN cat=[android.intent.category.LAUNCHER] flg=0x10000000 cmp=com.halfbrick.fruitninja/.FruitNinjaActivity} from uid 10190 on display 0
W/ActivityManager(  811): Duplicate finish request for ActivityRecord{380dc30c u0 com.halfbrick.fruitninja/com.inject.InjectActivity t577 f}
I/ActivityManager(  811): Force stopping com.halfbrick.fruitninja appid=10190 user=0: from pid 24809
I/ActivityManager(  811): Killing 24777:com.halfbrick.fruitninja/u0a190 (adj 0): stop com.halfbrick.fruitninja
I/ActivityManager(  811):   Force finishing activity 3 ActivityRecord{2af0a679 u0 com.halfbrick.fruitninja/.FruitNinjaActivity t577}
I/ActivityManager(  811): Config changes=480 {1.0 ?mcc?mnc en_US ldltr sw411dp w411dp h658dp 560dpi nrml port finger -keyb/v/h -nav/h s.341}
V/ActivityManager(  811): Display changed displayId=0
W/ActivityManager(  811): Spurious death for ProcessRecord{1566de58 24777:com.halfbrick.fruitninja/u0a190}, curProc for 24777: null
W/PackageManager( 1050): Failure retrieving resources for com.halfbrick.fruitninja: Resource ID #0x0
I/ActivityManager(  811): START u0 {act=android.intent.action.MAIN cat=[android.intent.category.LAUNCHER] flg=0x10200000 cmp=com.halfbrick.fruitninja/com.inject.InjectActivity} from uid 2000 on display 0
I/ActivityManager(  811): Start proc 24836:com.halfbrick.fruitninja/u0a190 for activity com.halfbrick.fruitninja/com.inject.InjectActivity
I/ActivityManager(  811): Displayed com.halfbrick.fruitninja/com.inject.InjectActivity: +177ms (total +1s769ms)
V/ActivityManager(  811): Display changed displayId=0
I/ActivityManager(  811): Config changes=480 {1.0 ?mcc?mnc en_US ldltr sw411dp w689dp h386dp 560dpi nrml land finger -keyb/v/h -nav/h s.342}
I/ActivityManager(  811): START u0 {act=android.intent.action.MAIN cat=[android.intent.category.LAUNCHER] flg=0x10000000 cmp=com.halfbrick.fruitninja/.FruitNinjaActivity} from uid 10190 on display 0
I/ActivityManager(  811): START u0 {act=android.intent.action.MAIN cat=[android.intent.category.LAUNCHER] flg=0x10000000 cmp=com.halfbrick.fruitninja/.FruitNinjaActivity} from uid 10190 on display 0
W/ActivityManager(  811): Duplicate finish request for ActivityRecord{790570f u0 com.halfbrick.fruitninja/com.inject.InjectActivity t578 f}
I/ActivityManager(  811): Force stopping com.halfbrick.fruitninja appid=10190 user=0: from pid 24867
I/ActivityManager(  811): Killing 24836:com.halfbrick.fruitninja/u0a190 (adj 0): stop com.halfbrick.fruitninja
I/ActivityManager(  811):   Force finishing activity 3 ActivityRecord{1da2c6c9 u0 com.halfbrick.fruitninja/.FruitNinjaActivity t578}
I/ActivityManager(  811): Config changes=480 {1.0 ?mcc?mnc en_US ldltr sw411dp w411dp h658dp 560dpi nrml port finger -keyb/v/h -nav/h s.343}
V/ActivityManager(  811): Display changed displayId=0
W/ActivityManager(  811): Spurious death for ProcessRecord{33eb6fe8 24836:com.halfbrick.fruitninja/u0a190}, curProc for 24836: null
W/PackageManager( 1050): Failure retrieving resources for com.halfbrick.fruitninja: Resource ID #0x0
I/ActivityManager(  811): START u0 {act=android.intent.action.MAIN cat=[android.intent.category.LAUNCHER] flg=0x10200000 cmp=com.halfbrick.fruitninja/com.inject.InjectActivity} from uid 2000 on display 0
I/ActivityManager(  811): Start proc 24894:com.halfbrick.fruitninja/u0a190 for activity com.halfbrick.fruitninja/com.inject.InjectActivity
I/ActivityManager(  811): Displayed com.halfbrick.fruitninja/com.inject.InjectActivity: +245ms (total +1s872ms)
V/ActivityManager(  811): Display changed displayId=0
I/ActivityManager(  811): Config changes=480 {1.0 ?mcc?mnc en_US ldltr sw411dp w689dp h386dp 560dpi nrml land finger -keyb/v/h -nav/h s.344}
I/ActivityManager(  811): START u0 {act=android.intent.action.MAIN cat=[android.intent.category.LAUNCHER] flg=0x10000000 cmp=com.halfbrick.fruitninja/.FruitNinjaActivity} from uid 10190 on display 0
I/ActivityManager(  811): START u0 {act=android.intent.action.MAIN cat=[android.intent.category.LAUNCHER] flg=0x10000000 cmp=com.halfbrick.fruitninja/.FruitNinjaActivity} from uid 10190 on display 0
W/ActivityManager(  811): Duplicate finish request for ActivityRecord{11f18bdf u0 com.halfbrick.fruitninja/com.inject.InjectActivity t579 f}
I/ActivityManager(  811): Force stopping com.halfbrick.fruitninja appid=10190 user=0: from pid 24924
I/ActivityManager(  811): Killing 24894:com.halfbrick.fruitninja/u0a190 (adj 0): stop com.halfbrick.fruitninja
I/ActivityManager(  811):   Force finishing activity 3 ActivityRecord{301fd260 u0 com.halfbrick.fruitninja/.FruitNinjaActivity t579}
I/ActivityManager(  811): Config changes=480 {1.0 ?mcc?mnc en_US ldltr sw411dp w411dp h658dp 560dpi nrml port finger -keyb/v/h -nav/h s.345}
V/ActivityManager(  811): Display changed displayId=0
W/ActivityManager(  811): Spurious death for ProcessRecord{2e619edb 24894:com.halfbrick.fruitninja/u0a190}, curProc for 24894: null
W/PackageManager( 1050): Failure retrieving resources for com.halfbrick.fruitninja: Resource ID #0x0
I/ActivityManager(  811): START u0 {act=android.intent.action.MAIN cat=[android.intent.category.LAUNCHER] flg=0x10200000 cmp=com.halfbrick.fruitninja/com.inject.InjectActivity} from uid 2000 on display 0
I/ActivityManager(  811): Start proc 24952:com.halfbrick.fruitninja/u0a190 for activity com.halfbrick.fruitninja/com.inject.InjectActivity
V/ActivityManager(  811): Display changed displayId=0
I/ActivityManager(  811): Config changes=480 {1.0 ?mcc?mnc en_US ldltr sw411dp w689dp h386dp 560dpi nrml land finger -keyb/v/h -nav/h s.346}
I/ActivityManager(  811): Displayed com.halfbrick.fruitninja/com.inject.InjectActivity: +539ms (total +2s244ms)
I/ActivityManager(  811): START u0 {act=android.intent.action.MAIN cat=[android.intent.category.LAUNCHER] flg=0x10000000 cmp=com.halfbrick.fruitninja/.FruitNinjaActivity} from uid 10190 on display 0
I/ActivityManager(  811): START u0 {act=android.intent.action.MAIN cat=[android.intent.category.LAUNCHER] flg=0x10000000 cmp=com.halfbrick.fruitninja/.FruitNinjaActivity} from uid 10190 on display 0
W/ActivityManager(  811): Duplicate finish request for ActivityRecord{19d93c8e u0 com.halfbrick.fruitninja/com.inject.InjectActivity t580 f}
I/ActivityManager(  811): START u0 {act=android.intent.action.MAIN cat=[android.intent.category.LAUNCHER] flg=0x10000000 cmp=com.halfbrick.fruitninja/.FruitNinjaActivity} from uid 10190 on display 0
W/ActivityManager(  811): Duplicate finish request for ActivityRecord{19d93c8e u0 com.halfbrick.fruitninja/com.inject.InjectActivity t580 f}
I/ActivityManager(  811): Force stopping com.halfbrick.fruitninja appid=10190 user=0: from pid 24985
I/ActivityManager(  811): Killing 24952:com.halfbrick.fruitninja/u0a190 (adj 0): stop com.halfbrick.fruitninja
I/ActivityManager(  811):   Force finishing activity 3 ActivityRecord{1fde3233 u0 com.halfbrick.fruitninja/.FruitNinjaActivity t580}
I/ActivityManager(  811): Config changes=480 {1.0 ?mcc?mnc en_US ldltr sw411dp w411dp h658dp 560dpi nrml port finger -keyb/v/h -nav/h s.347}
W/ActivityManager(  811): Spurious death for ProcessRecord{983b4ab 24952:com.halfbrick.fruitninja/u0a190}, curProc for 24952: null
V/ActivityManager(  811): Display changed displayId=0
W/PackageManager( 1050): Failure retrieving resources for com.halfbrick.fruitninja: Resource ID #0x0
I/ActivityManager(  811): Force stopping com.halfbrick.fruitninja appid=10190 user=-1: uninstall pkg
I/ActivityManager(  811): Force stopping com.halfbrick.fruitninja appid=10190 user=0: pkg removed
I/ActivityManager(  811): Delay finish: com.android.keychain/.KeyChainBroadcastReceiver
I/ActivityManager(  811): Resuming delayed broadcast
W/ActivityManager(  811): getRunningAppProcesses: caller 10093 does not hold REAL_GET_TASKS; limiting output
I/ActivityManager(  811): Start proc 25051:com.google.android.gms.unstable/u0a14 for service com.google.android.gms/.droidguard.DroidGuardService
I/PackageManager(  811): Verification timed out for file:///data/local/tmp/77bf197dc85f46586e0b1ca02a4196f4.apk
I/PackageManager(  811): Continuing with installation of file:///data/local/tmp/77bf197dc85f46586e0b1ca02a4196f4.apk
D/PackageManager(  811): Renaming /data/app/vmdl375146238.tmp to /data/app/com.halfbrick.fruitninja-1
I/PackageManager(  811): Running dexopt on: /data/app/com.halfbrick.fruitninja-1/base.apk pkg=com.halfbrick.fruitninja isa=arm vmSafeMode=false
W/PackageManager(  811): Invalid verification token 96 received
I/ActivityManager(  811): Start proc 25110:com.google.android.talk/u0a20 for broadcast com.google.android.talk/com.google.android.apps.hangouts.phone.PackageReplacedReceiver
I/ActivityManager(  811): START u0 {act=android.intent.action.MAIN cat=[android.intent.category.LAUNCHER] flg=0x10200000 cmp=com.halfbrick.fruitninja/com.halfbrick.mortar.MortarGameActivity} from uid 2000 on display 0
I/ActivityManager(  811): Start proc 25127:com.halfbrick.fruitninja/u0a191 for activity com.halfbrick.fruitninja/com.halfbrick.mortar.MortarGameActivity
I/ActivityManager(  811): Config changes=480 {1.0 ?mcc?mnc en_US ldltr sw411dp w689dp h386dp 560dpi nrml land finger -keyb/v/h -nav/h s.348}
V/ActivityManager(  811): Display changed displayId=0
I/ActivityManager(  811): Activity reported stop, but no longer stopping: ActivityRecord{30cad73 u0 com.google.android.googlequicksearchbox/com.google.android.launcher.GEL t1}
I/ActivityManager(  811): Displayed com.halfbrick.fruitninja/com.halfbrick.mortar.MortarGameActivity: +1s375ms (total +28s449ms)
I/ActivityManager(  811): Force stopping com.halfbrick.fruitninja appid=10191 user=0: from pid 25188
I/ActivityManager(  811): Killing 25127:com.halfbrick.fruitninja/u0a191 (adj 0): stop com.halfbrick.fruitninja
W/ActivityManager(  811): Force removing ActivityRecord{8a04881 u0 com.halfbrick.fruitninja/com.halfbrick.mortar.MortarGameActivity t581}: app died, no saved state
I/ActivityManager(  811): Config changes=480 {1.0 ?mcc?mnc en_US ldltr sw411dp w411dp h658dp 560dpi nrml port finger -keyb/v/h -nav/h s.349}
